Archive member included to satisfy reference by file (symbol)

/opt/homebrew/Cellar/arm-none-eabi-gcc/10.3-2021.07/gcc/bin/../lib/gcc/arm-none-eabi/10.3.1/thumb/v6-m/nofp/libgcc.a(_dvmd_tls.o)
                              CMakeFiles/pico_w_webserver.dir/Users/loicpwlk/Documents/Code/Rpi-pico/pico-sdk/src/rp2_common/pico_divider/divider.S.obj (__aeabi_idiv0)
/opt/homebrew/Cellar/arm-none-eabi-gcc/10.3-2021.07/gcc/bin/../lib/gcc/arm-none-eabi/10.3.1/../../../../arm-none-eabi/lib/thumb/v6-m/nofp/libc.a(lib_a-atoi.o)
                              CMakeFiles/pico_w_webserver.dir/Users/loicpwlk/Documents/Code/Rpi-pico/pico-sdk/lib/lwip/src/core/netif.c.obj (atoi)
/opt/homebrew/Cellar/arm-none-eabi-gcc/10.3-2021.07/gcc/bin/../lib/gcc/arm-none-eabi/10.3.1/../../../../arm-none-eabi/lib/thumb/v6-m/nofp/libc.a(lib_a-calloc.o)
                              CMakeFiles/pico_w_webserver.dir/Users/loicpwlk/Documents/Code/Rpi-pico/pico-sdk/src/rp2_common/pico_malloc/pico_malloc.c.obj (calloc)
/opt/homebrew/Cellar/arm-none-eabi-gcc/10.3-2021.07/gcc/bin/../lib/gcc/arm-none-eabi/10.3.1/../../../../arm-none-eabi/lib/thumb/v6-m/nofp/libc.a(lib_a-callocr.o)
                              /opt/homebrew/Cellar/arm-none-eabi-gcc/10.3-2021.07/gcc/bin/../lib/gcc/arm-none-eabi/10.3.1/../../../../arm-none-eabi/lib/thumb/v6-m/nofp/libc.a(lib_a-calloc.o) (_calloc_r)
/opt/homebrew/Cellar/arm-none-eabi-gcc/10.3-2021.07/gcc/bin/../lib/gcc/arm-none-eabi/10.3.1/../../../../arm-none-eabi/lib/thumb/v6-m/nofp/libc.a(lib_a-ctype_.o)
                              CMakeFiles/pico_w_webserver.dir/Users/loicpwlk/Documents/Code/Rpi-pico/pico-sdk/lib/lwip/src/core/dns.c.obj (_ctype_)
/opt/homebrew/Cellar/arm-none-eabi-gcc/10.3-2021.07/gcc/bin/../lib/gcc/arm-none-eabi/10.3.1/../../../../arm-none-eabi/lib/thumb/v6-m/nofp/libc.a(lib_a-errno.o)
                              /opt/homebrew/Cellar/arm-none-eabi-gcc/10.3-2021.07/gcc/bin/../lib/gcc/arm-none-eabi/10.3.1/../../../../arm-none-eabi/lib/thumb/v6-m/nofp/libc.a(lib_a-callocr.o) (__errno)
/opt/homebrew/Cellar/arm-none-eabi-gcc/10.3-2021.07/gcc/bin/../lib/gcc/arm-none-eabi/10.3.1/../../../../arm-none-eabi/lib/thumb/v6-m/nofp/libc.a(lib_a-impure.o)
                              /opt/homebrew/Cellar/arm-none-eabi-gcc/10.3-2021.07/gcc/bin/../lib/gcc/arm-none-eabi/10.3.1/../../../../arm-none-eabi/lib/thumb/v6-m/nofp/libc.a(lib_a-calloc.o) (_impure_ptr)
/opt/homebrew/Cellar/arm-none-eabi-gcc/10.3-2021.07/gcc/bin/../lib/gcc/arm-none-eabi/10.3.1/../../../../arm-none-eabi/lib/thumb/v6-m/nofp/libc.a(lib_a-init.o)
                              /opt/homebrew/Cellar/arm-none-eabi-gcc/10.3-2021.07/gcc/bin/../lib/gcc/arm-none-eabi/10.3.1/../../../../arm-none-eabi/lib/thumb/v6-m/nofp/crt0.o (__libc_init_array)
/opt/homebrew/Cellar/arm-none-eabi-gcc/10.3-2021.07/gcc/bin/../lib/gcc/arm-none-eabi/10.3.1/../../../../arm-none-eabi/lib/thumb/v6-m/nofp/libc.a(lib_a-malloc.o)
                              CMakeFiles/pico_w_webserver.dir/Users/loicpwlk/Documents/Code/Rpi-pico/pico-sdk/src/rp2_common/pico_malloc/pico_malloc.c.obj (malloc)
/opt/homebrew/Cellar/arm-none-eabi-gcc/10.3-2021.07/gcc/bin/../lib/gcc/arm-none-eabi/10.3.1/../../../../arm-none-eabi/lib/thumb/v6-m/nofp/libc.a(lib_a-mallocr.o)
                              /opt/homebrew/Cellar/arm-none-eabi-gcc/10.3-2021.07/gcc/bin/../lib/gcc/arm-none-eabi/10.3.1/../../../../arm-none-eabi/lib/thumb/v6-m/nofp/libc.a(lib_a-callocr.o) (_malloc_r)
/opt/homebrew/Cellar/arm-none-eabi-gcc/10.3-2021.07/gcc/bin/../lib/gcc/arm-none-eabi/10.3.1/../../../../arm-none-eabi/lib/thumb/v6-m/nofp/libc.a(lib_a-memcmp.o)
                              CMakeFiles/pico_w_webserver.dir/Users/loicpwlk/Documents/Code/Rpi-pico/pico-sdk/lib/lwip/src/netif/ethernet.c.obj (memcmp)
/opt/homebrew/Cellar/arm-none-eabi-gcc/10.3-2021.07/gcc/bin/../lib/gcc/arm-none-eabi/10.3.1/../../../../arm-none-eabi/lib/thumb/v6-m/nofp/libc.a(lib_a-memmove.o)
                              CMakeFiles/pico_w_webserver.dir/Users/loicpwlk/Documents/Code/Rpi-pico/pico-sdk/lib/lwip/src/core/def.c.obj (memmove)
/opt/homebrew/Cellar/arm-none-eabi-gcc/10.3-2021.07/gcc/bin/../lib/gcc/arm-none-eabi/10.3.1/../../../../arm-none-eabi/lib/thumb/v6-m/nofp/libc.a(lib_a-mlock.o)
                              /opt/homebrew/Cellar/arm-none-eabi-gcc/10.3-2021.07/gcc/bin/../lib/gcc/arm-none-eabi/10.3.1/../../../../arm-none-eabi/lib/thumb/v6-m/nofp/libc.a(lib_a-mallocr.o) (__malloc_lock)
/opt/homebrew/Cellar/arm-none-eabi-gcc/10.3-2021.07/gcc/bin/../lib/gcc/arm-none-eabi/10.3.1/../../../../arm-none-eabi/lib/thumb/v6-m/nofp/libc.a(lib_a-realloc.o)
                              CMakeFiles/pico_w_webserver.dir/Users/loicpwlk/Documents/Code/Rpi-pico/pico-sdk/src/rp2_common/pico_malloc/pico_malloc.c.obj (realloc)
/opt/homebrew/Cellar/arm-none-eabi-gcc/10.3-2021.07/gcc/bin/../lib/gcc/arm-none-eabi/10.3.1/../../../../arm-none-eabi/lib/thumb/v6-m/nofp/libc.a(lib_a-reallocr.o)
[...]
Memory Configuration

Name             Origin             Length             Attributes
FLASH            0x0000000010000000 0x0000000000200000 xr
RAM              0x0000000020000000 0x0000000000040000 xrw
SCRATCH_X        0x0000000020040000 0x0000000000001000 xrw
SCRATCH_Y        0x0000000020041000 0x0000000000001000 xrw
*default*        0x0000000000000000 0xffffffffffffffff

Linker script and memory map

LOAD /opt/homebrew/Cellar/arm-none-eabi-gcc/10.3-2021.07/gcc/bin/../lib/gcc/arm-none-eabi/10.3.1/thumb/v6-m/nofp/crti.o
LOAD /opt/homebrew/Cellar/arm-none-eabi-gcc/10.3-2021.07/gcc/bin/../lib/gcc/arm-none-eabi/10.3.1/thumb/v6-m/nofp/crtbegin.o
LOAD /opt/homebrew/Cellar/arm-none-eabi-gcc/10.3-2021.07/gcc/bin/../lib/gcc/arm-none-eabi/10.3.1/../../../../arm-none-eabi/lib/thumb/v6-m/nofp/crt0.o

.flash_begin    0x0000000010000000        0x0
                0x0000000010000000                __flash_binary_start = .

.boot2          0x0000000010000000      0x100
                0x0000000010000000                __boot2_start__ = .
 *(.boot2)
 .boot2         0x0000000010000000      0x100 /var/folders/zd/xbpf8m591lbbtdhlym5qqrv40000gn/T//cco8FbBu.o
                0x0000000010000100                __boot2_end__ = .
                0x0000000000000001                ASSERT (((__boot2_end__ - __boot2_start__) == 0x100), ERROR: Pico second stage bootloader must be 256 bytes in size)

.text           0x0000000010000100    0x19118
                0x0000000010000100                __logical_binary_start = .
 *(.vectors)
 .vectors       0x0000000010000100       0xd4 CMakeFiles/pico_w_webserver.dir/Users/loicpwlk/Documents/Code/Rpi-pico/pico-sdk/src/rp2_common/pico_standard_link/crt0.S.obj
                0x0000000010000100                __VECTOR_TABLE
                0x0000000010000100                __vectors
                0x00000000100001c0                __default_isrs_start
                0x00000000100001c0                isr_invalid
                0x00000000100001c2                isr_nmi
                0x00000000100001c4                isr_hardfault
                0x00000000100001c6                isr_svcall
                0x00000000100001c8                isr_pendsv
                0x00000000100001ca                isr_systick
                0x00000000100001cc                isr_irq28
                0x00000000100001cc                isr_irq19
                0x00000000100001cc                isr_irq0
                0x00000000100001cc                isr_irq6
                0x00000000100001cc                isr_irq22
                0x00000000100001cc                isr_irq17
                0x00000000100001cc                isr_irq14
                0x00000000100001cc                isr_irq2
                0x00000000100001cc                isr_irq10
                0x00000000100001cc                isr_irq8
                0x00000000100001cc                isr_irq24
                0x00000000100001cc                isr_irq1
                0x00000000100001cc                isr_irq7
                0x00000000100001cc                isr_irq21
                0x00000000100001cc                isr_irq20
                0x00000000100001cc                isr_irq15
                0x00000000100001cc                isr_irq25
                0x00000000100001cc                isr_irq4
                0x00000000100001cc                isr_irq16
                0x00000000100001cc                isr_irq29
                0x00000000100001cc                isr_irq26
                0x00000000100001cc                __default_isrs_end
                0x00000000100001cc                isr_irq3
                0x00000000100001cc                isr_irq9
                0x00000000100001cc                __unhandled_user_irq
                0x00000000100001cc                isr_irq13
                0x00000000100001cc                isr_irq27
                0x00000000100001cc                isr_irq31
                0x00000000100001cc                isr_irq5
                0x00000000100001cc                isr_irq11
                0x00000000100001cc                isr_irq23
                0x00000000100001cc                isr_irq18
                0x00000000100001cc                isr_irq30
                0x00000000100001cc                isr_irq12
                0x00000000100001d2                unhandled_user_irq_num_in_r0
 *(.binary_info_header)
 .binary_info_header
                0x00000000100001d4       0x14 CMakeFiles/pico_w_webserver.dir/Users/loicpwlk/Documents/Code/Rpi-pico/pico-sdk/src/rp2_common/pico_standard_link/crt0.S.obj
                0x00000000100001e8                __binary_info_header_end = .
 *(.reset)
 .reset         0x00000000100001e8       0xa0 CMakeFiles/pico_w_webserver.dir/Users/loicpwlk/Documents/Code/Rpi-pico/pico-sdk/src/rp2_common/pico_standard_link/crt0.S.obj
                0x00000000100001e8                _entry_point
 .reset         0x0000000010000288       0x30 CMakeFiles/pico_w_webserver.dir/Users/loicpwlk/Documents/Code/Rpi-pico/pico-sdk/src/rp2_common/pico_standard_link/binary_info.c.obj
 *(.init)
 .init          0x00000000100002b8        0x4 /opt/homebrew/Cellar/arm-none-eabi-gcc/10.3-2021.07/gcc/bin/../lib/gcc/arm-none-eabi/10.3.1/thumb/v6-m/nofp/crti.o
                0x00000000100002b8                _init
 *(EXCLUDE_FILE(*libm.a: *libc.a:*lib_a-mem*.o *libgcc.a:) .text*)
 .text          0x00000000100002bc       0x48 /opt/homebrew/Cellar/arm-none-eabi-gcc/10.3-2021.07/gcc/bin/../lib/gcc/arm-none-eabi/10.3.1/thumb/v6-m/nofp/crtbegin.o
 .text.ssi_handler
                0x0000000010000304       0xe4 CMakeFiles/pico_w_webserver.dir/main.c.obj
                0x0000000010000304                ssi_handler
 .text.cgi_led_handler
                0x00000000100003e8       0x44 CMakeFiles/pico_w_webserver.dir/main.c.obj
                0x00000000100003e8                cgi_led_handler
 .text.ssi_init
                0x000000001000042c       0x40 CMakeFiles/pico_w_webserver.dir/main.c.obj
                0x000000001000042c                ssi_init
 .text.startup.main
                0x000000001000046c       0x80 CMakeFiles/pico_w_webserver.dir/main.c.obj
                0x000000001000046c                main
 .text.lwip_timeout_reached
                0x00000000100004ec        0x8 CMakeFiles/pico_w_webserver.dir/Users/loicpwlk/Documents/Code/Rpi-pico/pico-sdk/src/rp2_common/pico_lwip/lwip_nosys.c.obj
 .text.update_next_timeout
                0x00000000100004f4       0x6c CMakeFiles/pico_w_webserver.dir/Users/loicpwlk/Documents/Code/Rpi-pico/pico-sdk/src/rp2_common/pico_lwip/lwip_nosys.c.obj
 .text.lwip_nosys_init
                0x0000000010000560       0x30 CMakeFiles/pico_w_webserver.dir/Users/loicpwlk/Documents/Code/Rpi-pico/pico-sdk/src/rp2_common/pico_lwip/lwip_nosys.c.obj
                0x0000000010000560                lwip_nosys_init
 .text.lwip_nosys_deinit
                0x0000000010000590       0x20 CMakeFiles/pico_w_webserver.dir/Users/loicpwlk/Documents/Code/Rpi-pico/pico-sdk/src/rp2_common/pico_lwip/lwip_nosys.c.obj
                0x0000000010000590                lwip_nosys_deinit
 .text.sys_arch_protect
                0x00000000100005b0        0x4 CMakeFiles/pico_w_webserver.dir/Users/loicpwlk/Documents/Code/Rpi-pico/pico-sdk/src/rp2_common/pico_lwip/lwip_nosys.c.obj
                0x00000000100005b0                sys_arch_protect
 .text.sys_arch_unprotect
                0x00000000100005b4        0x4 CMakeFiles/pico_w_webserver.dir/Users/loicpwlk/Documents/Code/Rpi-pico/pico-sdk/src/rp2_common/pico_lwip/lwip_nosys.c.obj
                0x00000000100005b4                sys_arch_unprotect
 .text.sys_now  0x00000000100005b8       0x20 CMakeFiles/pico_w_webserver.dir/Users/loicpwlk/Documents/Code/Rpi-pico/pico-sdk/src/rp2_common/pico_lwip/lwip_nosys.c.obj
                0x00000000100005b8                sys_now
 .text.async_context_base_add_at_time_worker
                0x00000000100005d8       0x28 CMakeFiles/pico_w_webserver.dir/Users/loicpwlk/Documents/Code/Rpi-pico/pico-sdk/src/rp2_common/pico_async_context/async_context_base.c.obj
                0x00000000100005d8                async_context_base_add_at_time_worker
 .text.async_context_base_remove_at_time_worker
                0x0000000010000600       0x28 CMakeFiles/pico_w_webserver.dir/Users/loicpwlk/Documents/Code/Rpi-pico/pico-sdk/src/rp2_common/pico_async_context/async_context_base.c.obj
                0x0000000010000600                async_context_base_remove_at_time_worker
 .text.async_context_base_add_when_pending_worker
                0x0000000010000628       0x24 CMakeFiles/pico_w_webserver.dir/Users/loicpwlk/Documents/Code/Rpi-pico/pico-sdk/src/rp2_common/pico_async_context/async_context_base.c.obj
                0x0000000010000628                async_context_base_add_when_pending_worker
 .text.async_context_base_remove_when_pending_worker
                0x000000001000064c       0x28 CMakeFiles/pico_w_webserver.dir/Users/loicpwlk/Documents/Code/Rpi-pico/pico-sdk/src/rp2_common/pico_async_context/async_context_base.c.obj
                0x000000001000064c                async_context_base_remove_when_pending_worker
 .text.async_context_base_execute_once
                0x0000000010000674       0xe8 CMakeFiles/pico_w_webserver.dir/Users/loicpwlk/Documents/Code/Rpi-pico/pico-sdk/src/rp2_common/pico_async_context/async_context_base.c.obj
                0x0000000010000674                async_context_base_execute_once
 .text.running_on_fpga
                0x000000001000075c       0x10 CMakeFiles/pico_w_webserver.dir/Users/loicpwlk/Documents/Code/Rpi-pico/pico-sdk/src/rp2_common/pico_platform/platform.c.obj
                0x000000001000075c                running_on_fpga
 .text.splitmix64
                0x000000001000076c       0x5c CMakeFiles/pico_w_webserver.dir/Users/loicpwlk/Documents/Code/Rpi-pico/pico-sdk/src/rp2_common/pico_rand/rand.c.obj
 .text.xoroshiro128ss
                0x00000000100007c8       0x90 CMakeFiles/pico_w_webserver.dir/Users/loicpwlk/Documents/Code/Rpi-pico/pico-sdk/src/rp2_common/pico_rand/rand.c.obj
 .text.get_rand_64
                0x0000000010000858      0x484 CMakeFiles/pico_w_webserver.dir/Users/loicpwlk/Documents/Code/Rpi-pico/pico-sdk/src/rp2_common/pico_rand/rand.c.obj
                0x0000000010000858                get_rand_64
 .text.get_rand_32
                0x0000000010000cdc        0x8 CMakeFiles/pico_w_webserver.dir/Users/loicpwlk/Documents/Code/Rpi-pico/pico-sdk/src/rp2_common/pico_rand/rand.c.obj
                0x0000000010000cdc                get_rand_32
 .text.startup._retrieve_unique_id_on_boot
                0x0000000010000ce4       0x10 CMakeFiles/pico_w_webserver.dir/Users/loicpwlk/Documents/Code/Rpi-pico/pico-sdk/src/rp2_common/pico_unique_id/unique_id.c.obj
 .text.pico_get_unique_board_id
                0x0000000010000cf4       0x10 CMakeFiles/pico_w_webserver.dir/Users/loicpwlk/Documents/Code/Rpi-pico/pico-sdk/src/rp2_common/pico_unique_id/unique_id.c.obj
                0x0000000010000cf4                pico_get_unique_board_id
 .text.pico_get_unique_board_id_string
                0x0000000010000d04      0x1a8 CMakeFiles/pico_w_webserver.dir/Users/loicpwlk/Documents/Code/Rpi-pico/pico-sdk/src/rp2_common/pico_unique_id/unique_id.c.obj
                0x0000000010000d04                pico_get_unique_board_id_string
 .text.flash_get_unique_id
                0x0000000010000eac       0x40 CMakeFiles/pico_w_webserver.dir/Users/loicpwlk/Documents/Code/Rpi-pico/pico-sdk/src/rp2_common/hardware_flash/flash.c.obj
                0x0000000010000eac                flash_get_unique_id
 .text.hw_claim_lock
                0x0000000010000eec       0x18 CMakeFiles/pico_w_webserver.dir/Users/loicpwlk/Documents/Code/Rpi-pico/pico-sdk/src/rp2_common/hardware_claim/claim.c.obj
                0x0000000010000eec                hw_claim_lock
 .text.hw_claim_unlock
                0x0000000010000f04       0x14 CMakeFiles/pico_w_webserver.dir/Users/loicpwlk/Documents/Code/Rpi-pico/pico-sdk/src/rp2_common/hardware_claim/claim.c.obj
                0x0000000010000f04                hw_claim_unlock
 .text.hw_claim_or_assert
                0x0000000010000f18       0x44 CMakeFiles/pico_w_webserver.dir/Users/loicpwlk/Documents/Code/Rpi-pico/pico-sdk/src/rp2_common/hardware_claim/claim.c.obj
                0x0000000010000f18                hw_claim_or_assert
 .text.hw_claim_unused_from_range
                0x0000000010000f5c       0x9c CMakeFiles/pico_w_webserver.dir/Users/loicpwlk/Documents/Code/Rpi-pico/pico-sdk/src/rp2_common/hardware_claim/claim.c.obj
                0x0000000010000f5c                hw_claim_unused_from_range
 .text.hw_claim_clear
                0x0000000010000ff8       0x38 CMakeFiles/pico_w_webserver.dir/Users/loicpwlk/Documents/Code/Rpi-pico/pico-sdk/src/rp2_common/hardware_claim/claim.c.obj
                0x0000000010000ff8                hw_claim_clear
 .text.spin_locks_reset
                0x0000000010001030       0x1c CMakeFiles/pico_w_webserver.dir/Users/loicpwlk/Documents/Code/Rpi-pico/pico-sdk/src/rp2_common/hardware_sync/sync.c.obj
                0x0000000010001030                spin_locks_reset
 .text.next_striped_spin_lock_num
                0x000000001000104c       0x18 CMakeFiles/pico_w_webserver.dir/Users/loicpwlk/Documents/Code/Rpi-pico/pico-sdk/src/rp2_common/hardware_sync/sync.c.obj
                0x000000001000104c                next_striped_spin_lock_num
 .text.spin_lock_claim_unused
                0x0000000010001064       0x20 CMakeFiles/pico_w_webserver.dir/Users/loicpwlk/Documents/Code/Rpi-pico/pico-sdk/src/rp2_common/hardware_sync/sync.c.obj
                0x0000000010001064                spin_lock_claim_unused
 .text.rom_func_lookup
                0x0000000010001084       0x10 CMakeFiles/pico_w_webserver.dir/Users/loicpwlk/Documents/Code/Rpi-pico/pico-sdk/src/rp2_common/pico_bootrom/bootrom.c.obj
                0x0000000010001084                rom_func_lookup
 .text.rom_data_lookup
                0x0000000010001094       0x10 CMakeFiles/pico_w_webserver.dir/Users/loicpwlk/Documents/Code/Rpi-pico/pico-sdk/src/rp2_common/pico_bootrom/bootrom.c.obj
                0x0000000010001094                rom_data_lookup
 .text.rom_funcs_lookup
                0x00000000100010a4       0x44 CMakeFiles/pico_w_webserver.dir/Users/loicpwlk/Documents/Code/Rpi-pico/pico-sdk/src/rp2_common/pico_bootrom/bootrom.c.obj
                0x00000000100010a4                rom_funcs_lookup
 .text.clocks_init
                0x00000000100010e8      0x2bc CMakeFiles/pico_w_webserver.dir/Users/loicpwlk/Documents/Code/Rpi-pico/pico-sdk/src/rp2_common/hardware_clocks/clocks.c.obj
                0x00000000100010e8                clocks_init
 .text.clock_get_hz
                0x00000000100013a4        0xc CMakeFiles/pico_w_webserver.dir/Users/loicpwlk/Documents/Code/Rpi-pico/pico-sdk/src/rp2_common/hardware_clocks/clocks.c.obj
                0x00000000100013a4                clock_get_hz
 .text.gpio_set_function
                0x00000000100013b0       0x30 CMakeFiles/pico_w_webserver.dir/Users/loicpwlk/Documents/Code/Rpi-pico/pico-sdk/src/rp2_common/hardware_gpio/gpio.c.obj
                0x00000000100013b0                gpio_set_function
 .text.gpio_set_pulls
                0x00000000100013e0       0x30 CMakeFiles/pico_w_webserver.dir/Users/loicpwlk/Documents/Code/Rpi-pico/pico-sdk/src/rp2_common/hardware_gpio/gpio.c.obj
                0x00000000100013e0                gpio_set_pulls
 .text.gpio_set_input_hysteresis_enabled
                0x0000000010001410       0x28 CMakeFiles/pico_w_webserver.dir/Users/loicpwlk/Documents/Code/Rpi-pico/pico-sdk/src/rp2_common/hardware_gpio/gpio.c.obj
                0x0000000010001410                gpio_set_input_hysteresis_enabled
 .text.gpio_set_irq_enabled
                0x0000000010001438       0x54 CMakeFiles/pico_w_webserver.dir/Users/loicpwlk/Documents/Code/Rpi-pico/pico-sdk/src/rp2_common/hardware_gpio/gpio.c.obj
                0x0000000010001438                gpio_set_irq_enabled
 .text.gpio_add_raw_irq_handler_with_order_priority_masked
                0x000000001000148c       0x44 CMakeFiles/pico_w_webserver.dir/Users/loicpwlk/Documents/Code/Rpi-pico/pico-sdk/src/rp2_common/hardware_gpio/gpio.c.obj
                0x000000001000148c                gpio_add_raw_irq_handler_with_order_priority_masked
 .text.gpio_remove_raw_irq_handler_masked
                0x00000000100014d0       0x20 CMakeFiles/pico_w_webserver.dir/Users/loicpwlk/Documents/Code/Rpi-pico/pico-sdk/src/rp2_common/hardware_gpio/gpio.c.obj
                0x00000000100014d0                gpio_remove_raw_irq_handler_masked
 .text.gpio_init
                0x00000000100014f0       0x3c CMakeFiles/pico_w_webserver.dir/Users/loicpwlk/Documents/Code/Rpi-pico/pico-sdk/src/rp2_common/hardware_gpio/gpio.c.obj
                0x00000000100014f0                gpio_init
 .text.irq_set_enabled
                0x000000001000152c       0x24 CMakeFiles/pico_w_webserver.dir/Users/loicpwlk/Documents/Code/Rpi-pico/pico-sdk/src/rp2_common/hardware_irq/irq.c.obj
                0x000000001000152c                irq_set_enabled
 .text.irq_set_pending
                0x0000000010001550       0x10 CMakeFiles/pico_w_webserver.dir/Users/loicpwlk/Documents/Code/Rpi-pico/pico-sdk/src/rp2_common/hardware_irq/irq.c.obj
                0x0000000010001550                irq_set_pending
 .text.irq_has_shared_handler
                0x0000000010001560       0x2c CMakeFiles/pico_w_webserver.dir/Users/loicpwlk/Documents/Code/Rpi-pico/pico-sdk/src/rp2_common/hardware_irq/irq.c.obj
                0x0000000010001560                irq_has_shared_handler
 .text.irq_get_vtable_handler
                0x000000001000158c       0x10 CMakeFiles/pico_w_webserver.dir/Users/loicpwlk/Documents/Code/Rpi-pico/pico-sdk/src/rp2_common/hardware_irq/irq.c.obj
                0x000000001000158c                irq_get_vtable_handler
 .text.irq_set_exclusive_handler
                0x000000001000159c       0x54 CMakeFiles/pico_w_webserver.dir/Users/loicpwlk/Documents/Code/Rpi-pico/pico-sdk/src/rp2_common/hardware_irq/irq.c.obj
                0x000000001000159c                irq_set_exclusive_handler
 .text.irq_add_shared_handler
                0x00000000100015f0      0x1e8 CMakeFiles/pico_w_webserver.dir/Users/loicpwlk/Documents/Code/Rpi-pico/pico-sdk/src/rp2_common/hardware_irq/irq.c.obj
                0x00000000100015f0                irq_add_shared_handler
 .text.irq_remove_handler
                0x00000000100017d8      0x1b0 CMakeFiles/pico_w_webserver.dir/Users/loicpwlk/Documents/Code/Rpi-pico/pico-sdk/src/rp2_common/hardware_irq/irq.c.obj
                0x00000000100017d8                irq_remove_handler
 .text.irq_set_priority
                0x0000000010001988       0x28 CMakeFiles/pico_w_webserver.dir/Users/loicpwlk/Documents/Code/Rpi-pico/pico-sdk/src/rp2_common/hardware_irq/irq.c.obj
                0x0000000010001988                irq_set_priority
 .text.irq_add_tail_to_free_list
                0x00000000100019b0       0xb4 CMakeFiles/pico_w_webserver.dir/Users/loicpwlk/Documents/Code/Rpi-pico/pico-sdk/src/rp2_common/hardware_irq/irq.c.obj
                0x00000000100019b0                irq_add_tail_to_free_list
 .text.irq_init_priorities
                0x0000000010001a64       0x24 CMakeFiles/pico_w_webserver.dir/Users/loicpwlk/Documents/Code/Rpi-pico/pico-sdk/src/rp2_common/hardware_irq/irq.c.obj
                0x0000000010001a64                irq_init_priorities
 .text.user_irq_unclaim
                0x0000000010001a88       0x14 CMakeFiles/pico_w_webserver.dir/Users/loicpwlk/Documents/Code/Rpi-pico/pico-sdk/src/rp2_common/hardware_irq/irq.c.obj
                0x0000000010001a88                user_irq_unclaim
 .text.user_irq_claim_unused
                0x0000000010001a9c       0x28 CMakeFiles/pico_w_webserver.dir/Users/loicpwlk/Documents/Code/Rpi-pico/pico-sdk/src/rp2_common/hardware_irq/irq.c.obj
                0x0000000010001a9c                user_irq_claim_unused
 .text.sem_init
                0x0000000010001ac4       0x20 CMakeFiles/pico_w_webserver.dir/Users/loicpwlk/Documents/Code/Rpi-pico/pico-sdk/src/common/pico_sync/sem.c.obj
                0x0000000010001ac4                sem_init
 .text.lock_init
                0x0000000010001ae4       0x10 CMakeFiles/pico_w_webserver.dir/Users/loicpwlk/Documents/Code/Rpi-pico/pico-sdk/src/common/pico_sync/lock_core.c.obj
                0x0000000010001ae4                lock_init
 .text.mutex_init
                0x0000000010001af4       0x1c CMakeFiles/pico_w_webserver.dir/Users/loicpwlk/Documents/Code/Rpi-pico/pico-sdk/src/common/pico_sync/mutex.c.obj
                0x0000000010001af4                mutex_init
 .text.recursive_mutex_init
                0x0000000010001b10       0x1c CMakeFiles/pico_w_webserver.dir/Users/loicpwlk/Documents/Code/Rpi-pico/pico-sdk/src/common/pico_sync/mutex.c.obj
                0x0000000010001b10                recursive_mutex_init
 .text.critical_section_init
                0x0000000010001b2c       0x20 CMakeFiles/pico_w_webserver.dir/Users/loicpwlk/Documents/Code/Rpi-pico/pico-sdk/src/common/pico_sync/critical_section.c.obj
                0x0000000010001b2c                critical_section_init
 .text.critical_section_init_with_lock_num
                0x0000000010001b4c       0x14 CMakeFiles/pico_w_webserver.dir/Users/loicpwlk/Documents/Code/Rpi-pico/pico-sdk/src/common/pico_sync/critical_section.c.obj
                0x0000000010001b4c                critical_section_init_with_lock_num
 .text.timer_pool_entry_comparator
                0x0000000010001b60       0x34 CMakeFiles/pico_w_webserver.dir/Users/loicpwlk/Documents/Code/Rpi-pico/pico-sdk/src/common/pico_time/time.c.obj
                0x0000000010001b60                timer_pool_entry_comparator
 .text.sleep_until_callback
                0x0000000010001b94       0x30 CMakeFiles/pico_w_webserver.dir/Users/loicpwlk/Documents/Code/Rpi-pico/pico-sdk/src/common/pico_time/time.c.obj
 .text.add_alarm_under_lock.isra.0
                0x0000000010001bc4      0x100 CMakeFiles/pico_w_webserver.dir/Users/loicpwlk/Documents/Code/Rpi-pico/pico-sdk/src/common/pico_time/time.c.obj
 .text.alarm_pool_alarm_callback
                0x0000000010001cc4      0x1b8 CMakeFiles/pico_w_webserver.dir/Users/loicpwlk/Documents/Code/Rpi-pico/pico-sdk/src/common/pico_time/time.c.obj
 .text.alarm_pool_init_default
                0x0000000010001e7c       0x6c CMakeFiles/pico_w_webserver.dir/Users/loicpwlk/Documents/Code/Rpi-pico/pico-sdk/src/common/pico_time/time.c.obj
                0x0000000010001e7c                alarm_pool_init_default
 .text.alarm_pool_get_default
                0x0000000010001ee8        0x8 CMakeFiles/pico_w_webserver.dir/Users/loicpwlk/Documents/Code/Rpi-pico/pico-sdk/src/common/pico_time/time.c.obj
                0x0000000010001ee8                alarm_pool_get_default
 .text.alarm_pool_add_alarm_at
                0x0000000010001ef0      0x17c CMakeFiles/pico_w_webserver.dir/Users/loicpwlk/Documents/Code/Rpi-pico/pico-sdk/src/common/pico_time/time.c.obj
                0x0000000010001ef0                alarm_pool_add_alarm_at
 .text.alarm_pool_cancel_alarm
                0x000000001000206c       0x74 CMakeFiles/pico_w_webserver.dir/Users/loicpwlk/Documents/Code/Rpi-pico/pico-sdk/src/common/pico_time/time.c.obj
                0x000000001000206c                alarm_pool_cancel_alarm
 .text.alarm_pool_core_num
                0x00000000100020e0        0x4 CMakeFiles/pico_w_webserver.dir/Users/loicpwlk/Documents/Code/Rpi-pico/pico-sdk/src/common/pico_time/time.c.obj
                0x00000000100020e0                alarm_pool_core_num
 .text.sleep_until
                0x00000000100020e4       0xc4 CMakeFiles/pico_w_webserver.dir/Users/loicpwlk/Documents/Code/Rpi-pico/pico-sdk/src/common/pico_time/time.c.obj
                0x00000000100020e4                sleep_until
 .text.sleep_ms
                0x00000000100021a8       0x34 CMakeFiles/pico_w_webserver.dir/Users/loicpwlk/Documents/Code/Rpi-pico/pico-sdk/src/common/pico_time/time.c.obj
                0x00000000100021a8                sleep_ms
 .text.best_effort_wfe_or_timeout
                0x00000000100021dc       0x78 CMakeFiles/pico_w_webserver.dir/Users/loicpwlk/Documents/Code/Rpi-pico/pico-sdk/src/common/pico_time/time.c.obj
                0x00000000100021dc                best_effort_wfe_or_timeout
 .text.hardware_alarm_irq_handler
                0x0000000010002254       0xbc CMakeFiles/pico_w_webserver.dir/Users/loicpwlk/Documents/Code/Rpi-pico/pico-sdk/src/rp2_common/hardware_timer/timer.c.obj
 .text.hardware_alarm_claim
                0x0000000010002310       0x18 CMakeFiles/pico_w_webserver.dir/Users/loicpwlk/Documents/Code/Rpi-pico/pico-sdk/src/rp2_common/hardware_timer/timer.c.obj
                0x0000000010002310                hardware_alarm_claim
 .text.time_us_64
                0x0000000010002328       0x14 CMakeFiles/pico_w_webserver.dir/Users/loicpwlk/Documents/Code/Rpi-pico/pico-sdk/src/rp2_common/hardware_timer/timer.c.obj
                0x0000000010002328                time_us_64
 .text.busy_wait_until
                0x000000001000233c       0x20 CMakeFiles/pico_w_webserver.dir/Users/loicpwlk/Documents/Code/Rpi-pico/pico-sdk/src/rp2_common/hardware_timer/timer.c.obj
                0x000000001000233c                busy_wait_until
 .text.hardware_alarm_set_callback
                0x000000001000235c       0x8c CMakeFiles/pico_w_webserver.dir/Users/loicpwlk/Documents/Code/Rpi-pico/pico-sdk/src/rp2_common/hardware_timer/timer.c.obj
                0x000000001000235c                hardware_alarm_set_callback
 .text.hardware_alarm_set_target
                0x00000000100023e8       0xe0 CMakeFiles/pico_w_webserver.dir/Users/loicpwlk/Documents/Code/Rpi-pico/pico-sdk/src/rp2_common/hardware_timer/timer.c.obj
                0x00000000100023e8                hardware_alarm_set_target
 .text.hardware_alarm_cancel
                0x00000000100024c8       0x3c CMakeFiles/pico_w_webserver.dir/Users/loicpwlk/Documents/Code/Rpi-pico/pico-sdk/src/rp2_common/hardware_timer/timer.c.obj
                0x00000000100024c8                hardware_alarm_cancel
 .text.ph_merge_nodes
                0x0000000010002504       0x68 CMakeFiles/pico_w_webserver.dir/Users/loicpwlk/Documents/Code/Rpi-pico/pico-sdk/src/common/pico_util/pheap.c.obj
 .text.ph_post_alloc_init
                0x000000001000256c       0x3c CMakeFiles/pico_w_webserver.dir/Users/loicpwlk/Documents/Code/Rpi-pico/pico-sdk/src/common/pico_util/pheap.c.obj
                0x000000001000256c                ph_post_alloc_init
 .text.ph_merge_two_pass
                0x00000000100025a8       0x90 CMakeFiles/pico_w_webserver.dir/Users/loicpwlk/Documents/Code/Rpi-pico/pico-sdk/src/common/pico_util/pheap.c.obj
                0x00000000100025a8                ph_merge_two_pass
 .text.ph_remove_any_head
                0x0000000010002638      0x100 CMakeFiles/pico_w_webserver.dir/Users/loicpwlk/Documents/Code/Rpi-pico/pico-sdk/src/common/pico_util/pheap.c.obj
 .text.ph_remove_head
                0x0000000010002738      0x104 CMakeFiles/pico_w_webserver.dir/Users/loicpwlk/Documents/Code/Rpi-pico/pico-sdk/src/common/pico_util/pheap.c.obj
                0x0000000010002738                ph_remove_head
 .text.ph_remove_and_free_node
                0x000000001000283c       0x7c CMakeFiles/pico_w_webserver.dir/Users/loicpwlk/Documents/Code/Rpi-pico/pico-sdk/src/common/pico_util/pheap.c.obj
                0x000000001000283c                ph_remove_and_free_node
 .text.pll_init
                0x00000000100028b8       0xb0 CMakeFiles/pico_w_webserver.dir/Users/loicpwlk/Documents/Code/Rpi-pico/pico-sdk/src/rp2_common/hardware_pll/pll.c.obj
                0x00000000100028b8                pll_init
 .text.watchdog_start_tick
                0x0000000010002968       0x10 CMakeFiles/pico_w_webserver.dir/Users/loicpwlk/Documents/Code/Rpi-pico/pico-sdk/src/rp2_common/hardware_watchdog/watchdog.c.obj
                0x0000000010002968                watchdog_start_tick
 .text.watchdog_reboot
                0x0000000010002978       0x98 CMakeFiles/pico_w_webserver.dir/Users/loicpwlk/Documents/Code/Rpi-pico/pico-sdk/src/rp2_common/hardware_watchdog/watchdog.c.obj
                0x0000000010002978                watchdog_reboot
 .text.xosc_init
                0x0000000010002a10       0x28 CMakeFiles/pico_w_webserver.dir/Users/loicpwlk/Documents/Code/Rpi-pico/pico-sdk/src/rp2_common/hardware_xosc/xosc.c.obj
                0x0000000010002a10                xosc_init
 .text.lwip_init
                0x0000000010002a38       0x24 CMakeFiles/pico_w_webserver.dir/Users/loicpwlk/Documents/Code/Rpi-pico/pico-sdk/lib/lwip/src/core/init.c.obj
                0x0000000010002a38                lwip_init
 .text.lwip_htons
                0x0000000010002a5c        0x8 CMakeFiles/pico_w_webserver.dir/Users/loicpwlk/Documents/Code/Rpi-pico/pico-sdk/lib/lwip/src/core/def.c.obj
                0x0000000010002a5c                lwip_htons
 .text.lwip_htonl
                0x0000000010002a64        0x4 CMakeFiles/pico_w_webserver.dir/Users/loicpwlk/Documents/Code/Rpi-pico/pico-sdk/lib/lwip/src/core/def.c.obj
                0x0000000010002a64                lwip_htonl
 .text.lwip_strnstr
                0x0000000010002a68       0x5c CMakeFiles/pico_w_webserver.dir/Users/loicpwlk/Documents/Code/Rpi-pico/pico-sdk/lib/lwip/src/core/def.c.obj
                0x0000000010002a68                lwip_strnstr
 .text.lwip_stricmp
                0x0000000010002ac4       0x34 CMakeFiles/pico_w_webserver.dir/Users/loicpwlk/Documents/Code/Rpi-pico/pico-sdk/lib/lwip/src/core/def.c.obj
                0x0000000010002ac4                lwip_stricmp
 .text.dns_call_found
                0x0000000010002af8      0x134 CMakeFiles/pico_w_webserver.dir/Users/loicpwlk/Documents/Code/Rpi-pico/pico-sdk/lib/lwip/src/core/dns.c.obj
 .text.dns_send.isra.0
                0x0000000010002c2c      0x168 CMakeFiles/pico_w_webserver.dir/Users/loicpwlk/Documents/Code/Rpi-pico/pico-sdk/lib/lwip/src/core/dns.c.obj
 .text.dns_init
                0x0000000010002d94        0x4 CMakeFiles/pico_w_webserver.dir/Users/loicpwlk/Documents/Code/Rpi-pico/pico-sdk/lib/lwip/src/core/dns.c.obj
                0x0000000010002d94                dns_init
 .text.dns_setserver
                0x0000000010002d98       0x2c CMakeFiles/pico_w_webserver.dir/Users/loicpwlk/Documents/Code/Rpi-pico/pico-sdk/lib/lwip/src/core/dns.c.obj
                0x0000000010002d98                dns_setserver
 .text.dns_tmr  0x0000000010002dc4      0x138 CMakeFiles/pico_w_webserver.dir/Users/loicpwlk/Documents/Code/Rpi-pico/pico-sdk/lib/lwip/src/core/dns.c.obj
                0x0000000010002dc4                dns_tmr
 .text.lwip_standard_chksum
                0x0000000010002efc       0xd8 CMakeFiles/pico_w_webserver.dir/Users/loicpwlk/Documents/Code/Rpi-pico/pico-sdk/lib/lwip/src/core/inet_chksum.c.obj
                0x0000000010002efc                lwip_standard_chksum
 .text.inet_chksum_pseudo
                0x0000000010002fd4       0xb4 CMakeFiles/pico_w_webserver.dir/Users/loicpwlk/Documents/Code/Rpi-pico/pico-sdk/lib/lwip/src/core/inet_chksum.c.obj
                0x0000000010002fd4                inet_chksum_pseudo
 .text.ip_chksum_pseudo
                0x0000000010003088       0x10 CMakeFiles/pico_w_webserver.dir/Users/loicpwlk/Documents/Code/Rpi-pico/pico-sdk/lib/lwip/src/core/inet_chksum.c.obj
                0x0000000010003088                ip_chksum_pseudo
 .text.inet_chksum
                0x0000000010003098        0xc CMakeFiles/pico_w_webserver.dir/Users/loicpwlk/Documents/Code/Rpi-pico/pico-sdk/lib/lwip/src/core/inet_chksum.c.obj
                0x0000000010003098                inet_chksum
 .text.inet_chksum_pbuf
                0x00000000100030a4       0x6c CMakeFiles/pico_w_webserver.dir/Users/loicpwlk/Documents/Code/Rpi-pico/pico-sdk/lib/lwip/src/core/inet_chksum.c.obj
                0x00000000100030a4                inet_chksum_pbuf
 .text.mem_init
                0x0000000010003110       0x40 CMakeFiles/pico_w_webserver.dir/Users/loicpwlk/Documents/Code/Rpi-pico/pico-sdk/lib/lwip/src/core/mem.c.obj
                0x0000000010003110                mem_init
 .text.mem_free
                0x0000000010003150      0x11c CMakeFiles/pico_w_webserver.dir/Users/loicpwlk/Documents/Code/Rpi-pico/pico-sdk/lib/lwip/src/core/mem.c.obj
                0x0000000010003150                mem_free
 .text.mem_trim
                0x000000001000326c      0x110 CMakeFiles/pico_w_webserver.dir/Users/loicpwlk/Documents/Code/Rpi-pico/pico-sdk/lib/lwip/src/core/mem.c.obj
                0x000000001000326c                mem_trim
 .text.mem_malloc
                0x000000001000337c      0x120 CMakeFiles/pico_w_webserver.dir/Users/loicpwlk/Documents/Code/Rpi-pico/pico-sdk/lib/lwip/src/core/mem.c.obj
                0x000000001000337c                mem_malloc
 .text.memp_init
                0x000000001000349c       0x6c CMakeFiles/pico_w_webserver.dir/Users/loicpwlk/Documents/Code/Rpi-pico/pico-sdk/lib/lwip/src/core/memp.c.obj
                0x000000001000349c                memp_init
 .text.memp_malloc
                0x0000000010003508       0x3c CMakeFiles/pico_w_webserver.dir/Users/loicpwlk/Documents/Code/Rpi-pico/pico-sdk/lib/lwip/src/core/memp.c.obj
                0x0000000010003508                memp_malloc
 .text.memp_free
                0x0000000010003544       0x38 CMakeFiles/pico_w_webserver.dir/Users/loicpwlk/Documents/Code/Rpi-pico/pico-sdk/lib/lwip/src/core/memp.c.obj
                0x0000000010003544                memp_free
 .text.netif_null_output_ip4
                0x000000001000357c        0x8 CMakeFiles/pico_w_webserver.dir/Users/loicpwlk/Documents/Code/Rpi-pico/pico-sdk/lib/lwip/src/core/netif.c.obj
 .text.netif_do_set_ipaddr.isra.0
                0x0000000010003584       0x70 CMakeFiles/pico_w_webserver.dir/Users/loicpwlk/Documents/Code/Rpi-pico/pico-sdk/lib/lwip/src/core/netif.c.obj
 .text.netif_init
                0x00000000100035f4        0x4 CMakeFiles/pico_w_webserver.dir/Users/loicpwlk/Documents/Code/Rpi-pico/pico-sdk/lib/lwip/src/core/netif.c.obj
                0x00000000100035f4                netif_init
 .text.netif_add
                0x00000000100035f8      0x144 CMakeFiles/pico_w_webserver.dir/Users/loicpwlk/Documents/Code/Rpi-pico/pico-sdk/lib/lwip/src/core/netif.c.obj
                0x00000000100035f8                netif_add
 .text.netif_set_addr
                0x000000001000373c       0xb8 CMakeFiles/pico_w_webserver.dir/Users/loicpwlk/Documents/Code/Rpi-pico/pico-sdk/lib/lwip/src/core/netif.c.obj
                0x000000001000373c                netif_set_addr
 .text.netif_remove
                0x00000000100037f4       0x94 CMakeFiles/pico_w_webserver.dir/Users/loicpwlk/Documents/Code/Rpi-pico/pico-sdk/lib/lwip/src/core/netif.c.obj
                0x00000000100037f4                netif_remove
 .text.netif_set_default
                0x0000000010003888        0xc CMakeFiles/pico_w_webserver.dir/Users/loicpwlk/Documents/Code/Rpi-pico/pico-sdk/lib/lwip/src/core/netif.c.obj
                0x0000000010003888                netif_set_default
 .text.netif_set_up
                0x0000000010003894       0x40 CMakeFiles/pico_w_webserver.dir/Users/loicpwlk/Documents/Code/Rpi-pico/pico-sdk/lib/lwip/src/core/netif.c.obj
                0x0000000010003894                netif_set_up
 .text.netif_set_link_up
                0x00000000100038d4       0x44 CMakeFiles/pico_w_webserver.dir/Users/loicpwlk/Documents/Code/Rpi-pico/pico-sdk/lib/lwip/src/core/netif.c.obj
                0x00000000100038d4                netif_set_link_up
 .text.netif_set_link_down
                0x0000000010003918       0x20 CMakeFiles/pico_w_webserver.dir/Users/loicpwlk/Documents/Code/Rpi-pico/pico-sdk/lib/lwip/src/core/netif.c.obj
                0x0000000010003918                netif_set_link_down
 .text.netif_get_by_index
                0x0000000010003938       0x2c CMakeFiles/pico_w_webserver.dir/Users/loicpwlk/Documents/Code/Rpi-pico/pico-sdk/lib/lwip/src/core/netif.c.obj
                0x0000000010003938                netif_get_by_index
 .text.pbuf_free.part.0
                0x0000000010003964       0x7c CMakeFiles/pico_w_webserver.dir/Users/loicpwlk/Documents/Code/Rpi-pico/pico-sdk/lib/lwip/src/core/pbuf.c.obj
 .text.pbuf_free_ooseq
                0x00000000100039e0       0x34 CMakeFiles/pico_w_webserver.dir/Users/loicpwlk/Documents/Code/Rpi-pico/pico-sdk/lib/lwip/src/core/pbuf.c.obj
                0x00000000100039e0                pbuf_free_ooseq
 .text.pbuf_alloc
                0x0000000010003a14      0x130 CMakeFiles/pico_w_webserver.dir/Users/loicpwlk/Documents/Code/Rpi-pico/pico-sdk/lib/lwip/src/core/pbuf.c.obj
                0x0000000010003a14                pbuf_alloc
 .text.pbuf_realloc
                0x0000000010003b44       0x88 CMakeFiles/pico_w_webserver.dir/Users/loicpwlk/Documents/Code/Rpi-pico/pico-sdk/lib/lwip/src/core/pbuf.c.obj
                0x0000000010003b44                pbuf_realloc
 .text.pbuf_add_header
                0x0000000010003bcc       0x54 CMakeFiles/pico_w_webserver.dir/Users/loicpwlk/Documents/Code/Rpi-pico/pico-sdk/lib/lwip/src/core/pbuf.c.obj
                0x0000000010003bcc                pbuf_add_header
 .text.pbuf_remove_header
                0x0000000010003c20       0x44 CMakeFiles/pico_w_webserver.dir/Users/loicpwlk/Documents/Code/Rpi-pico/pico-sdk/lib/lwip/src/core/pbuf.c.obj
                0x0000000010003c20                pbuf_remove_header
 .text.pbuf_header_force
                0x0000000010003c64       0x74 CMakeFiles/pico_w_webserver.dir/Users/loicpwlk/Documents/Code/Rpi-pico/pico-sdk/lib/lwip/src/core/pbuf.c.obj
                0x0000000010003c64                pbuf_header_force
 .text.pbuf_free
                0x0000000010003cd8       0x18 CMakeFiles/pico_w_webserver.dir/Users/loicpwlk/Documents/Code/Rpi-pico/pico-sdk/lib/lwip/src/core/pbuf.c.obj
                0x0000000010003cd8                pbuf_free
 .text.pbuf_clen
                0x0000000010003cf0       0x14 CMakeFiles/pico_w_webserver.dir/Users/loicpwlk/Documents/Code/Rpi-pico/pico-sdk/lib/lwip/src/core/pbuf.c.obj
                0x0000000010003cf0                pbuf_clen
 .text.pbuf_ref
                0x0000000010003d04       0x28 CMakeFiles/pico_w_webserver.dir/Users/loicpwlk/Documents/Code/Rpi-pico/pico-sdk/lib/lwip/src/core/pbuf.c.obj
                0x0000000010003d04                pbuf_ref
 .text.pbuf_cat
                0x0000000010003d2c       0x3c CMakeFiles/pico_w_webserver.dir/Users/loicpwlk/Documents/Code/Rpi-pico/pico-sdk/lib/lwip/src/core/pbuf.c.obj
                0x0000000010003d2c                pbuf_cat
 .text.pbuf_chain
                0x0000000010003d68       0x64 CMakeFiles/pico_w_webserver.dir/Users/loicpwlk/Documents/Code/Rpi-pico/pico-sdk/lib/lwip/src/core/pbuf.c.obj
                0x0000000010003d68                pbuf_chain
 .text.pbuf_copy_partial_pbuf
                0x0000000010003dcc      0x13c CMakeFiles/pico_w_webserver.dir/Users/loicpwlk/Documents/Code/Rpi-pico/pico-sdk/lib/lwip/src/core/pbuf.c.obj
                0x0000000010003dcc                pbuf_copy_partial_pbuf
 .text.pbuf_copy
                0x0000000010003f08       0x18 CMakeFiles/pico_w_webserver.dir/Users/loicpwlk/Documents/Code/Rpi-pico/pico-sdk/lib/lwip/src/core/pbuf.c.obj
                0x0000000010003f08                pbuf_copy
 .text.pbuf_copy_partial
                0x0000000010003f20       0x70 CMakeFiles/pico_w_webserver.dir/Users/loicpwlk/Documents/Code/Rpi-pico/pico-sdk/lib/lwip/src/core/pbuf.c.obj
                0x0000000010003f20                pbuf_copy_partial
 .text.pbuf_take
                0x0000000010003f90       0x78 CMakeFiles/pico_w_webserver.dir/Users/loicpwlk/Documents/Code/Rpi-pico/pico-sdk/lib/lwip/src/core/pbuf.c.obj
                0x0000000010003f90                pbuf_take
 .text.pbuf_take_at
                0x0000000010004008       0xc0 CMakeFiles/pico_w_webserver.dir/Users/loicpwlk/Documents/Code/Rpi-pico/pico-sdk/lib/lwip/src/core/pbuf.c.obj
                0x0000000010004008                pbuf_take_at
 .text.pbuf_clone
                0x00000000100040c8       0x30 CMakeFiles/pico_w_webserver.dir/Users/loicpwlk/Documents/Code/Rpi-pico/pico-sdk/lib/lwip/src/core/pbuf.c.obj
                0x00000000100040c8                pbuf_clone
 .text.pbuf_put_at
                0x00000000100040f8       0x1c CMakeFiles/pico_w_webserver.dir/Users/loicpwlk/Documents/Code/Rpi-pico/pico-sdk/lib/lwip/src/core/pbuf.c.obj
                0x00000000100040f8                pbuf_put_at
 .text.raw_input
                0x0000000010004114       0xf0 CMakeFiles/pico_w_webserver.dir/Users/loicpwlk/Documents/Code/Rpi-pico/pico-sdk/lib/lwip/src/core/raw.c.obj
                0x0000000010004114                raw_input
 .text.raw_netif_ip_addr_changed
                0x0000000010004204       0x40 CMakeFiles/pico_w_webserver.dir/Users/loicpwlk/Documents/Code/Rpi-pico/pico-sdk/lib/lwip/src/core/raw.c.obj
                0x0000000010004204                raw_netif_ip_addr_changed
 .text.stats_init
                0x0000000010004244        0x4 CMakeFiles/pico_w_webserver.dir/Users/loicpwlk/Documents/Code/Rpi-pico/pico-sdk/lib/lwip/src/core/stats.c.obj
                0x0000000010004244                stats_init
 .text.tcp_close_shutdown_fin
                0x0000000010004248       0x58 CMakeFiles/pico_w_webserver.dir/Users/loicpwlk/Documents/Code/Rpi-pico/pico-sdk/lib/lwip/src/core/tcp.c.obj
 .text.tcp_pcb_purge.part.0
                0x00000000100042a0       0xc4 CMakeFiles/pico_w_webserver.dir/Users/loicpwlk/Documents/Code/Rpi-pico/pico-sdk/lib/lwip/src/core/tcp.c.obj
 .text.tcp_init
                0x0000000010004364       0x20 CMakeFiles/pico_w_webserver.dir/Users/loicpwlk/Documents/Code/Rpi-pico/pico-sdk/lib/lwip/src/core/tcp.c.obj
                0x0000000010004364                tcp_init
 .text.tcp_free
                0x0000000010004384       0x1c CMakeFiles/pico_w_webserver.dir/Users/loicpwlk/Documents/Code/Rpi-pico/pico-sdk/lib/lwip/src/core/tcp.c.obj
                0x0000000010004384                tcp_free
 .text.tcp_bind
                0x00000000100043a0       0xf8 CMakeFiles/pico_w_webserver.dir/Users/loicpwlk/Documents/Code/Rpi-pico/pico-sdk/lib/lwip/src/core/tcp.c.obj
                0x00000000100043a0                tcp_bind
 .text.tcp_listen_with_backlog
                0x0000000010004498       0x98 CMakeFiles/pico_w_webserver.dir/Users/loicpwlk/Documents/Code/Rpi-pico/pico-sdk/lib/lwip/src/core/tcp.c.obj
                0x0000000010004498                tcp_listen_with_backlog
 .text.tcp_update_rcv_ann_wnd
                0x0000000010004530       0x60 CMakeFiles/pico_w_webserver.dir/Users/loicpwlk/Documents/Code/Rpi-pico/pico-sdk/lib/lwip/src/core/tcp.c.obj
                0x0000000010004530                tcp_update_rcv_ann_wnd
 .text.tcp_recved
                0x0000000010004590       0x98 CMakeFiles/pico_w_webserver.dir/Users/loicpwlk/Documents/Code/Rpi-pico/pico-sdk/lib/lwip/src/core/tcp.c.obj
                0x0000000010004590                tcp_recved
 .text.tcp_slowtmr
                0x0000000010004628      0x4dc CMakeFiles/pico_w_webserver.dir/Users/loicpwlk/Documents/Code/Rpi-pico/pico-sdk/lib/lwip/src/core/tcp.c.obj
                0x0000000010004628                tcp_slowtmr
 .text.tcp_segs_free
                0x0000000010004b04       0x38 CMakeFiles/pico_w_webserver.dir/Users/loicpwlk/Documents/Code/Rpi-pico/pico-sdk/lib/lwip/src/core/tcp.c.obj
                0x0000000010004b04                tcp_segs_free
 .text.tcp_seg_free
                0x0000000010004b3c       0x1c CMakeFiles/pico_w_webserver.dir/Users/loicpwlk/Documents/Code/Rpi-pico/pico-sdk/lib/lwip/src/core/tcp.c.obj
                0x0000000010004b3c                tcp_seg_free
 .text.tcp_setprio
                0x0000000010004b58        0x8 CMakeFiles/pico_w_webserver.dir/Users/loicpwlk/Documents/Code/Rpi-pico/pico-sdk/lib/lwip/src/core/tcp.c.obj
                0x0000000010004b58                tcp_setprio
 .text.tcp_seg_copy
                0x0000000010004b60       0x2c CMakeFiles/pico_w_webserver.dir/Users/loicpwlk/Documents/Code/Rpi-pico/pico-sdk/lib/lwip/src/core/tcp.c.obj
                0x0000000010004b60                tcp_seg_copy
 .text.tcp_arg  0x0000000010004b8c        0x8 CMakeFiles/pico_w_webserver.dir/Users/loicpwlk/Documents/Code/Rpi-pico/pico-sdk/lib/lwip/src/core/tcp.c.obj
                0x0000000010004b8c                tcp_arg
 .text.tcp_recv
                0x0000000010004b94       0x1c CMakeFiles/pico_w_webserver.dir/Users/loicpwlk/Documents/Code/Rpi-pico/pico-sdk/lib/lwip/src/core/tcp.c.obj
                0x0000000010004b94                tcp_recv
 .text.tcp_sent
                0x0000000010004bb0       0x1c CMakeFiles/pico_w_webserver.dir/Users/loicpwlk/Documents/Code/Rpi-pico/pico-sdk/lib/lwip/src/core/tcp.c.obj
                0x0000000010004bb0                tcp_sent
 .text.tcp_err  0x0000000010004bcc       0x1c CMakeFiles/pico_w_webserver.dir/Users/loicpwlk/Documents/Code/Rpi-pico/pico-sdk/lib/lwip/src/core/tcp.c.obj
                0x0000000010004bcc                tcp_err
 .text.tcp_accept
                0x0000000010004be8       0x10 CMakeFiles/pico_w_webserver.dir/Users/loicpwlk/Documents/Code/Rpi-pico/pico-sdk/lib/lwip/src/core/tcp.c.obj
                0x0000000010004be8                tcp_accept
 .text.tcp_poll
                0x0000000010004bf8       0x20 CMakeFiles/pico_w_webserver.dir/Users/loicpwlk/Documents/Code/Rpi-pico/pico-sdk/lib/lwip/src/core/tcp.c.obj
                0x0000000010004bf8                tcp_poll
 .text.tcp_pcb_purge
                0x0000000010004c18       0x18 CMakeFiles/pico_w_webserver.dir/Users/loicpwlk/Documents/Code/Rpi-pico/pico-sdk/lib/lwip/src/core/tcp.c.obj
                0x0000000010004c18                tcp_pcb_purge
 .text.tcp_pcb_remove
                0x0000000010004c30       0xc8 CMakeFiles/pico_w_webserver.dir/Users/loicpwlk/Documents/Code/Rpi-pico/pico-sdk/lib/lwip/src/core/tcp.c.obj
                0x0000000010004c30                tcp_pcb_remove
 .text.tcp_abandon
                0x0000000010004cf8      0x1ac CMakeFiles/pico_w_webserver.dir/Users/loicpwlk/Documents/Code/Rpi-pico/pico-sdk/lib/lwip/src/core/tcp.c.obj
                0x0000000010004cf8                tcp_abandon
 .text.tcp_abort
                0x0000000010004ea4        0xc CMakeFiles/pico_w_webserver.dir/Users/loicpwlk/Documents/Code/Rpi-pico/pico-sdk/lib/lwip/src/core/tcp.c.obj
                0x0000000010004ea4                tcp_abort
 .text.tcp_accept_null
                0x0000000010004eb0       0x20 CMakeFiles/pico_w_webserver.dir/Users/loicpwlk/Documents/Code/Rpi-pico/pico-sdk/lib/lwip/src/core/tcp.c.obj
 .text.tcp_alloc
                0x0000000010004ed0      0x1cc CMakeFiles/pico_w_webserver.dir/Users/loicpwlk/Documents/Code/Rpi-pico/pico-sdk/lib/lwip/src/core/tcp.c.obj
                0x0000000010004ed0                tcp_alloc
 .text.tcp_new_ip_type
                0x000000001000509c      0x1ac CMakeFiles/pico_w_webserver.dir/Users/loicpwlk/Documents/Code/Rpi-pico/pico-sdk/lib/lwip/src/core/tcp.c.obj
                0x000000001000509c                tcp_new_ip_type
 .text.tcp_close_shutdown
                0x0000000010005248      0x18c CMakeFiles/pico_w_webserver.dir/Users/loicpwlk/Documents/Code/Rpi-pico/pico-sdk/lib/lwip/src/core/tcp.c.obj
 .text.tcp_recv_null
                0x00000000100053d4       0xd4 CMakeFiles/pico_w_webserver.dir/Users/loicpwlk/Documents/Code/Rpi-pico/pico-sdk/lib/lwip/src/core/tcp.c.obj
                0x00000000100053d4                tcp_recv_null
 .text.tcp_process_refused_data
                0x00000000100054a8       0x78 CMakeFiles/pico_w_webserver.dir/Users/loicpwlk/Documents/Code/Rpi-pico/pico-sdk/lib/lwip/src/core/tcp.c.obj
                0x00000000100054a8                tcp_process_refused_data
 .text.tcp_fasttmr
                0x0000000010005520       0x98 CMakeFiles/pico_w_webserver.dir/Users/loicpwlk/Documents/Code/Rpi-pico/pico-sdk/lib/lwip/src/core/tcp.c.obj
                0x0000000010005520                tcp_fasttmr
 .text.tcp_tmr  0x00000000100055b8       0x20 CMakeFiles/pico_w_webserver.dir/Users/loicpwlk/Documents/Code/Rpi-pico/pico-sdk/lib/lwip/src/core/tcp.c.obj
                0x00000000100055b8                tcp_tmr
 .text.tcp_close
                0x00000000100055d8      0x174 CMakeFiles/pico_w_webserver.dir/Users/loicpwlk/Documents/Code/Rpi-pico/pico-sdk/lib/lwip/src/core/tcp.c.obj
                0x00000000100055d8                tcp_close
 .text.tcp_next_iss
                0x000000001000574c       0x28 CMakeFiles/pico_w_webserver.dir/Users/loicpwlk/Documents/Code/Rpi-pico/pico-sdk/lib/lwip/src/core/tcp.c.obj
                0x000000001000574c                tcp_next_iss
 .text.tcp_eff_send_mss_netif
                0x0000000010005774       0x38 CMakeFiles/pico_w_webserver.dir/Users/loicpwlk/Documents/Code/Rpi-pico/pico-sdk/lib/lwip/src/core/tcp.c.obj
                0x0000000010005774                tcp_eff_send_mss_netif
 .text.tcp_netif_ip_addr_changed
                0x00000000100057ac       0x9c CMakeFiles/pico_w_webserver.dir/Users/loicpwlk/Documents/Code/Rpi-pico/pico-sdk/lib/lwip/src/core/tcp.c.obj
                0x00000000100057ac                tcp_netif_ip_addr_changed
 .text.tcp_free_ooseq
                0x0000000010005848       0x40 CMakeFiles/pico_w_webserver.dir/Users/loicpwlk/Documents/Code/Rpi-pico/pico-sdk/lib/lwip/src/core/tcp.c.obj
                0x0000000010005848                tcp_free_ooseq
 .text.tcp_parseopt
                0x0000000010005888      0x190 CMakeFiles/pico_w_webserver.dir/Users/loicpwlk/Documents/Code/Rpi-pico/pico-sdk/lib/lwip/src/core/tcp_in.c.obj
 .text.tcp_oos_insert_segment
                0x0000000010005a18       0xe0 CMakeFiles/pico_w_webserver.dir/Users/loicpwlk/Documents/Code/Rpi-pico/pico-sdk/lib/lwip/src/core/tcp_in.c.obj
 .text.tcp_free_acked_segments.constprop.0
                0x0000000010005af8       0xdc CMakeFiles/pico_w_webserver.dir/Users/loicpwlk/Documents/Code/Rpi-pico/pico-sdk/lib/lwip/src/core/tcp_in.c.obj
 .text.tcp_receive
                0x0000000010005bd4      0xa4c CMakeFiles/pico_w_webserver.dir/Users/loicpwlk/Documents/Code/Rpi-pico/pico-sdk/lib/lwip/src/core/tcp_in.c.obj
 .text.tcp_input
                0x0000000010006620      0xda4 CMakeFiles/pico_w_webserver.dir/Users/loicpwlk/Documents/Code/Rpi-pico/pico-sdk/lib/lwip/src/core/tcp_in.c.obj
                0x0000000010006620                tcp_input
 .text.tcp_trigger_input_pcb_close
                0x00000000100073c4       0x10 CMakeFiles/pico_w_webserver.dir/Users/loicpwlk/Documents/Code/Rpi-pico/pico-sdk/lib/lwip/src/core/tcp_in.c.obj
                0x00000000100073c4                tcp_trigger_input_pcb_close
 .text.tcp_create_segment
                0x00000000100073d4       0xf8 CMakeFiles/pico_w_webserver.dir/Users/loicpwlk/Documents/Code/Rpi-pico/pico-sdk/lib/lwip/src/core/tcp_out.c.obj
 .text.tcp_output_control_segment
                0x00000000100074cc       0xc0 CMakeFiles/pico_w_webserver.dir/Users/loicpwlk/Documents/Code/Rpi-pico/pico-sdk/lib/lwip/src/core/tcp_out.c.obj
 .text.tcp_output_alloc_header.constprop.0
                0x000000001000758c       0xcc CMakeFiles/pico_w_webserver.dir/Users/loicpwlk/Documents/Code/Rpi-pico/pico-sdk/lib/lwip/src/core/tcp_out.c.obj
 .text.tcp_write
                0x0000000010007658      0x494 CMakeFiles/pico_w_webserver.dir/Users/loicpwlk/Documents/Code/Rpi-pico/pico-sdk/lib/lwip/src/core/tcp_out.c.obj
                0x0000000010007658                tcp_write
 .text.tcp_split_unsent_seg
                0x0000000010007aec      0x1c4 CMakeFiles/pico_w_webserver.dir/Users/loicpwlk/Documents/Code/Rpi-pico/pico-sdk/lib/lwip/src/core/tcp_out.c.obj
                0x0000000010007aec                tcp_split_unsent_seg
 .text.tcp_send_fin
                0x0000000010007cb0      0x12c CMakeFiles/pico_w_webserver.dir/Users/loicpwlk/Documents/Code/Rpi-pico/pico-sdk/lib/lwip/src/core/tcp_out.c.obj
                0x0000000010007cb0                tcp_send_fin
 .text.tcp_enqueue_flags
                0x0000000010007ddc      0x124 CMakeFiles/pico_w_webserver.dir/Users/loicpwlk/Documents/Code/Rpi-pico/pico-sdk/lib/lwip/src/core/tcp_out.c.obj
                0x0000000010007ddc                tcp_enqueue_flags
 .text.tcp_rexmit_rto_prepare
                0x0000000010007f00       0x9c CMakeFiles/pico_w_webserver.dir/Users/loicpwlk/Documents/Code/Rpi-pico/pico-sdk/lib/lwip/src/core/tcp_out.c.obj
                0x0000000010007f00                tcp_rexmit_rto_prepare
 .text.tcp_rexmit
                0x0000000010007f9c       0x9c CMakeFiles/pico_w_webserver.dir/Users/loicpwlk/Documents/Code/Rpi-pico/pico-sdk/lib/lwip/src/core/tcp_out.c.obj
                0x0000000010007f9c                tcp_rexmit
 .text.tcp_rexmit_fast
                0x0000000010008038       0x64 CMakeFiles/pico_w_webserver.dir/Users/loicpwlk/Documents/Code/Rpi-pico/pico-sdk/lib/lwip/src/core/tcp_out.c.obj
                0x0000000010008038                tcp_rexmit_fast
 .text.tcp_rst  0x000000001000809c       0xe8 CMakeFiles/pico_w_webserver.dir/Users/loicpwlk/Documents/Code/Rpi-pico/pico-sdk/lib/lwip/src/core/tcp_out.c.obj
                0x000000001000809c                tcp_rst
 .text.tcp_rst_netif
                0x0000000010008184      0x130 CMakeFiles/pico_w_webserver.dir/Users/loicpwlk/Documents/Code/Rpi-pico/pico-sdk/lib/lwip/src/core/tcp_out.c.obj
                0x0000000010008184                tcp_rst_netif
 .text.tcp_send_empty_ack
                0x00000000100082b4       0x54 CMakeFiles/pico_w_webserver.dir/Users/loicpwlk/Documents/Code/Rpi-pico/pico-sdk/lib/lwip/src/core/tcp_out.c.obj
                0x00000000100082b4                tcp_send_empty_ack
 .text.tcp_output
                0x0000000010008308      0x46c CMakeFiles/pico_w_webserver.dir/Users/loicpwlk/Documents/Code/Rpi-pico/pico-sdk/lib/lwip/src/core/tcp_out.c.obj
                0x0000000010008308                tcp_output
 .text.tcp_rexmit_rto_commit
                0x0000000010008774       0x24 CMakeFiles/pico_w_webserver.dir/Users/loicpwlk/Documents/Code/Rpi-pico/pico-sdk/lib/lwip/src/core/tcp_out.c.obj
                0x0000000010008774                tcp_rexmit_rto_commit
 .text.tcp_rexmit_rto
                0x0000000010008798       0xa4 CMakeFiles/pico_w_webserver.dir/Users/loicpwlk/Documents/Code/Rpi-pico/pico-sdk/lib/lwip/src/core/tcp_out.c.obj
                0x0000000010008798                tcp_rexmit_rto
 .text.tcp_keepalive
                0x000000001000883c       0xe0 CMakeFiles/pico_w_webserver.dir/Users/loicpwlk/Documents/Code/Rpi-pico/pico-sdk/lib/lwip/src/core/tcp_out.c.obj
                0x000000001000883c                tcp_keepalive
 .text.tcp_zero_window_probe
                0x000000001000891c      0x108 CMakeFiles/pico_w_webserver.dir/Users/loicpwlk/Documents/Code/Rpi-pico/pico-sdk/lib/lwip/src/core/tcp_out.c.obj
                0x000000001000891c                tcp_zero_window_probe
 .text.sys_timeout_abs
                0x0000000010008a24       0x48 CMakeFiles/pico_w_webserver.dir/Users/loicpwlk/Documents/Code/Rpi-pico/pico-sdk/lib/lwip/src/core/timeouts.c.obj
 .text.lwip_cyclic_timer
                0x0000000010008a6c       0x38 CMakeFiles/pico_w_webserver.dir/Users/loicpwlk/Documents/Code/Rpi-pico/pico-sdk/lib/lwip/src/core/timeouts.c.obj
 .text.tcpip_tcp_timer
                0x0000000010008aa4       0x3c CMakeFiles/pico_w_webserver.dir/Users/loicpwlk/Documents/Code/Rpi-pico/pico-sdk/lib/lwip/src/core/timeouts.c.obj
 .text.tcp_timer_needed
                0x0000000010008ae0       0x40 CMakeFiles/pico_w_webserver.dir/Users/loicpwlk/Documents/Code/Rpi-pico/pico-sdk/lib/lwip/src/core/timeouts.c.obj
                0x0000000010008ae0                tcp_timer_needed
 .text.sys_timeouts_init
                0x0000000010008b20       0x90 CMakeFiles/pico_w_webserver.dir/Users/loicpwlk/Documents/Code/Rpi-pico/pico-sdk/lib/lwip/src/core/timeouts.c.obj
                0x0000000010008b20                sys_timeouts_init
 .text.sys_check_timeouts
                0x0000000010008bb0       0x68 CMakeFiles/pico_w_webserver.dir/Users/loicpwlk/Documents/Code/Rpi-pico/pico-sdk/lib/lwip/src/core/timeouts.c.obj
                0x0000000010008bb0                sys_check_timeouts
 .text.sys_timeouts_sleeptime
                0x0000000010008c18       0x28 CMakeFiles/pico_w_webserver.dir/Users/loicpwlk/Documents/Code/Rpi-pico/pico-sdk/lib/lwip/src/core/timeouts.c.obj
                0x0000000010008c18                sys_timeouts_sleeptime
 .text.udp_init
                0x0000000010008c40       0x20 CMakeFiles/pico_w_webserver.dir/Users/loicpwlk/Documents/Code/Rpi-pico/pico-sdk/lib/lwip/src/core/udp.c.obj
                0x0000000010008c40                udp_init
 .text.udp_input
                0x0000000010008c60      0x24c CMakeFiles/pico_w_webserver.dir/Users/loicpwlk/Documents/Code/Rpi-pico/pico-sdk/lib/lwip/src/core/udp.c.obj
                0x0000000010008c60                udp_input
 .text.udp_bind
                0x0000000010008eac      0x10c CMakeFiles/pico_w_webserver.dir/Users/loicpwlk/Documents/Code/Rpi-pico/pico-sdk/lib/lwip/src/core/udp.c.obj
                0x0000000010008eac                udp_bind
 .text.udp_sendto_if_src
                0x0000000010008fb8      0x130 CMakeFiles/pico_w_webserver.dir/Users/loicpwlk/Documents/Code/Rpi-pico/pico-sdk/lib/lwip/src/core/udp.c.obj
                0x0000000010008fb8                udp_sendto_if_src
 .text.udp_sendto_if
                0x00000000100090e8       0x48 CMakeFiles/pico_w_webserver.dir/Users/loicpwlk/Documents/Code/Rpi-pico/pico-sdk/lib/lwip/src/core/udp.c.obj
                0x00000000100090e8                udp_sendto_if
 .text.udp_sendto
                0x0000000010009130       0x7c CMakeFiles/pico_w_webserver.dir/Users/loicpwlk/Documents/Code/Rpi-pico/pico-sdk/lib/lwip/src/core/udp.c.obj
                0x0000000010009130                udp_sendto
 .text.udp_connect
                0x00000000100091ac       0x64 CMakeFiles/pico_w_webserver.dir/Users/loicpwlk/Documents/Code/Rpi-pico/pico-sdk/lib/lwip/src/core/udp.c.obj
                0x00000000100091ac                udp_connect
 .text.udp_recv
                0x0000000010009210        0xc CMakeFiles/pico_w_webserver.dir/Users/loicpwlk/Documents/Code/Rpi-pico/pico-sdk/lib/lwip/src/core/udp.c.obj
                0x0000000010009210                udp_recv
 .text.udp_remove
                0x000000001000921c       0x3c CMakeFiles/pico_w_webserver.dir/Users/loicpwlk/Documents/Code/Rpi-pico/pico-sdk/lib/lwip/src/core/udp.c.obj
                0x000000001000921c                udp_remove
 .text.udp_new  0x0000000010009258       0x1c CMakeFiles/pico_w_webserver.dir/Users/loicpwlk/Documents/Code/Rpi-pico/pico-sdk/lib/lwip/src/core/udp.c.obj
                0x0000000010009258                udp_new
 .text.udp_netif_ip_addr_changed
                0x0000000010009274       0x40 CMakeFiles/pico_w_webserver.dir/Users/loicpwlk/Documents/Code/Rpi-pico/pico-sdk/lib/lwip/src/core/udp.c.obj
                0x0000000010009274                udp_netif_ip_addr_changed
 .text.dhcp_create_msg
                0x00000000100092b4      0x16c CMakeFiles/pico_w_webserver.dir/Users/loicpwlk/Documents/Code/Rpi-pico/pico-sdk/lib/lwip/src/core/ipv4/dhcp.c.obj
 .text.dhcp_inc_pcb_refcount
                0x0000000010009420       0x6c CMakeFiles/pico_w_webserver.dir/Users/loicpwlk/Documents/Code/Rpi-pico/pico-sdk/lib/lwip/src/core/ipv4/dhcp.c.obj
 .text.dhcp_bind
                0x000000001000948c      0x140 CMakeFiles/pico_w_webserver.dir/Users/loicpwlk/Documents/Code/Rpi-pico/pico-sdk/lib/lwip/src/core/ipv4/dhcp.c.obj
 .text.dhcp_option_hostname.isra.0
                0x00000000100095cc       0x8c CMakeFiles/pico_w_webserver.dir/Users/loicpwlk/Documents/Code/Rpi-pico/pico-sdk/lib/lwip/src/core/ipv4/dhcp.c.obj
 .text.dhcp_handle_ack.isra.0
                0x0000000010009658       0xcc CMakeFiles/pico_w_webserver.dir/Users/loicpwlk/Documents/Code/Rpi-pico/pico-sdk/lib/lwip/src/core/ipv4/dhcp.c.obj
 .text.dhcp_reboot.isra.0
                0x0000000010009724      0x1e4 CMakeFiles/pico_w_webserver.dir/Users/loicpwlk/Documents/Code/Rpi-pico/pico-sdk/lib/lwip/src/core/ipv4/dhcp.c.obj
 .text.dhcp_discover
                0x0000000010009908      0x198 CMakeFiles/pico_w_webserver.dir/Users/loicpwlk/Documents/Code/Rpi-pico/pico-sdk/lib/lwip/src/core/ipv4/dhcp.c.obj
 .text.dhcp_select.isra.0
                0x0000000010009aa0      0x268 CMakeFiles/pico_w_webserver.dir/Users/loicpwlk/Documents/Code/Rpi-pico/pico-sdk/lib/lwip/src/core/ipv4/dhcp.c.obj
 .text.dhcp_recv
                0x0000000010009d08      0x494 CMakeFiles/pico_w_webserver.dir/Users/loicpwlk/Documents/Code/Rpi-pico/pico-sdk/lib/lwip/src/core/ipv4/dhcp.c.obj
 .text.dhcp_set_struct
                0x000000001000a19c       0x44 CMakeFiles/pico_w_webserver.dir/Users/loicpwlk/Documents/Code/Rpi-pico/pico-sdk/lib/lwip/src/core/ipv4/dhcp.c.obj
                0x000000001000a19c                dhcp_set_struct
 .text.dhcp_network_changed_link_up
                0x000000001000a1e0       0x40 CMakeFiles/pico_w_webserver.dir/Users/loicpwlk/Documents/Code/Rpi-pico/pico-sdk/lib/lwip/src/core/ipv4/dhcp.c.obj
                0x000000001000a1e0                dhcp_network_changed_link_up
 .text.dhcp_renew
                0x000000001000a220      0x1b8 CMakeFiles/pico_w_webserver.dir/Users/loicpwlk/Documents/Code/Rpi-pico/pico-sdk/lib/lwip/src/core/ipv4/dhcp.c.obj
                0x000000001000a220                dhcp_renew
 .text.dhcp_release_and_stop
                0x000000001000a3d8      0x180 CMakeFiles/pico_w_webserver.dir/Users/loicpwlk/Documents/Code/Rpi-pico/pico-sdk/lib/lwip/src/core/ipv4/dhcp.c.obj
                0x000000001000a3d8                dhcp_release_and_stop
 .text.dhcp_start
                0x000000001000a558       0xb0 CMakeFiles/pico_w_webserver.dir/Users/loicpwlk/Documents/Code/Rpi-pico/pico-sdk/lib/lwip/src/core/ipv4/dhcp.c.obj
                0x000000001000a558                dhcp_start
 .text.dhcp_coarse_tmr
                0x000000001000a608      0x238 CMakeFiles/pico_w_webserver.dir/Users/loicpwlk/Documents/Code/Rpi-pico/pico-sdk/lib/lwip/src/core/ipv4/dhcp.c.obj
                0x000000001000a608                dhcp_coarse_tmr
 .text.dhcp_fine_tmr
                0x000000001000a840       0x78 CMakeFiles/pico_w_webserver.dir/Users/loicpwlk/Documents/Code/Rpi-pico/pico-sdk/lib/lwip/src/core/ipv4/dhcp.c.obj
                0x000000001000a840                dhcp_fine_tmr
 .text.dhcp_stop
                0x000000001000a8b8      0x180 CMakeFiles/pico_w_webserver.dir/Users/loicpwlk/Documents/Code/Rpi-pico/pico-sdk/lib/lwip/src/core/ipv4/dhcp.c.obj
                0x000000001000a8b8                dhcp_stop
 .text.etharp_find_entry
                0x000000001000aa38     0x1fbc CMakeFiles/pico_w_webserver.dir/Users/loicpwlk/Documents/Code/Rpi-pico/pico-sdk/lib/lwip/src/core/ipv4/etharp.c.obj
 .text.etharp_raw
                0x000000001000c9f4       0xec CMakeFiles/pico_w_webserver.dir/Users/loicpwlk/Documents/Code/Rpi-pico/pico-sdk/lib/lwip/src/core/ipv4/etharp.c.obj
 .text.etharp_output_to_arp_index
                0x000000001000cae0       0xe4 CMakeFiles/pico_w_webserver.dir/Users/loicpwlk/Documents/Code/Rpi-pico/pico-sdk/lib/lwip/src/core/ipv4/etharp.c.obj
 .text.etharp_tmr
                0x000000001000cbc4       0x94 CMakeFiles/pico_w_webserver.dir/Users/loicpwlk/Documents/Code/Rpi-pico/pico-sdk/lib/lwip/src/core/ipv4/etharp.c.obj
                0x000000001000cbc4                etharp_tmr
 .text.etharp_cleanup_netif
                0x000000001000cc58      0x188 CMakeFiles/pico_w_webserver.dir/Users/loicpwlk/Documents/Code/Rpi-pico/pico-sdk/lib/lwip/src/core/ipv4/etharp.c.obj
                0x000000001000cc58                etharp_cleanup_netif
 .text.etharp_input
                0x000000001000cde0      0x1b0 CMakeFiles/pico_w_webserver.dir/Users/loicpwlk/Documents/Code/Rpi-pico/pico-sdk/lib/lwip/src/core/ipv4/etharp.c.obj
                0x000000001000cde0                etharp_input
 .text.etharp_query
                0x000000001000cf90      0x1c0 CMakeFiles/pico_w_webserver.dir/Users/loicpwlk/Documents/Code/Rpi-pico/pico-sdk/lib/lwip/src/core/ipv4/etharp.c.obj
                0x000000001000cf90                etharp_query
 .text.etharp_output
                0x000000001000d150      0x24c CMakeFiles/pico_w_webserver.dir/Users/loicpwlk/Documents/Code/Rpi-pico/pico-sdk/lib/lwip/src/core/ipv4/etharp.c.obj
                0x000000001000d150                etharp_output
 .text.etharp_request
                0x000000001000d39c       0x2c CMakeFiles/pico_w_webserver.dir/Users/loicpwlk/Documents/Code/Rpi-pico/pico-sdk/lib/lwip/src/core/ipv4/etharp.c.obj
                0x000000001000d39c                etharp_request
 .text.icmp_input
                0x000000001000d3c8      0x1e8 CMakeFiles/pico_w_webserver.dir/Users/loicpwlk/Documents/Code/Rpi-pico/pico-sdk/lib/lwip/src/core/ipv4/icmp.c.obj
                0x000000001000d3c8                icmp_input
 .text.icmp_dest_unreach
                0x000000001000d5b0       0xd0 CMakeFiles/pico_w_webserver.dir/Users/loicpwlk/Documents/Code/Rpi-pico/pico-sdk/lib/lwip/src/core/ipv4/icmp.c.obj
                0x000000001000d5b0                icmp_dest_unreach
 .text.icmp_time_exceeded
                0x000000001000d680       0xd0 CMakeFiles/pico_w_webserver.dir/Users/loicpwlk/Documents/Code/Rpi-pico/pico-sdk/lib/lwip/src/core/ipv4/icmp.c.obj
                0x000000001000d680                icmp_time_exceeded
 .text.ip_reass_free_complete_datagram
                0x000000001000d750      0x114 CMakeFiles/pico_w_webserver.dir/Users/loicpwlk/Documents/Code/Rpi-pico/pico-sdk/lib/lwip/src/core/ipv4/ip4_frag.c.obj
 .text.ip_reass_remove_oldest_datagram
                0x000000001000d864       0xd8 CMakeFiles/pico_w_webserver.dir/Users/loicpwlk/Documents/Code/Rpi-pico/pico-sdk/lib/lwip/src/core/ipv4/ip4_frag.c.obj
 .text.ip_reass_tmr
                0x000000001000d93c       0x38 CMakeFiles/pico_w_webserver.dir/Users/loicpwlk/Documents/Code/Rpi-pico/pico-sdk/lib/lwip/src/core/ipv4/ip4_frag.c.obj
                0x000000001000d93c                ip_reass_tmr
 .text.ip4_reass
                0x000000001000d974      0x534 CMakeFiles/pico_w_webserver.dir/Users/loicpwlk/Documents/Code/Rpi-pico/pico-sdk/lib/lwip/src/core/ipv4/ip4_frag.c.obj
                0x000000001000d974                ip4_reass
 .text.ip4_frag
                0x000000001000dea8      0x17c CMakeFiles/pico_w_webserver.dir/Users/loicpwlk/Documents/Code/Rpi-pico/pico-sdk/lib/lwip/src/core/ipv4/ip4_frag.c.obj
                0x000000001000dea8                ip4_frag
 .text.ip4_route
                0x000000001000e024       0x7c CMakeFiles/pico_w_webserver.dir/Users/loicpwlk/Documents/Code/Rpi-pico/pico-sdk/lib/lwip/src/core/ipv4/ip4.c.obj
                0x000000001000e024                ip4_route
 .text.ip4_input
                0x000000001000e0a0      0x2cc CMakeFiles/pico_w_webserver.dir/Users/loicpwlk/Documents/Code/Rpi-pico/pico-sdk/lib/lwip/src/core/ipv4/ip4.c.obj
                0x000000001000e0a0                ip4_input
 .text.ip4_output_if
                0x000000001000e36c      0x190 CMakeFiles/pico_w_webserver.dir/Users/loicpwlk/Documents/Code/Rpi-pico/pico-sdk/lib/lwip/src/core/ipv4/ip4.c.obj
                0x000000001000e36c                ip4_output_if
 .text.ip4_output_if_src
                0x000000001000e4fc      0x17c CMakeFiles/pico_w_webserver.dir/Users/loicpwlk/Documents/Code/Rpi-pico/pico-sdk/lib/lwip/src/core/ipv4/ip4.c.obj
                0x000000001000e4fc                ip4_output_if_src
 .text.ip4_addr_isbroadcast_u32
                0x000000001000e678       0x3c CMakeFiles/pico_w_webserver.dir/Users/loicpwlk/Documents/Code/Rpi-pico/pico-sdk/lib/lwip/src/core/ipv4/ip4_addr.c.obj
                0x000000001000e678                ip4_addr_isbroadcast_u32
 .text.ethernet_input
                0x000000001000e6b4       0xd0 CMakeFiles/pico_w_webserver.dir/Users/loicpwlk/Documents/Code/Rpi-pico/pico-sdk/lib/lwip/src/netif/ethernet.c.obj
                0x000000001000e6b4                ethernet_input
 .text.ethernet_output
                0x000000001000e784       0x6c CMakeFiles/pico_w_webserver.dir/Users/loicpwlk/Documents/Code/Rpi-pico/pico-sdk/lib/lwip/src/netif/ethernet.c.obj
                0x000000001000e784                ethernet_output
 .text.cyw43_arch_wifi_connect_bssid_until.part.0
                0x000000001000e7f0       0xd8 CMakeFiles/pico_w_webserver.dir/Users/loicpwlk/Documents/Code/Rpi-pico/pico-sdk/src/rp2_common/pico_cyw43_arch/cyw43_arch.c.obj
 .text.cyw43_arch_set_async_context
                0x000000001000e8c8        0xc CMakeFiles/pico_w_webserver.dir/Users/loicpwlk/Documents/Code/Rpi-pico/pico-sdk/src/rp2_common/pico_cyw43_arch/cyw43_arch.c.obj
                0x000000001000e8c8                cyw43_arch_set_async_context
 .text.cyw43_arch_enable_sta_mode
                0x000000001000e8d4       0x1c CMakeFiles/pico_w_webserver.dir/Users/loicpwlk/Documents/Code/Rpi-pico/pico-sdk/src/rp2_common/pico_cyw43_arch/cyw43_arch.c.obj
                0x000000001000e8d4                cyw43_arch_enable_sta_mode
 .text.cyw43_arch_wifi_connect_timeout_ms
                0x000000001000e8f0       0x9c CMakeFiles/pico_w_webserver.dir/Users/loicpwlk/Documents/Code/Rpi-pico/pico-sdk/src/rp2_common/pico_cyw43_arch/cyw43_arch.c.obj
                0x000000001000e8f0                cyw43_arch_wifi_connect_timeout_ms
 .text.cyw43_arch_gpio_put
                0x000000001000e98c       0x14 CMakeFiles/pico_w_webserver.dir/Users/loicpwlk/Documents/Code/Rpi-pico/pico-sdk/src/rp2_common/pico_cyw43_arch/cyw43_arch.c.obj
                0x000000001000e98c                cyw43_arch_gpio_put
 .text.cyw43_arch_gpio_get
                0x000000001000e9a0       0x20 CMakeFiles/pico_w_webserver.dir/Users/loicpwlk/Documents/Code/Rpi-pico/pico-sdk/src/rp2_common/pico_cyw43_arch/cyw43_arch.c.obj
                0x000000001000e9a0                cyw43_arch_gpio_get
 .text.cyw43_arch_async_context
                0x000000001000e9c0        0xc CMakeFiles/pico_w_webserver.dir/Users/loicpwlk/Documents/Code/Rpi-pico/pico-sdk/src/rp2_common/pico_cyw43_arch/cyw43_arch.c.obj
                0x000000001000e9c0                cyw43_arch_async_context
 .text.cyw43_arch_init
                0x000000001000e9cc       0x80 CMakeFiles/pico_w_webserver.dir/Users/loicpwlk/Documents/Code/Rpi-pico/pico-sdk/src/rp2_common/pico_cyw43_arch/cyw43_arch_threadsafe_background.c.obj
                0x000000001000e9cc                cyw43_arch_init
 .text.ns_delay.constprop.0
                0x000000001000ea4c       0x20 CMakeFiles/pico_w_webserver.dir/Users/loicpwlk/Documents/Code/Rpi-pico/pico-sdk/src/rp2_common/pico_cyw43_driver/cyw43_bus_pio_spi.c.obj
 .text.cyw43_spi_init
                0x000000001000ea6c      0x1c0 CMakeFiles/pico_w_webserver.dir/Users/loicpwlk/Documents/Code/Rpi-pico/pico-sdk/src/rp2_common/pico_cyw43_driver/cyw43_bus_pio_spi.c.obj
                0x000000001000ea6c                cyw43_spi_init
 .text.cyw43_spi_deinit
                0x000000001000ec2c       0x6c CMakeFiles/pico_w_webserver.dir/Users/loicpwlk/Documents/Code/Rpi-pico/pico-sdk/src/rp2_common/pico_cyw43_driver/cyw43_bus_pio_spi.c.obj
                0x000000001000ec2c                cyw43_spi_deinit
 .text.cyw43_spi_transfer
                0x000000001000ec98      0x408 CMakeFiles/pico_w_webserver.dir/Users/loicpwlk/Documents/Code/Rpi-pico/pico-sdk/src/rp2_common/pico_cyw43_driver/cyw43_bus_pio_spi.c.obj
                0x000000001000ec98                cyw43_spi_transfer
 .text.cyw43_spi_gpio_setup
                0x000000001000f0a0       0x3c CMakeFiles/pico_w_webserver.dir/Users/loicpwlk/Documents/Code/Rpi-pico/pico-sdk/src/rp2_common/pico_cyw43_driver/cyw43_bus_pio_spi.c.obj
                0x000000001000f0a0                cyw43_spi_gpio_setup
 .text.cyw43_spi_reset
                0x000000001000f0dc       0x28 CMakeFiles/pico_w_webserver.dir/Users/loicpwlk/Documents/Code/Rpi-pico/pico-sdk/src/rp2_common/pico_cyw43_driver/cyw43_bus_pio_spi.c.obj
                0x000000001000f0dc                cyw43_spi_reset
 .text.read_reg_u32_swap
                0x000000001000f104       0x3c CMakeFiles/pico_w_webserver.dir/Users/loicpwlk/Documents/Code/Rpi-pico/pico-sdk/src/rp2_common/pico_cyw43_driver/cyw43_bus_pio_spi.c.obj
                0x000000001000f104                read_reg_u32_swap
 .text.cyw43_read_reg_u32
                0x000000001000f140       0x6c CMakeFiles/pico_w_webserver.dir/Users/loicpwlk/Documents/Code/Rpi-pico/pico-sdk/src/rp2_common/pico_cyw43_driver/cyw43_bus_pio_spi.c.obj
                0x000000001000f140                cyw43_read_reg_u32
 .text.cyw43_read_reg_u16
                0x000000001000f1ac       0x6c CMakeFiles/pico_w_webserver.dir/Users/loicpwlk/Documents/Code/Rpi-pico/pico-sdk/src/rp2_common/pico_cyw43_driver/cyw43_bus_pio_spi.c.obj
                0x000000001000f1ac                cyw43_read_reg_u16
 .text.cyw43_read_reg_u8
                0x000000001000f218       0x6c CMakeFiles/pico_w_webserver.dir/Users/loicpwlk/Documents/Code/Rpi-pico/pico-sdk/src/rp2_common/pico_cyw43_driver/cyw43_bus_pio_spi.c.obj
                0x000000001000f218                cyw43_read_reg_u8
 .text.write_reg_u32_swap
                0x000000001000f284      0x1e0 CMakeFiles/pico_w_webserver.dir/Users/loicpwlk/Documents/Code/Rpi-pico/pico-sdk/src/rp2_common/pico_cyw43_driver/cyw43_bus_pio_spi.c.obj
                0x000000001000f284                write_reg_u32_swap
 .text.cyw43_write_reg_u32
                0x000000001000f464      0x200 CMakeFiles/pico_w_webserver.dir/Users/loicpwlk/Documents/Code/Rpi-pico/pico-sdk/src/rp2_common/pico_cyw43_driver/cyw43_bus_pio_spi.c.obj
                0x000000001000f464                cyw43_write_reg_u32
 .text.cyw43_write_reg_u16
                0x000000001000f664      0x200 CMakeFiles/pico_w_webserver.dir/Users/loicpwlk/Documents/Code/Rpi-pico/pico-sdk/src/rp2_common/pico_cyw43_driver/cyw43_bus_pio_spi.c.obj
                0x000000001000f664                cyw43_write_reg_u16
 .text.cyw43_write_reg_u8
                0x000000001000f864      0x200 CMakeFiles/pico_w_webserver.dir/Users/loicpwlk/Documents/Code/Rpi-pico/pico-sdk/src/rp2_common/pico_cyw43_driver/cyw43_bus_pio_spi.c.obj
                0x000000001000f864                cyw43_write_reg_u8
 .text.cyw43_read_bytes
                0x000000001000fa64       0x8c CMakeFiles/pico_w_webserver.dir/Users/loicpwlk/Documents/Code/Rpi-pico/pico-sdk/src/rp2_common/pico_cyw43_driver/cyw43_bus_pio_spi.c.obj
                0x000000001000fa64                cyw43_read_bytes
 .text.cyw43_write_bytes
                0x000000001000faf0       0xd8 CMakeFiles/pico_w_webserver.dir/Users/loicpwlk/Documents/Code/Rpi-pico/pico-sdk/src/rp2_common/pico_cyw43_driver/cyw43_bus_pio_spi.c.obj
                0x000000001000faf0                cyw43_write_bytes
 .text.cyw43_set_backplane_window
                0x000000001000fbc8       0x64 CMakeFiles/pico_w_webserver.dir/Users/loicpwlk/Documents/Code/Rpi-pico/pico-sdk/lib/cyw43-driver/src/cyw43_ll.c.obj
 .text.cyw43_ll_parse_async_event
                0x000000001000fc2c      0x13c CMakeFiles/pico_w_webserver.dir/Users/loicpwlk/Documents/Code/Rpi-pico/pico-sdk/lib/cyw43-driver/src/cyw43_ll.c.obj
 .text.cyw43_kso_set
                0x000000001000fd68       0xa0 CMakeFiles/pico_w_webserver.dir/Users/loicpwlk/Documents/Code/Rpi-pico/pico-sdk/lib/cyw43-driver/src/cyw43_ll.c.obj
 .text.cyw43_ll_sdpcm_poll_device
                0x000000001000fe08      0x244 CMakeFiles/pico_w_webserver.dir/Users/loicpwlk/Documents/Code/Rpi-pico/pico-sdk/lib/cyw43-driver/src/cyw43_ll.c.obj
 .text.cyw43_sdpcm_send_common
                0x000000001001004c       0xf0 CMakeFiles/pico_w_webserver.dir/Users/loicpwlk/Documents/Code/Rpi-pico/pico-sdk/lib/cyw43-driver/src/cyw43_ll.c.obj
 .text.cyw43_do_ioctl
                0x000000001001013c      0x110 CMakeFiles/pico_w_webserver.dir/Users/loicpwlk/Documents/Code/Rpi-pico/pico-sdk/lib/cyw43-driver/src/cyw43_ll.c.obj
 .text.cyw43_do_ioctl.constprop.0
                0x000000001001024c      0x108 CMakeFiles/pico_w_webserver.dir/Users/loicpwlk/Documents/Code/Rpi-pico/pico-sdk/lib/cyw43-driver/src/cyw43_ll.c.obj
 .text.reset_device_core.constprop.0
                0x0000000010010354      0x3f0 CMakeFiles/pico_w_webserver.dir/Users/loicpwlk/Documents/Code/Rpi-pico/pico-sdk/lib/cyw43-driver/src/cyw43_ll.c.obj
 .text.cyw43_ll_init
                0x0000000010010744       0x18 CMakeFiles/pico_w_webserver.dir/Users/loicpwlk/Documents/Code/Rpi-pico/pico-sdk/lib/cyw43-driver/src/cyw43_ll.c.obj
                0x0000000010010744                cyw43_ll_init
 .text.cyw43_ll_deinit
                0x000000001001075c        0x8 CMakeFiles/pico_w_webserver.dir/Users/loicpwlk/Documents/Code/Rpi-pico/pico-sdk/lib/cyw43-driver/src/cyw43_ll.c.obj
                0x000000001001075c                cyw43_ll_deinit
 .text.cyw43_ll_send_ethernet
                0x0000000010010764       0x60 CMakeFiles/pico_w_webserver.dir/Users/loicpwlk/Documents/Code/Rpi-pico/pico-sdk/lib/cyw43-driver/src/cyw43_ll.c.obj
                0x0000000010010764                cyw43_ll_send_ethernet
 .text.cyw43_ll_process_packets
                0x00000000100107c4       0x68 CMakeFiles/pico_w_webserver.dir/Users/loicpwlk/Documents/Code/Rpi-pico/pico-sdk/lib/cyw43-driver/src/cyw43_ll.c.obj
                0x00000000100107c4                cyw43_ll_process_packets
 .text.cyw43_ll_ioctl
                0x000000001001082c       0x20 CMakeFiles/pico_w_webserver.dir/Users/loicpwlk/Documents/Code/Rpi-pico/pico-sdk/lib/cyw43-driver/src/cyw43_ll.c.obj
                0x000000001001082c                cyw43_ll_ioctl
 .text.cyw43_ll_bus_sleep
                0x000000001001084c       0x34 CMakeFiles/pico_w_webserver.dir/Users/loicpwlk/Documents/Code/Rpi-pico/pico-sdk/lib/cyw43-driver/src/cyw43_ll.c.obj
                0x000000001001084c                cyw43_ll_bus_sleep
 .text.cyw43_ll_bus_init
                0x0000000010010880      0xcac CMakeFiles/pico_w_webserver.dir/Users/loicpwlk/Documents/Code/Rpi-pico/pico-sdk/lib/cyw43-driver/src/cyw43_ll.c.obj
                0x0000000010010880                cyw43_ll_bus_init
 .text.cyw43_ll_wifi_on
                0x000000001001152c      0x240 CMakeFiles/pico_w_webserver.dir/Users/loicpwlk/Documents/Code/Rpi-pico/pico-sdk/lib/cyw43-driver/src/cyw43_ll.c.obj
                0x000000001001152c                cyw43_ll_wifi_on
 .text.cyw43_ll_wifi_get_mac
                0x000000001001176c       0x44 CMakeFiles/pico_w_webserver.dir/Users/loicpwlk/Documents/Code/Rpi-pico/pico-sdk/lib/cyw43-driver/src/cyw43_ll.c.obj
                0x000000001001176c                cyw43_ll_wifi_get_mac
 .text.cyw43_ll_wifi_pm
                0x00000000100117b0      0x194 CMakeFiles/pico_w_webserver.dir/Users/loicpwlk/Documents/Code/Rpi-pico/pico-sdk/lib/cyw43-driver/src/cyw43_ll.c.obj
                0x00000000100117b0                cyw43_ll_wifi_pm
 .text.cyw43_ll_wifi_join
                0x0000000010011944      0x30c CMakeFiles/pico_w_webserver.dir/Users/loicpwlk/Documents/Code/Rpi-pico/pico-sdk/lib/cyw43-driver/src/cyw43_ll.c.obj
                0x0000000010011944                cyw43_ll_wifi_join
 .text.cyw43_ll_wifi_set_wpa_auth
                0x0000000010011c50       0x2c CMakeFiles/pico_w_webserver.dir/Users/loicpwlk/Documents/Code/Rpi-pico/pico-sdk/lib/cyw43-driver/src/cyw43_ll.c.obj
                0x0000000010011c50                cyw43_ll_wifi_set_wpa_auth
 .text.cyw43_ll_wifi_rejoin
                0x0000000010011c7c       0x1c CMakeFiles/pico_w_webserver.dir/Users/loicpwlk/Documents/Code/Rpi-pico/pico-sdk/lib/cyw43-driver/src/cyw43_ll.c.obj
                0x0000000010011c7c                cyw43_ll_wifi_rejoin
 .text.cyw43_ll_wifi_ap_init
                0x0000000010011c98      0x2c4 CMakeFiles/pico_w_webserver.dir/Users/loicpwlk/Documents/Code/Rpi-pico/pico-sdk/lib/cyw43-driver/src/cyw43_ll.c.obj
                0x0000000010011c98                cyw43_ll_wifi_ap_init
 .text.cyw43_ll_wifi_ap_set_up
                0x0000000010011f5c       0x54 CMakeFiles/pico_w_webserver.dir/Users/loicpwlk/Documents/Code/Rpi-pico/pico-sdk/lib/cyw43-driver/src/cyw43_ll.c.obj
                0x0000000010011f5c                cyw43_ll_wifi_ap_set_up
 .text.cyw43_ll_gpio_set
                0x0000000010011fb0       0x6c CMakeFiles/pico_w_webserver.dir/Users/loicpwlk/Documents/Code/Rpi-pico/pico-sdk/lib/cyw43-driver/src/cyw43_ll.c.obj
                0x0000000010011fb0                cyw43_ll_gpio_set
 .text.cyw43_ll_gpio_get
                0x000000001001201c       0x6c CMakeFiles/pico_w_webserver.dir/Users/loicpwlk/Documents/Code/Rpi-pico/pico-sdk/lib/cyw43-driver/src/cyw43_ll.c.obj
                0x000000001001201c                cyw43_ll_gpio_get
 .text.cyw43_ll_has_work
                0x0000000010012088       0x14 CMakeFiles/pico_w_webserver.dir/Users/loicpwlk/Documents/Code/Rpi-pico/pico-sdk/lib/cyw43-driver/src/cyw43_ll.c.obj
                0x0000000010012088                cyw43_ll_has_work
 .text.cyw43_netif_init
                0x000000001001209c       0x3c CMakeFiles/pico_w_webserver.dir/Users/loicpwlk/Documents/Code/Rpi-pico/pico-sdk/lib/cyw43-driver/src/cyw43_lwip.c.obj
 .text.cyw43_netif_output
                0x00000000100120d8       0x34 CMakeFiles/pico_w_webserver.dir/Users/loicpwlk/Documents/Code/Rpi-pico/pico-sdk/lib/cyw43-driver/src/cyw43_lwip.c.obj
 .text.cyw43_cb_tcpip_init
                0x000000001001210c       0xf8 CMakeFiles/pico_w_webserver.dir/Users/loicpwlk/Documents/Code/Rpi-pico/pico-sdk/lib/cyw43-driver/src/cyw43_lwip.c.obj
                0x000000001001210c                cyw43_cb_tcpip_init
 .text.cyw43_cb_tcpip_deinit
                0x0000000010012204       0x4c CMakeFiles/pico_w_webserver.dir/Users/loicpwlk/Documents/Code/Rpi-pico/pico-sdk/lib/cyw43-driver/src/cyw43_lwip.c.obj
                0x0000000010012204                cyw43_cb_tcpip_deinit
 .text.cyw43_cb_process_ethernet
                0x0000000010012250       0x68 CMakeFiles/pico_w_webserver.dir/Users/loicpwlk/Documents/Code/Rpi-pico/pico-sdk/lib/cyw43-driver/src/cyw43_lwip.c.obj
                0x0000000010012250                cyw43_cb_process_ethernet
 .text.cyw43_cb_tcpip_set_link_up
                0x00000000100122b8       0x18 CMakeFiles/pico_w_webserver.dir/Users/loicpwlk/Documents/Code/Rpi-pico/pico-sdk/lib/cyw43-driver/src/cyw43_lwip.c.obj
                0x00000000100122b8                cyw43_cb_tcpip_set_link_up
 .text.cyw43_cb_tcpip_set_link_down
                0x00000000100122d0       0x18 CMakeFiles/pico_w_webserver.dir/Users/loicpwlk/Documents/Code/Rpi-pico/pico-sdk/lib/cyw43-driver/src/cyw43_lwip.c.obj
                0x00000000100122d0                cyw43_cb_tcpip_set_link_down
 .text.cyw43_tcpip_link_status
                0x00000000100122e8       0x34 CMakeFiles/pico_w_webserver.dir/Users/loicpwlk/Documents/Code/Rpi-pico/pico-sdk/lib/cyw43-driver/src/cyw43_lwip.c.obj
                0x00000000100122e8                cyw43_tcpip_link_status
 .text.cyw43_poll_func
                0x000000001001231c       0xbc CMakeFiles/pico_w_webserver.dir/Users/loicpwlk/Documents/Code/Rpi-pico/pico-sdk/lib/cyw43-driver/src/cyw43_ctrl.c.obj
 .text.cyw43_init
                0x00000000100123d8       0x70 CMakeFiles/pico_w_webserver.dir/Users/loicpwlk/Documents/Code/Rpi-pico/pico-sdk/lib/cyw43-driver/src/cyw43_ctrl.c.obj
                0x00000000100123d8                cyw43_init
 .text.cyw43_deinit
                0x0000000010012448       0x94 CMakeFiles/pico_w_webserver.dir/Users/loicpwlk/Documents/Code/Rpi-pico/pico-sdk/lib/cyw43-driver/src/cyw43_ctrl.c.obj
                0x0000000010012448                cyw43_deinit
 .text.cyw43_cb_read_host_interrupt_pin
                0x00000000100124dc        0xc CMakeFiles/pico_w_webserver.dir/Users/loicpwlk/Documents/Code/Rpi-pico/pico-sdk/lib/cyw43-driver/src/cyw43_ctrl.c.obj
                0x00000000100124dc                cyw43_cb_read_host_interrupt_pin
 .text.cyw43_cb_ensure_awake
                0x00000000100124e8        0xc CMakeFiles/pico_w_webserver.dir/Users/loicpwlk/Documents/Code/Rpi-pico/pico-sdk/lib/cyw43-driver/src/cyw43_ctrl.c.obj
                0x00000000100124e8                cyw43_cb_ensure_awake
 .text.cyw43_cb_process_async_event
                0x00000000100124f4      0x238 CMakeFiles/pico_w_webserver.dir/Users/loicpwlk/Documents/Code/Rpi-pico/pico-sdk/lib/cyw43-driver/src/cyw43_ctrl.c.obj
                0x00000000100124f4                cyw43_cb_process_async_event
 .text.cyw43_send_ethernet
                0x000000001001272c       0xc0 CMakeFiles/pico_w_webserver.dir/Users/loicpwlk/Documents/Code/Rpi-pico/pico-sdk/lib/cyw43-driver/src/cyw43_ctrl.c.obj
                0x000000001001272c                cyw43_send_ethernet
 .text.cyw43_wifi_get_mac
                0x00000000100127ec       0x10 CMakeFiles/pico_w_webserver.dir/Users/loicpwlk/Documents/Code/Rpi-pico/pico-sdk/lib/cyw43-driver/src/cyw43_ctrl.c.obj
                0x00000000100127ec                cyw43_wifi_get_mac
 .text.cyw43_wifi_set_up
                0x00000000100127fc      0x300 CMakeFiles/pico_w_webserver.dir/Users/loicpwlk/Documents/Code/Rpi-pico/pico-sdk/lib/cyw43-driver/src/cyw43_ctrl.c.obj
                0x00000000100127fc                cyw43_wifi_set_up
 .text.cyw43_wifi_link_status
                0x0000000010012afc       0x3c CMakeFiles/pico_w_webserver.dir/Users/loicpwlk/Documents/Code/Rpi-pico/pico-sdk/lib/cyw43-driver/src/cyw43_ctrl.c.obj
                0x0000000010012afc                cyw43_wifi_link_status
 .text.cyw43_wifi_join
                0x0000000010012b38       0xf8 CMakeFiles/pico_w_webserver.dir/Users/loicpwlk/Documents/Code/Rpi-pico/pico-sdk/lib/cyw43-driver/src/cyw43_ctrl.c.obj
                0x0000000010012b38                cyw43_wifi_join
 .text.cyw43_gpio_set
                0x0000000010012c30       0xa4 CMakeFiles/pico_w_webserver.dir/Users/loicpwlk/Documents/Code/Rpi-pico/pico-sdk/lib/cyw43-driver/src/cyw43_ctrl.c.obj
                0x0000000010012c30                cyw43_gpio_set
 .text.cyw43_gpio_get
                0x0000000010012cd4       0xa4 CMakeFiles/pico_w_webserver.dir/Users/loicpwlk/Documents/Code/Rpi-pico/pico-sdk/lib/cyw43-driver/src/cyw43_ctrl.c.obj
                0x0000000010012cd4                cyw43_gpio_get
 .text.pio_sm_unclaim
                0x0000000010012d78       0x20 CMakeFiles/pico_w_webserver.dir/Users/loicpwlk/Documents/Code/Rpi-pico/pico-sdk/src/rp2_common/hardware_pio/pio.c.obj
                0x0000000010012d78                pio_sm_unclaim
 .text.pio_claim_unused_sm
                0x0000000010012d98       0x3c CMakeFiles/pico_w_webserver.dir/Users/loicpwlk/Documents/Code/Rpi-pico/pico-sdk/src/rp2_common/hardware_pio/pio.c.obj
                0x0000000010012d98                pio_claim_unused_sm
 .text.pio_can_add_program
                0x0000000010012dd4       0x68 CMakeFiles/pico_w_webserver.dir/Users/loicpwlk/Documents/Code/Rpi-pico/pico-sdk/src/rp2_common/hardware_pio/pio.c.obj
                0x0000000010012dd4                pio_can_add_program
 .text.pio_add_program
                0x0000000010012e3c       0xc8 CMakeFiles/pico_w_webserver.dir/Users/loicpwlk/Documents/Code/Rpi-pico/pico-sdk/src/rp2_common/hardware_pio/pio.c.obj
                0x0000000010012e3c                pio_add_program
 .text.pio_remove_program
                0x0000000010012f04       0x34 CMakeFiles/pico_w_webserver.dir/Users/loicpwlk/Documents/Code/Rpi-pico/pico-sdk/src/rp2_common/hardware_pio/pio.c.obj
                0x0000000010012f04                pio_remove_program
 .text.pio_sm_set_pindirs_with_mask
                0x0000000010012f38       0xa4 CMakeFiles/pico_w_webserver.dir/Users/loicpwlk/Documents/Code/Rpi-pico/pico-sdk/src/rp2_common/hardware_pio/pio.c.obj
                0x0000000010012f38                pio_sm_set_pindirs_with_mask
 .text.pio_sm_set_consecutive_pindirs
                0x0000000010012fdc       0xb0 CMakeFiles/pico_w_webserver.dir/Users/loicpwlk/Documents/Code/Rpi-pico/pico-sdk/src/rp2_common/hardware_pio/pio.c.obj
                0x0000000010012fdc                pio_sm_set_consecutive_pindirs
 .text.dma_channel_unclaim
                0x000000001001308c       0x10 CMakeFiles/pico_w_webserver.dir/Users/loicpwlk/Documents/Code/Rpi-pico/pico-sdk/src/rp2_common/hardware_dma/dma.c.obj
                0x000000001001308c                dma_channel_unclaim
 .text.dma_claim_unused_channel
                0x000000001001309c       0x20 CMakeFiles/pico_w_webserver.dir/Users/loicpwlk/Documents/Code/Rpi-pico/pico-sdk/src/rp2_common/hardware_dma/dma.c.obj
                0x000000001001309c                dma_claim_unused_channel
 .text.cyw43_sleep_timeout_reached
                0x00000000100130bc       0x10 CMakeFiles/pico_w_webserver.dir/Users/loicpwlk/Documents/Code/Rpi-pico/pico-sdk/src/rp2_common/pico_cyw43_driver/cyw43_driver.c.obj
 .text.cyw43_irq_init
                0x00000000100130cc       0x28 CMakeFiles/pico_w_webserver.dir/Users/loicpwlk/Documents/Code/Rpi-pico/pico-sdk/src/rp2_common/pico_cyw43_driver/cyw43_driver.c.obj
                0x00000000100130cc                cyw43_irq_init
 .text.cyw43_irq_deinit
                0x00000000100130f4       0x20 CMakeFiles/pico_w_webserver.dir/Users/loicpwlk/Documents/Code/Rpi-pico/pico-sdk/src/rp2_common/pico_cyw43_driver/cyw43_driver.c.obj
                0x00000000100130f4                cyw43_irq_deinit
 .text.cyw43_gpio_irq_handler
                0x0000000010013114       0x44 CMakeFiles/pico_w_webserver.dir/Users/loicpwlk/Documents/Code/Rpi-pico/pico-sdk/src/rp2_common/pico_cyw43_driver/cyw43_driver.c.obj
 .text.cyw43_do_poll
                0x0000000010013158       0x6c CMakeFiles/pico_w_webserver.dir/Users/loicpwlk/Documents/Code/Rpi-pico/pico-sdk/src/rp2_common/pico_cyw43_driver/cyw43_driver.c.obj
 .text.cyw43_post_poll_hook
                0x00000000100131c4       0x10 CMakeFiles/pico_w_webserver.dir/Users/loicpwlk/Documents/Code/Rpi-pico/pico-sdk/src/rp2_common/pico_cyw43_driver/cyw43_driver.c.obj
                0x00000000100131c4                cyw43_post_poll_hook
 .text.cyw43_schedule_internal_poll_dispatch
                0x00000000100131d4       0x18 CMakeFiles/pico_w_webserver.dir/Users/loicpwlk/Documents/Code/Rpi-pico/pico-sdk/src/rp2_common/pico_cyw43_driver/cyw43_driver.c.obj
                0x00000000100131d4                cyw43_schedule_internal_poll_dispatch
 .text.cyw43_driver_init
                0x00000000100131ec       0x38 CMakeFiles/pico_w_webserver.dir/Users/loicpwlk/Documents/Code/Rpi-pico/pico-sdk/src/rp2_common/pico_cyw43_driver/cyw43_driver.c.obj
                0x00000000100131ec                cyw43_driver_init
 .text.cyw43_driver_deinit
                0x0000000010013224       0x44 CMakeFiles/pico_w_webserver.dir/Users/loicpwlk/Documents/Code/Rpi-pico/pico-sdk/src/rp2_common/pico_cyw43_driver/cyw43_driver.c.obj
                0x0000000010013224                cyw43_driver_deinit
 .text.cyw43_hal_generate_laa_mac
                0x0000000010013268       0x28 CMakeFiles/pico_w_webserver.dir/Users/loicpwlk/Documents/Code/Rpi-pico/pico-sdk/src/rp2_common/pico_cyw43_driver/cyw43_driver.c.obj
                0x0000000010013268                cyw43_hal_generate_laa_mac
 .text.cyw43_hal_get_mac
                0x0000000010013290       0x1c CMakeFiles/pico_w_webserver.dir/Users/loicpwlk/Documents/Code/Rpi-pico/pico-sdk/src/rp2_common/pico_cyw43_driver/cyw43_driver.c.obj
                0x0000000010013290                cyw43_hal_get_mac
 .text.cyw43_thread_enter
                0x00000000100132ac       0x14 CMakeFiles/pico_w_webserver.dir/Users/loicpwlk/Documents/Code/Rpi-pico/pico-sdk/src/rp2_common/pico_cyw43_driver/cyw43_driver.c.obj
                0x00000000100132ac                cyw43_thread_enter
 .text.cyw43_thread_exit
                0x00000000100132c0       0x14 CMakeFiles/pico_w_webserver.dir/Users/loicpwlk/Documents/Code/Rpi-pico/pico-sdk/src/rp2_common/pico_cyw43_driver/cyw43_driver.c.obj
                0x00000000100132c0                cyw43_thread_exit
 .text.cyw43_await_background_or_timeout_us
                0x00000000100132d4       0x34 CMakeFiles/pico_w_webserver.dir/Users/loicpwlk/Documents/Code/Rpi-pico/pico-sdk/src/rp2_common/pico_cyw43_driver/cyw43_driver.c.obj
                0x00000000100132d4                cyw43_await_background_or_timeout_us
 .text.cyw43_delay_ms
                0x0000000010013308       0x44 CMakeFiles/pico_w_webserver.dir/Users/loicpwlk/Documents/Code/Rpi-pico/pico-sdk/src/rp2_common/pico_cyw43_driver/cyw43_driver.c.obj
                0x0000000010013308                cyw43_delay_ms
 .text.cyw43_delay_us
                0x000000001001334c       0x34 CMakeFiles/pico_w_webserver.dir/Users/loicpwlk/Documents/Code/Rpi-pico/pico-sdk/src/rp2_common/pico_cyw43_driver/cyw43_driver.c.obj
                0x000000001001334c                cyw43_delay_us
 .text.async_context_threadsafe_background_acquire_lock_blocking
                0x0000000010013380        0xc CMakeFiles/pico_w_webserver.dir/Users/loicpwlk/Documents/Code/Rpi-pico/pico-sdk/src/rp2_common/pico_async_context/async_context_threadsafe_background.c.obj
 .text.alarm_handler
                0x000000001001338c       0x20 CMakeFiles/pico_w_webserver.dir/Users/loicpwlk/Documents/Code/Rpi-pico/pico-sdk/src/rp2_common/pico_async_context/async_context_threadsafe_background.c.obj
 .text.async_context_threadsafe_background_set_work_pending
                0x00000000100133ac       0x1c CMakeFiles/pico_w_webserver.dir/Users/loicpwlk/Documents/Code/Rpi-pico/pico-sdk/src/rp2_common/pico_async_context/async_context_threadsafe_background.c.obj
 .text.process_under_lock
                0x00000000100133c8       0xc8 CMakeFiles/pico_w_webserver.dir/Users/loicpwlk/Documents/Code/Rpi-pico/pico-sdk/src/rp2_common/pico_async_context/async_context_threadsafe_background.c.obj
 .text.async_context_threadsafe_background_execute_sync
                0x0000000010013490       0x30 CMakeFiles/pico_w_webserver.dir/Users/loicpwlk/Documents/Code/Rpi-pico/pico-sdk/src/rp2_common/pico_async_context/async_context_threadsafe_background.c.obj
                0x0000000010013490                async_context_threadsafe_background_execute_sync
 .text.async_context_threadsafe_background_deinit