Archive member included to satisfy reference by file (symbol)

/opt/homebrew/Cellar/arm-none-eabi-gcc/10.3-2021.07/gcc/bin/../lib/gcc/arm-none-eabi/10.3.1/thumb/v6-m/nofp/libgcc.a(_dvmd_tls.o)
                              CMakeFiles/adc-picoW.dir/Users/loicpwlk/Documents/Code/Rpi-pico/pico-sdk/src/rp2_common/pico_divider/divider.S.obj (__aeabi_idiv0)
/opt/homebrew/Cellar/arm-none-eabi-gcc/10.3-2021.07/gcc/bin/../lib/gcc/arm-none-eabi/10.3.1/../../../../arm-none-eabi/lib/thumb/v6-m/nofp/libg.a(lib_a-calloc.o)
                              CMakeFiles/adc-picoW.dir/Users/loicpwlk/Documents/Code/Rpi-pico/pico-sdk/src/rp2_common/pico_malloc/pico_malloc.c.obj (calloc)
/opt/homebrew/Cellar/arm-none-eabi-gcc/10.3-2021.07/gcc/bin/../lib/gcc/arm-none-eabi/10.3.1/../../../../arm-none-eabi/lib/thumb/v6-m/nofp/libg.a(lib_a-callocr.o)
                              /opt/homebrew/Cellar/arm-none-eabi-gcc/10.3-2021.07/gcc/bin/../lib/gcc/arm-none-eabi/10.3.1/../../../../arm-none-eabi/lib/thumb/v6-m/nofp/libg.a(lib_a-calloc.o) (_calloc_r)
/opt/homebrew/Cellar/arm-none-eabi-gcc/10.3-2021.07/gcc/bin/../lib/gcc/arm-none-eabi/10.3.1/../../../../arm-none-eabi/lib/thumb/v6-m/nofp/libg.a(lib_a-errno.o)
                              /opt/homebrew/Cellar/arm-none-eabi-gcc/10.3-2021.07/gcc/bin/../lib/gcc/arm-none-eabi/10.3.1/../../../../arm-none-eabi/lib/thumb/v6-m/nofp/libg.a(lib_a-callocr.o) (__errno)
/opt/homebrew/Cellar/arm-none-eabi-gcc/10.3-2021.07/gcc/bin/../lib/gcc/arm-none-eabi/10.3.1/../../../../arm-none-eabi/lib/thumb/v6-m/nofp/libg.a(lib_a-impure.o)
                              /opt/homebrew/Cellar/arm-none-eabi-gcc/10.3-2021.07/gcc/bin/../lib/gcc/arm-none-eabi/10.3.1/../../../../arm-none-eabi/lib/thumb/v6-m/nofp/libg.a(lib_a-calloc.o) (_impure_ptr)
/opt/homebrew/Cellar/arm-none-eabi-gcc/10.3-2021.07/gcc/bin/../lib/gcc/arm-none-eabi/10.3.1/../../../../arm-none-eabi/lib/thumb/v6-m/nofp/libg.a(lib_a-init.o)
                              /opt/homebrew/Cellar/arm-none-eabi-gcc/10.3-2021.07/gcc/bin/../lib/gcc/arm-none-eabi/10.3.1/../../../../arm-none-eabi/lib/thumb/v6-m/nofp/crt0.o (__libc_init_array)
/opt/homebrew/Cellar/arm-none-eabi-gcc/10.3-2021.07/gcc/bin/../lib/gcc/arm-none-eabi/10.3.1/../../../../arm-none-eabi/lib/thumb/v6-m/nofp/libg.a(lib_a-malloc.o)
                              CMakeFiles/adc-picoW.dir/Users/loicpwlk/Documents/Code/Rpi-pico/pico-sdk/src/rp2_common/pico_malloc/pico_malloc.c.obj (malloc)
/opt/homebrew/Cellar/arm-none-eabi-gcc/10.3-2021.07/gcc/bin/../lib/gcc/arm-none-eabi/10.3.1/../../../../arm-none-eabi/lib/thumb/v6-m/nofp/libg.a(lib_a-mallocr.o)
                              /opt/homebrew/Cellar/arm-none-eabi-gcc/10.3-2021.07/gcc/bin/../lib/gcc/arm-none-eabi/10.3.1/../../../../arm-none-eabi/lib/thumb/v6-m/nofp/libg.a(lib_a-callocr.o) (_malloc_r)
/opt/homebrew/Cellar/arm-none-eabi-gcc/10.3-2021.07/gcc/bin/../lib/gcc/arm-none-eabi/10.3.1/../../../../arm-none-eabi/lib/thumb/v6-m/nofp/libg.a(lib_a-memcmp.o)
                              CMakeFiles/adc-picoW.dir/Users/loicpwlk/Documents/Code/Rpi-pico/pico-sdk/lib/cyw43-driver/src/cyw43_ll.c.obj (memcmp)
/opt/homebrew/Cellar/arm-none-eabi-gcc/10.3-2021.07/gcc/bin/../lib/gcc/arm-none-eabi/10.3.1/../../../../arm-none-eabi/lib/thumb/v6-m/nofp/libg.a(lib_a-memmove.o)
                              CMakeFiles/adc-picoW.dir/Users/loicpwlk/Documents/Code/Rpi-pico/pico-sdk/lib/cyw43-driver/src/cyw43_ll.c.obj (memmove)
/opt/homebrew/Cellar/arm-none-eabi-gcc/10.3-2021.07/gcc/bin/../lib/gcc/arm-none-eabi/10.3.1/../../../../arm-none-eabi/lib/thumb/v6-m/nofp/libg.a(lib_a-mlock.o)
                              /opt/homebrew/Cellar/arm-none-eabi-gcc/10.3-2021.07/gcc/bin/../lib/gcc/arm-none-eabi/10.3.1/../../../../arm-none-eabi/lib/thumb/v6-m/nofp/libg.a(lib_a-mallocr.o) (__malloc_lock)
/opt/homebrew/Cellar/arm-none-eabi-gcc/10.3-2021.07/gcc/bin/../lib/gcc/arm-none-eabi/10.3.1/../../../../arm-none-eabi/lib/thumb/v6-m/nofp/libg.a(lib_a-realloc.o)
                              CMakeFiles/adc-picoW.dir/Users/loicpwlk/Documents/Code/Rpi-pico/pico-sdk/src/rp2_common/pico_malloc/pico_malloc.c.obj (realloc)
/opt/homebrew/Cellar/arm-none-eabi-gcc/10.3-2021.07/gcc/bin/../lib/gcc/arm-none-eabi/10.3.1/../../../../arm-none-eabi/lib/thumb/v6-m/nofp/libg.a(lib_a-reallocr.o)
                              /opt/homebrew/Cellar/arm-none-eabi-gcc/10.3-2021.07/gcc/bin/../lib/gcc/arm-none-eabi/10.3.1/../../../../arm-none-eabi/lib/thumb/v6-m/nofp/libg.a(lib_a-realloc.o) (_realloc_r)
/opt/homebrew/Cellar/arm-none-eabi-gcc/10.3-2021.07/gcc/bin/../lib/gcc/arm-none-eabi/10.3.1/../../../../arm-none-eabi/lib/thumb/v6-m/nofp/libg.a(lib_a-sbrkr.o)
                              /opt/homebrew/Cellar/arm-none-eabi-gcc/10.3-2021.07/gcc/bin/../lib/gcc/arm-none-eabi/10.3.1/../../../../arm-none-eabi/lib/thumb/v6-m/nofp/libg.a(lib_a-mallocr.o) (_sbrk_r)
[...]
Memory Configuration

Name             Origin             Length             Attributes
FLASH            0x0000000010000000 0x0000000000200000 xr
RAM              0x0000000020000000 0x0000000000040000 xrw
SCRATCH_X        0x0000000020040000 0x0000000000001000 xrw
SCRATCH_Y        0x0000000020041000 0x0000000000001000 xrw
*default*        0x0000000000000000 0xffffffffffffffff

Linker script and memory map

LOAD /opt/homebrew/Cellar/arm-none-eabi-gcc/10.3-2021.07/gcc/bin/../lib/gcc/arm-none-eabi/10.3.1/thumb/v6-m/nofp/crti.o
LOAD /opt/homebrew/Cellar/arm-none-eabi-gcc/10.3-2021.07/gcc/bin/../lib/gcc/arm-none-eabi/10.3.1/thumb/v6-m/nofp/crtbegin.o
LOAD /opt/homebrew/Cellar/arm-none-eabi-gcc/10.3-2021.07/gcc/bin/../lib/gcc/arm-none-eabi/10.3.1/../../../../arm-none-eabi/lib/thumb/v6-m/nofp/crt0.o

.flash_begin    0x0000000010000000        0x0
                0x0000000010000000                __flash_binary_start = .

.boot2          0x0000000010000000      0x100
                0x0000000010000000                __boot2_start__ = .
 *(.boot2)
 .boot2         0x0000000010000000      0x100 /var/folders/zd/xbpf8m591lbbtdhlym5qqrv40000gn/T//ccV5qp5K.o
                0x0000000010000100                __boot2_end__ = .
                0x0000000000000001                ASSERT (((__boot2_end__ - __boot2_start__) == 0x100), ERROR: Pico second stage bootloader must be 256 bytes in size)

.text           0x0000000010000100     0xa680
                0x0000000010000100                __logical_binary_start = .
 *(.vectors)
 .vectors       0x0000000010000100       0xd4 CMakeFiles/adc-picoW.dir/Users/loicpwlk/Documents/Code/Rpi-pico/pico-sdk/src/rp2_common/pico_standard_link/crt0.S.obj
                0x0000000010000100                __VECTOR_TABLE
                0x0000000010000100                __vectors
                0x00000000100001c0                __default_isrs_start
                0x00000000100001c0                isr_invalid
                0x00000000100001c2                isr_nmi
                0x00000000100001c4                isr_hardfault
                0x00000000100001c6                isr_svcall
                0x00000000100001c8                isr_pendsv
                0x00000000100001ca                isr_systick
                0x00000000100001cc                isr_irq28
                0x00000000100001cc                isr_irq19
                0x00000000100001cc                isr_irq0
                0x00000000100001cc                isr_irq6
                0x00000000100001cc                isr_irq22
                0x00000000100001cc                isr_irq17
                0x00000000100001cc                isr_irq14
                0x00000000100001cc                isr_irq2
                0x00000000100001cc                isr_irq10
                0x00000000100001cc                isr_irq8
                0x00000000100001cc                isr_irq24
                0x00000000100001cc                isr_irq1
                0x00000000100001cc                isr_irq7
                0x00000000100001cc                isr_irq21
                0x00000000100001cc                isr_irq20
                0x00000000100001cc                isr_irq15
                0x00000000100001cc                isr_irq25
                0x00000000100001cc                isr_irq4
                0x00000000100001cc                isr_irq16
                0x00000000100001cc                isr_irq29
                0x00000000100001cc                isr_irq26
                0x00000000100001cc                __default_isrs_end
                0x00000000100001cc                isr_irq3
                0x00000000100001cc                isr_irq9
                0x00000000100001cc                __unhandled_user_irq
                0x00000000100001cc                isr_irq13
                0x00000000100001cc                isr_irq27
                0x00000000100001cc                isr_irq31
                0x00000000100001cc                isr_irq5
                0x00000000100001cc                isr_irq11
                0x00000000100001cc                isr_irq23
                0x00000000100001cc                isr_irq18
                0x00000000100001cc                isr_irq30
                0x00000000100001cc                isr_irq12
                0x00000000100001d2                unhandled_user_irq_num_in_r0
 *(.binary_info_header)
 .binary_info_header
                0x00000000100001d4       0x14 CMakeFiles/adc-picoW.dir/Users/loicpwlk/Documents/Code/Rpi-pico/pico-sdk/src/rp2_common/pico_standard_link/crt0.S.obj
                0x00000000100001e8                __binary_info_header_end = .
 *(.reset)
 .reset         0x00000000100001e8       0xa0 CMakeFiles/adc-picoW.dir/Users/loicpwlk/Documents/Code/Rpi-pico/pico-sdk/src/rp2_common/pico_standard_link/crt0.S.obj
                0x00000000100001e8                _entry_point
 .reset         0x0000000010000288       0x30 CMakeFiles/adc-picoW.dir/Users/loicpwlk/Documents/Code/Rpi-pico/pico-sdk/src/rp2_common/pico_standard_link/binary_info.c.obj
 *(.init)
 .init          0x00000000100002b8        0x4 /opt/homebrew/Cellar/arm-none-eabi-gcc/10.3-2021.07/gcc/bin/../lib/gcc/arm-none-eabi/10.3.1/thumb/v6-m/nofp/crti.o
                0x00000000100002b8                _init
 *(EXCLUDE_FILE(*libm.a: *libc.a:*lib_a-mem*.o *libgcc.a:) .text*)
 .text          0x00000000100002bc       0x48 /opt/homebrew/Cellar/arm-none-eabi-gcc/10.3-2021.07/gcc/bin/../lib/gcc/arm-none-eabi/10.3.1/thumb/v6-m/nofp/crtbegin.o
 .text.serial_handler
                0x0000000010000304        0xa CMakeFiles/adc-picoW.dir/adc-picoW.c.obj
                0x0000000010000304                serial_handler
 .text.blink    0x000000001000030e       0x2c CMakeFiles/adc-picoW.dir/adc-picoW.c.obj
                0x000000001000030e                blink
 *fill*         0x000000001000033a        0x2 
 .text.dma_capture
                0x000000001000033c      0x100 CMakeFiles/adc-picoW.dir/adc-picoW.c.obj
                0x000000001000033c                dma_capture
 .text.main     0x000000001000043c       0xc8 CMakeFiles/adc-picoW.dir/adc-picoW.c.obj
                0x000000001000043c                main
 .text.cyw43_arch_set_async_context
                0x0000000010000504        0xc CMakeFiles/adc-picoW.dir/Users/loicpwlk/Documents/Code/Rpi-pico/pico-sdk/src/rp2_common/pico_cyw43_arch/cyw43_arch.c.obj
                0x0000000010000504                cyw43_arch_set_async_context
 .text.cyw43_arch_gpio_put
                0x0000000010000510       0x14 CMakeFiles/adc-picoW.dir/Users/loicpwlk/Documents/Code/Rpi-pico/pico-sdk/src/rp2_common/pico_cyw43_arch/cyw43_arch.c.obj
                0x0000000010000510                cyw43_arch_gpio_put
 .text.cyw43_arch_async_context
                0x0000000010000524        0xc CMakeFiles/adc-picoW.dir/Users/loicpwlk/Documents/Code/Rpi-pico/pico-sdk/src/rp2_common/pico_cyw43_arch/cyw43_arch.c.obj
                0x0000000010000524                cyw43_arch_async_context
 .text.cyw43_arch_init_default_async_context
                0x0000000010000530       0x20 CMakeFiles/adc-picoW.dir/Users/loicpwlk/Documents/Code/Rpi-pico/pico-sdk/src/rp2_common/pico_cyw43_arch/cyw43_arch_threadsafe_background.c.obj
                0x0000000010000530                cyw43_arch_init_default_async_context
 .text.cyw43_arch_deinit
                0x0000000010000550       0x28 CMakeFiles/adc-picoW.dir/Users/loicpwlk/Documents/Code/Rpi-pico/pico-sdk/src/rp2_common/pico_cyw43_arch/cyw43_arch_threadsafe_background.c.obj
                0x0000000010000550                cyw43_arch_deinit
 .text.cyw43_arch_init
                0x0000000010000578       0x36 CMakeFiles/adc-picoW.dir/Users/loicpwlk/Documents/Code/Rpi-pico/pico-sdk/src/rp2_common/pico_cyw43_arch/cyw43_arch_threadsafe_background.c.obj
                0x0000000010000578                cyw43_arch_init
 *fill*         0x00000000100005ae        0x2 
 .text._retrieve_unique_id_on_boot
                0x00000000100005b0       0x10 CMakeFiles/adc-picoW.dir/Users/loicpwlk/Documents/Code/Rpi-pico/pico-sdk/src/rp2_common/pico_unique_id/unique_id.c.obj
 .text.pico_get_unique_board_id
                0x00000000100005c0       0x10 CMakeFiles/adc-picoW.dir/Users/loicpwlk/Documents/Code/Rpi-pico/pico-sdk/src/rp2_common/pico_unique_id/unique_id.c.obj
                0x00000000100005c0                pico_get_unique_board_id
 .text.pico_get_unique_board_id_string
                0x00000000100005d0       0x60 CMakeFiles/adc-picoW.dir/Users/loicpwlk/Documents/Code/Rpi-pico/pico-sdk/src/rp2_common/pico_unique_id/unique_id.c.obj
                0x00000000100005d0                pico_get_unique_board_id_string
 .text.flash_get_unique_id
                0x0000000010000630       0x46 CMakeFiles/adc-picoW.dir/Users/loicpwlk/Documents/Code/Rpi-pico/pico-sdk/src/rp2_common/hardware_flash/flash.c.obj
                0x0000000010000630                flash_get_unique_id
 *fill*         0x0000000010000676        0x2 
 .text.running_on_fpga
                0x0000000010000678       0x14 CMakeFiles/adc-picoW.dir/Users/loicpwlk/Documents/Code/Rpi-pico/pico-sdk/src/rp2_common/pico_platform/platform.c.obj
                0x0000000010000678                running_on_fpga
 .text.hw_claim_lock
                0x000000001000068c       0x18 CMakeFiles/adc-picoW.dir/Users/loicpwlk/Documents/Code/Rpi-pico/pico-sdk/src/rp2_common/hardware_claim/claim.c.obj
                0x000000001000068c                hw_claim_lock
 .text.hw_claim_unlock
                0x00000000100006a4       0x14 CMakeFiles/adc-picoW.dir/Users/loicpwlk/Documents/Code/Rpi-pico/pico-sdk/src/rp2_common/hardware_claim/claim.c.obj
                0x00000000100006a4                hw_claim_unlock
 .text.hw_claim_or_assert
                0x00000000100006b8       0x32 CMakeFiles/adc-picoW.dir/Users/loicpwlk/Documents/Code/Rpi-pico/pico-sdk/src/rp2_common/hardware_claim/claim.c.obj
                0x00000000100006b8                hw_claim_or_assert
 .text.hw_claim_unused_from_range
                0x00000000100006ea       0x50 CMakeFiles/adc-picoW.dir/Users/loicpwlk/Documents/Code/Rpi-pico/pico-sdk/src/rp2_common/hardware_claim/claim.c.obj
                0x00000000100006ea                hw_claim_unused_from_range
 *fill*         0x000000001000073a        0x2 
 .text.hw_claim_clear
                0x000000001000073c       0x40 CMakeFiles/adc-picoW.dir/Users/loicpwlk/Documents/Code/Rpi-pico/pico-sdk/src/rp2_common/hardware_claim/claim.c.obj
                0x000000001000073c                hw_claim_clear
 .text.spin_locks_reset
                0x000000001000077c       0x20 CMakeFiles/adc-picoW.dir/Users/loicpwlk/Documents/Code/Rpi-pico/pico-sdk/src/rp2_common/hardware_sync/sync.c.obj
                0x000000001000077c                spin_locks_reset
 .text.next_striped_spin_lock_num
                0x000000001000079c       0x1c CMakeFiles/adc-picoW.dir/Users/loicpwlk/Documents/Code/Rpi-pico/pico-sdk/src/rp2_common/hardware_sync/sync.c.obj
                0x000000001000079c                next_striped_spin_lock_num
 .text.spin_lock_claim_unused
                0x00000000100007b8       0x20 CMakeFiles/adc-picoW.dir/Users/loicpwlk/Documents/Code/Rpi-pico/pico-sdk/src/rp2_common/hardware_sync/sync.c.obj
                0x00000000100007b8                spin_lock_claim_unused
 .text.rom_func_lookup
                0x00000000100007d8       0x10 CMakeFiles/adc-picoW.dir/Users/loicpwlk/Documents/Code/Rpi-pico/pico-sdk/src/rp2_common/pico_bootrom/bootrom.c.obj
                0x00000000100007d8                rom_func_lookup
 .text.rom_data_lookup
                0x00000000100007e8       0x10 CMakeFiles/adc-picoW.dir/Users/loicpwlk/Documents/Code/Rpi-pico/pico-sdk/src/rp2_common/pico_bootrom/bootrom.c.obj
                0x00000000100007e8                rom_data_lookup
 .text.rom_funcs_lookup
                0x00000000100007f8       0x36 CMakeFiles/adc-picoW.dir/Users/loicpwlk/Documents/Code/Rpi-pico/pico-sdk/src/rp2_common/pico_bootrom/bootrom.c.obj
                0x00000000100007f8                rom_funcs_lookup
 .text.cs_set   0x000000001000082e       0x1c CMakeFiles/adc-picoW.dir/Users/loicpwlk/Documents/Code/Rpi-pico/pico-sdk/src/rp2_common/pico_cyw43_driver/cyw43_bus_pio_spi.c.obj
 .text.start_spi_comms
                0x000000001000084a       0x2a CMakeFiles/adc-picoW.dir/Users/loicpwlk/Documents/Code/Rpi-pico/pico-sdk/src/rp2_common/pico_cyw43_driver/cyw43_bus_pio_spi.c.obj
 .text.ns_delay
                0x0000000010000874       0x20 CMakeFiles/adc-picoW.dir/Users/loicpwlk/Documents/Code/Rpi-pico/pico-sdk/src/rp2_common/pico_cyw43_driver/cyw43_bus_pio_spi.c.obj
 .text.stop_spi_comms
                0x0000000010000894       0x10 CMakeFiles/adc-picoW.dir/Users/loicpwlk/Documents/Code/Rpi-pico/pico-sdk/src/rp2_common/pico_cyw43_driver/cyw43_bus_pio_spi.c.obj
 .text.cyw43_spi_deinit
                0x00000000100008a4       0x64 CMakeFiles/adc-picoW.dir/Users/loicpwlk/Documents/Code/Rpi-pico/pico-sdk/src/rp2_common/pico_cyw43_driver/cyw43_bus_pio_spi.c.obj
                0x00000000100008a4                cyw43_spi_deinit
 .text.cyw43_spi_init
                0x0000000010000908      0x284 CMakeFiles/adc-picoW.dir/Users/loicpwlk/Documents/Code/Rpi-pico/pico-sdk/src/rp2_common/pico_cyw43_driver/cyw43_bus_pio_spi.c.obj
                0x0000000010000908                cyw43_spi_init
 .text.cyw43_spi_transfer
                0x0000000010000b8c      0x6a4 CMakeFiles/adc-picoW.dir/Users/loicpwlk/Documents/Code/Rpi-pico/pico-sdk/src/rp2_common/pico_cyw43_driver/cyw43_bus_pio_spi.c.obj
                0x0000000010000b8c                cyw43_spi_transfer
 .text.cyw43_spi_gpio_setup
                0x0000000010001230       0x3a CMakeFiles/adc-picoW.dir/Users/loicpwlk/Documents/Code/Rpi-pico/pico-sdk/src/rp2_common/pico_cyw43_driver/cyw43_bus_pio_spi.c.obj
                0x0000000010001230                cyw43_spi_gpio_setup
 .text.cyw43_spi_reset
                0x000000001000126a       0x28 CMakeFiles/adc-picoW.dir/Users/loicpwlk/Documents/Code/Rpi-pico/pico-sdk/src/rp2_common/pico_cyw43_driver/cyw43_bus_pio_spi.c.obj
                0x000000001000126a                cyw43_spi_reset
 *fill*         0x0000000010001292        0x2 
 .text.read_reg_u32_swap
                0x0000000010001294       0x68 CMakeFiles/adc-picoW.dir/Users/loicpwlk/Documents/Code/Rpi-pico/pico-sdk/src/rp2_common/pico_cyw43_driver/cyw43_bus_pio_spi.c.obj
                0x0000000010001294                read_reg_u32_swap
 .text.cyw43_read_reg_u32
                0x00000000100012fc       0x50 CMakeFiles/adc-picoW.dir/Users/loicpwlk/Documents/Code/Rpi-pico/pico-sdk/src/rp2_common/pico_cyw43_driver/cyw43_bus_pio_spi.c.obj
                0x00000000100012fc                cyw43_read_reg_u32
 .text.cyw43_read_reg_u16
                0x000000001000134c       0x50 CMakeFiles/adc-picoW.dir/Users/loicpwlk/Documents/Code/Rpi-pico/pico-sdk/src/rp2_common/pico_cyw43_driver/cyw43_bus_pio_spi.c.obj
                0x000000001000134c                cyw43_read_reg_u16
 .text.cyw43_read_reg_u8
                0x000000001000139c       0x50 CMakeFiles/adc-picoW.dir/Users/loicpwlk/Documents/Code/Rpi-pico/pico-sdk/src/rp2_common/pico_cyw43_driver/cyw43_bus_pio_spi.c.obj
                0x000000001000139c                cyw43_read_reg_u8
 .text.write_reg_u32_swap
                0x00000000100013ec       0x34 CMakeFiles/adc-picoW.dir/Users/loicpwlk/Documents/Code/Rpi-pico/pico-sdk/src/rp2_common/pico_cyw43_driver/cyw43_bus_pio_spi.c.obj
                0x00000000100013ec                write_reg_u32_swap
 .text.cyw43_write_reg_u32
                0x0000000010001420       0x58 CMakeFiles/adc-picoW.dir/Users/loicpwlk/Documents/Code/Rpi-pico/pico-sdk/src/rp2_common/pico_cyw43_driver/cyw43_bus_pio_spi.c.obj
                0x0000000010001420                cyw43_write_reg_u32
 .text.cyw43_write_reg_u16
                0x0000000010001478       0x58 CMakeFiles/adc-picoW.dir/Users/loicpwlk/Documents/Code/Rpi-pico/pico-sdk/src/rp2_common/pico_cyw43_driver/cyw43_bus_pio_spi.c.obj
                0x0000000010001478                cyw43_write_reg_u16
 .text.cyw43_write_reg_u8
                0x00000000100014d0       0x58 CMakeFiles/adc-picoW.dir/Users/loicpwlk/Documents/Code/Rpi-pico/pico-sdk/src/rp2_common/pico_cyw43_driver/cyw43_bus_pio_spi.c.obj
                0x00000000100014d0                cyw43_write_reg_u8
 .text.cyw43_read_bytes
                0x0000000010001528       0xfc CMakeFiles/adc-picoW.dir/Users/loicpwlk/Documents/Code/Rpi-pico/pico-sdk/src/rp2_common/pico_cyw43_driver/cyw43_bus_pio_spi.c.obj
                0x0000000010001528                cyw43_read_bytes
 .text.cyw43_write_bytes
                0x0000000010001624      0x134 CMakeFiles/adc-picoW.dir/Users/loicpwlk/Documents/Code/Rpi-pico/pico-sdk/src/rp2_common/pico_cyw43_driver/cyw43_bus_pio_spi.c.obj
                0x0000000010001624                cyw43_write_bytes
 .text.get_core_address
                0x0000000010001758       0x1c CMakeFiles/adc-picoW.dir/Users/loicpwlk/Documents/Code/Rpi-pico/pico-sdk/lib/cyw43-driver/src/cyw43_ll.c.obj
 .text.sdpcm_process_rx_packet
                0x0000000010001774      0x180 CMakeFiles/adc-picoW.dir/Users/loicpwlk/Documents/Code/Rpi-pico/pico-sdk/lib/cyw43-driver/src/cyw43_ll.c.obj
 .text.cyw43_ll_wifi_parse_scan_result
                0x00000000100018f4       0x9c CMakeFiles/adc-picoW.dir/Users/loicpwlk/Documents/Code/Rpi-pico/pico-sdk/lib/cyw43-driver/src/cyw43_ll.c.obj
 .text.cyw43_ll_parse_async_event
                0x0000000010001990       0x8e CMakeFiles/adc-picoW.dir/Users/loicpwlk/Documents/Code/Rpi-pico/pico-sdk/lib/cyw43-driver/src/cyw43_ll.c.obj
 *fill*         0x0000000010001a1e        0x2 
 .text.cyw43_read_reg
                0x0000000010001a20       0x48 CMakeFiles/adc-picoW.dir/Users/loicpwlk/Documents/Code/Rpi-pico/pico-sdk/lib/cyw43-driver/src/cyw43_ll.c.obj
 .text.cyw43_kso_set
                0x0000000010001a68       0x98 CMakeFiles/adc-picoW.dir/Users/loicpwlk/Documents/Code/Rpi-pico/pico-sdk/lib/cyw43-driver/src/cyw43_ll.c.obj
 .text.cyw43_ll_bus_sleep_helper
                0x0000000010001b00        0xe CMakeFiles/adc-picoW.dir/Users/loicpwlk/Documents/Code/Rpi-pico/pico-sdk/lib/cyw43-driver/src/cyw43_ll.c.obj
 *fill*         0x0000000010001b0e        0x2 
 .text.cyw43_write_reg
                0x0000000010001b10       0x4c CMakeFiles/adc-picoW.dir/Users/loicpwlk/Documents/Code/Rpi-pico/pico-sdk/lib/cyw43-driver/src/cyw43_ll.c.obj
 .text.cyw43_set_backplane_window
                0x0000000010001b5c       0x74 CMakeFiles/adc-picoW.dir/Users/loicpwlk/Documents/Code/Rpi-pico/pico-sdk/lib/cyw43-driver/src/cyw43_ll.c.obj
 .text.cyw43_read_backplane
                0x0000000010001bd0       0x36 CMakeFiles/adc-picoW.dir/Users/loicpwlk/Documents/Code/Rpi-pico/pico-sdk/lib/cyw43-driver/src/cyw43_ll.c.obj
 *fill*         0x0000000010001c06        0x2 
 .text.disable_device_core
                0x0000000010001c08       0x3c CMakeFiles/adc-picoW.dir/Users/loicpwlk/Documents/Code/Rpi-pico/pico-sdk/lib/cyw43-driver/src/cyw43_ll.c.obj
 .text.device_core_is_up
                0x0000000010001c44       0x4c CMakeFiles/adc-picoW.dir/Users/loicpwlk/Documents/Code/Rpi-pico/pico-sdk/lib/cyw43-driver/src/cyw43_ll.c.obj
 .text.cyw43_write_backplane
                0x0000000010001c90       0x3a CMakeFiles/adc-picoW.dir/Users/loicpwlk/Documents/Code/Rpi-pico/pico-sdk/lib/cyw43-driver/src/cyw43_ll.c.obj
 .text.reset_device_core
                0x0000000010001cca       0x74 CMakeFiles/adc-picoW.dir/Users/loicpwlk/Documents/Code/Rpi-pico/pico-sdk/lib/cyw43-driver/src/cyw43_ll.c.obj
 *fill*         0x0000000010001d3e        0x2 
 .text.cyw43_download_resource
                0x0000000010001d40      0x178 CMakeFiles/adc-picoW.dir/Users/loicpwlk/Documents/Code/Rpi-pico/pico-sdk/lib/cyw43-driver/src/cyw43_ll.c.obj
 .text.cyw43_ll_init
                0x0000000010001eb8       0x1e CMakeFiles/adc-picoW.dir/Users/loicpwlk/Documents/Code/Rpi-pico/pico-sdk/lib/cyw43-driver/src/cyw43_ll.c.obj
                0x0000000010001eb8                cyw43_ll_init
 .text.cyw43_ll_deinit
                0x0000000010001ed6        0x8 CMakeFiles/adc-picoW.dir/Users/loicpwlk/Documents/Code/Rpi-pico/pico-sdk/lib/cyw43-driver/src/cyw43_ll.c.obj
                0x0000000010001ed6                cyw43_ll_deinit
 .text.cyw43_ll_bus_sleep
                0x0000000010001ede       0x34 CMakeFiles/adc-picoW.dir/Users/loicpwlk/Documents/Code/Rpi-pico/pico-sdk/lib/cyw43-driver/src/cyw43_ll.c.obj
                0x0000000010001ede                cyw43_ll_bus_sleep
 *fill*         0x0000000010001f12        0x2 
 .text.cyw43_ll_sdpcm_poll_device
                0x0000000010001f14      0x158 CMakeFiles/adc-picoW.dir/Users/loicpwlk/Documents/Code/Rpi-pico/pico-sdk/lib/cyw43-driver/src/cyw43_ll.c.obj
 .text.cyw43_ll_process_packets
                0x000000001000206c       0x58 CMakeFiles/adc-picoW.dir/Users/loicpwlk/Documents/Code/Rpi-pico/pico-sdk/lib/cyw43-driver/src/cyw43_ll.c.obj
                0x000000001000206c                cyw43_ll_process_packets
 .text.cyw43_sdpcm_send_common
                0x00000000100020c4      0x168 CMakeFiles/adc-picoW.dir/Users/loicpwlk/Documents/Code/Rpi-pico/pico-sdk/lib/cyw43-driver/src/cyw43_ll.c.obj
 .text.cyw43_send_ioctl
                0x000000001000222c       0x56 CMakeFiles/adc-picoW.dir/Users/loicpwlk/Documents/Code/Rpi-pico/pico-sdk/lib/cyw43-driver/src/cyw43_ll.c.obj
 *fill*         0x0000000010002282        0x2 
 .text.cyw43_do_ioctl
                0x0000000010002284       0xc0 CMakeFiles/adc-picoW.dir/Users/loicpwlk/Documents/Code/Rpi-pico/pico-sdk/lib/cyw43-driver/src/cyw43_ll.c.obj
 .text.cyw43_ll_ioctl
                0x0000000010002344       0x1e CMakeFiles/adc-picoW.dir/Users/loicpwlk/Documents/Code/Rpi-pico/pico-sdk/lib/cyw43-driver/src/cyw43_ll.c.obj
                0x0000000010002344                cyw43_ll_ioctl
 *fill*         0x0000000010002362        0x2 
 .text.cyw43_clm_load
                0x0000000010002364       0xdc CMakeFiles/adc-picoW.dir/Users/loicpwlk/Documents/Code/Rpi-pico/pico-sdk/lib/cyw43-driver/src/cyw43_ll.c.obj
 .text.cyw43_write_iovar_u32
                0x0000000010002440       0x60 CMakeFiles/adc-picoW.dir/Users/loicpwlk/Documents/Code/Rpi-pico/pico-sdk/lib/cyw43-driver/src/cyw43_ll.c.obj
 .text.cyw43_write_iovar_n
                0x00000000100024a0       0x50 CMakeFiles/adc-picoW.dir/Users/loicpwlk/Documents/Code/Rpi-pico/pico-sdk/lib/cyw43-driver/src/cyw43_ll.c.obj
 .text.cyw43_set_ioctl_u32
                0x00000000100024f0       0x30 CMakeFiles/adc-picoW.dir/Users/loicpwlk/Documents/Code/Rpi-pico/pico-sdk/lib/cyw43-driver/src/cyw43_ll.c.obj
 .text.cyw43_write_iovar_u32_u32
                0x0000000010002520       0x74 CMakeFiles/adc-picoW.dir/Users/loicpwlk/Documents/Code/Rpi-pico/pico-sdk/lib/cyw43-driver/src/cyw43_ll.c.obj
 .text.cyw43_ll_wifi_get_mac
                0x0000000010002594       0x48 CMakeFiles/adc-picoW.dir/Users/loicpwlk/Documents/Code/Rpi-pico/pico-sdk/lib/cyw43-driver/src/cyw43_ll.c.obj
                0x0000000010002594                cyw43_ll_wifi_get_mac
 .text.cyw43_ll_bus_init
                0x00000000100025dc      0x360 CMakeFiles/adc-picoW.dir/Users/loicpwlk/Documents/Code/Rpi-pico/pico-sdk/lib/cyw43-driver/src/cyw43_ll.c.obj
                0x00000000100025dc                cyw43_ll_bus_init
 .text.cyw43_ll_wifi_set_wpa_auth
                0x000000001000293c        0xe CMakeFiles/adc-picoW.dir/Users/loicpwlk/Documents/Code/Rpi-pico/pico-sdk/lib/cyw43-driver/src/cyw43_ll.c.obj
                0x000000001000293c                cyw43_ll_wifi_set_wpa_auth
 *fill*         0x000000001000294a        0x2 
 .text.cyw43_ll_wifi_rejoin
                0x000000001000294c       0x20 CMakeFiles/adc-picoW.dir/Users/loicpwlk/Documents/Code/Rpi-pico/pico-sdk/lib/cyw43-driver/src/cyw43_ll.c.obj
                0x000000001000294c                cyw43_ll_wifi_rejoin
 .text.cyw43_ll_gpio_set
                0x000000001000296c       0x30 CMakeFiles/adc-picoW.dir/Users/loicpwlk/Documents/Code/Rpi-pico/pico-sdk/lib/cyw43-driver/src/cyw43_ll.c.obj
                0x000000001000296c                cyw43_ll_gpio_set
 .text.cyw43_ll_has_work
                0x000000001000299c       0x12 CMakeFiles/adc-picoW.dir/Users/loicpwlk/Documents/Code/Rpi-pico/pico-sdk/lib/cyw43-driver/src/cyw43_ll.c.obj
                0x000000001000299c                cyw43_ll_has_work
 *fill*         0x00000000100029ae        0x2 
 .text.cyw43_poll_func
                0x00000000100029b0       0xac CMakeFiles/adc-picoW.dir/Users/loicpwlk/Documents/Code/Rpi-pico/pico-sdk/lib/cyw43-driver/src/cyw43_ctrl.c.obj
 .text.cyw43_dump_async_event
                0x0000000010002a5c       0x8c CMakeFiles/adc-picoW.dir/Users/loicpwlk/Documents/Code/Rpi-pico/pico-sdk/lib/cyw43-driver/src/cyw43_ctrl.c.obj
 .text.cyw43_ensure_up
                0x0000000010002ae8       0xec CMakeFiles/adc-picoW.dir/Users/loicpwlk/Documents/Code/Rpi-pico/pico-sdk/lib/cyw43-driver/src/cyw43_ctrl.c.obj
 .text.cyw43_init
                0x0000000010002bd4       0x90 CMakeFiles/adc-picoW.dir/Users/loicpwlk/Documents/Code/Rpi-pico/pico-sdk/lib/cyw43-driver/src/cyw43_ctrl.c.obj
                0x0000000010002bd4                cyw43_init
 .text.cyw43_deinit
                0x0000000010002c64       0x3c CMakeFiles/adc-picoW.dir/Users/loicpwlk/Documents/Code/Rpi-pico/pico-sdk/lib/cyw43-driver/src/cyw43_ctrl.c.obj
                0x0000000010002c64                cyw43_deinit
 .text.cyw43_cb_read_host_interrupt_pin
                0x0000000010002ca0        0xe CMakeFiles/adc-picoW.dir/Users/loicpwlk/Documents/Code/Rpi-pico/pico-sdk/lib/cyw43-driver/src/cyw43_ctrl.c.obj
                0x0000000010002ca0                cyw43_cb_read_host_interrupt_pin
 *fill*         0x0000000010002cae        0x2 
 .text.cyw43_cb_ensure_awake
                0x0000000010002cb0        0xc CMakeFiles/adc-picoW.dir/Users/loicpwlk/Documents/Code/Rpi-pico/pico-sdk/lib/cyw43-driver/src/cyw43_ctrl.c.obj
                0x0000000010002cb0                cyw43_cb_ensure_awake
 .text.cyw43_cb_process_async_event
                0x0000000010002cbc      0x1d0 CMakeFiles/adc-picoW.dir/Users/loicpwlk/Documents/Code/Rpi-pico/pico-sdk/lib/cyw43-driver/src/cyw43_ctrl.c.obj
                0x0000000010002cbc                cyw43_cb_process_async_event
 .text.cyw43_gpio_set
                0x0000000010002e8c       0x30 CMakeFiles/adc-picoW.dir/Users/loicpwlk/Documents/Code/Rpi-pico/pico-sdk/lib/cyw43-driver/src/cyw43_ctrl.c.obj
                0x0000000010002e8c                cyw43_gpio_set
 .text._pio_can_add_program_at_offset
                0x0000000010002ebc       0x3c CMakeFiles/adc-picoW.dir/Users/loicpwlk/Documents/Code/Rpi-pico/pico-sdk/src/rp2_common/hardware_pio/pio.c.obj
 .text._pio_find_offset_for_program
                0x0000000010002ef8       0x7c CMakeFiles/adc-picoW.dir/Users/loicpwlk/Documents/Code/Rpi-pico/pico-sdk/src/rp2_common/hardware_pio/pio.c.obj
 .text._pio_add_program_at_offset
                0x0000000010002f74       0x78 CMakeFiles/adc-picoW.dir/Users/loicpwlk/Documents/Code/Rpi-pico/pico-sdk/src/rp2_common/hardware_pio/pio.c.obj
 .text.pio_sm_unclaim
                0x0000000010002fec       0x20 CMakeFiles/adc-picoW.dir/Users/loicpwlk/Documents/Code/Rpi-pico/pico-sdk/src/rp2_common/hardware_pio/pio.c.obj
                0x0000000010002fec                pio_sm_unclaim
 .text.pio_claim_unused_sm
                0x000000001000300c       0x3c CMakeFiles/adc-picoW.dir/Users/loicpwlk/Documents/Code/Rpi-pico/pico-sdk/src/rp2_common/hardware_pio/pio.c.obj
                0x000000001000300c                pio_claim_unused_sm
 .text.pio_can_add_program
                0x0000000010003048       0x26 CMakeFiles/adc-picoW.dir/Users/loicpwlk/Documents/Code/Rpi-pico/pico-sdk/src/rp2_common/hardware_pio/pio.c.obj
                0x0000000010003048                pio_can_add_program
 *fill*         0x000000001000306e        0x2 
 .text.pio_add_program
                0x0000000010003070       0x38 CMakeFiles/adc-picoW.dir/Users/loicpwlk/Documents/Code/Rpi-pico/pico-sdk/src/rp2_common/hardware_pio/pio.c.obj
                0x0000000010003070                pio_add_program
 .text.pio_remove_program
                0x00000000100030a8       0x58 CMakeFiles/adc-picoW.dir/Users/loicpwlk/Documents/Code/Rpi-pico/pico-sdk/src/rp2_common/hardware_pio/pio.c.obj
                0x00000000100030a8                pio_remove_program
 .text.pio_sm_set_pindirs_with_mask
                0x0000000010003100       0x9c CMakeFiles/adc-picoW.dir/Users/loicpwlk/Documents/Code/Rpi-pico/pico-sdk/src/rp2_common/hardware_pio/pio.c.obj
                0x0000000010003100                pio_sm_set_pindirs_with_mask
 .text.pio_sm_set_consecutive_pindirs
                0x000000001000319c       0xa4 CMakeFiles/adc-picoW.dir/Users/loicpwlk/Documents/Code/Rpi-pico/pico-sdk/src/rp2_common/hardware_pio/pio.c.obj
                0x000000001000319c                pio_sm_set_consecutive_pindirs
 .text.gpio_set_function
                0x0000000010003240       0x30 CMakeFiles/adc-picoW.dir/Users/loicpwlk/Documents/Code/Rpi-pico/pico-sdk/src/rp2_common/hardware_gpio/gpio.c.obj
                0x0000000010003240                gpio_set_function
 .text.gpio_set_pulls
                0x0000000010003270       0x34 CMakeFiles/adc-picoW.dir/Users/loicpwlk/Documents/Code/Rpi-pico/pico-sdk/src/rp2_common/hardware_gpio/gpio.c.obj
                0x0000000010003270                gpio_set_pulls
 .text.gpio_set_input_hysteresis_enabled
                0x00000000100032a4       0x30 CMakeFiles/adc-picoW.dir/Users/loicpwlk/Documents/Code/Rpi-pico/pico-sdk/src/rp2_common/hardware_gpio/gpio.c.obj
                0x00000000100032a4                gpio_set_input_hysteresis_enabled
 .text.gpio_add_raw_irq_handler_with_order_priority_masked
                0x00000000100032d4       0x40 CMakeFiles/adc-picoW.dir/Users/loicpwlk/Documents/Code/Rpi-pico/pico-sdk/src/rp2_common/hardware_gpio/gpio.c.obj
                0x00000000100032d4                gpio_add_raw_irq_handler_with_order_priority_masked
 .text.gpio_remove_raw_irq_handler_masked
                0x0000000010003314       0x48 CMakeFiles/adc-picoW.dir/Users/loicpwlk/Documents/Code/Rpi-pico/pico-sdk/src/rp2_common/hardware_gpio/gpio.c.obj
                0x0000000010003314                gpio_remove_raw_irq_handler_masked
 .text.gpio_acknowledge_irq
                0x000000001000335c       0x18 CMakeFiles/adc-picoW.dir/Users/loicpwlk/Documents/Code/Rpi-pico/pico-sdk/src/rp2_common/hardware_gpio/gpio.c.obj
                0x000000001000335c                gpio_acknowledge_irq
 .text._gpio_set_irq_enabled
                0x0000000010003374       0x34 CMakeFiles/adc-picoW.dir/Users/loicpwlk/Documents/Code/Rpi-pico/pico-sdk/src/rp2_common/hardware_gpio/gpio.c.obj
 .text.gpio_set_irq_enabled
                0x00000000100033a8       0x20 CMakeFiles/adc-picoW.dir/Users/loicpwlk/Documents/Code/Rpi-pico/pico-sdk/src/rp2_common/hardware_gpio/gpio.c.obj
                0x00000000100033a8                gpio_set_irq_enabled
 .text.gpio_set_input_enabled
                0x00000000100033c8       0x30 CMakeFiles/adc-picoW.dir/Users/loicpwlk/Documents/Code/Rpi-pico/pico-sdk/src/rp2_common/hardware_gpio/gpio.c.obj
                0x00000000100033c8                gpio_set_input_enabled
 .text.gpio_init
                0x00000000100033f8       0x16 CMakeFiles/adc-picoW.dir/Users/loicpwlk/Documents/Code/Rpi-pico/pico-sdk/src/rp2_common/hardware_gpio/gpio.c.obj
                0x00000000100033f8                gpio_init
 *fill*         0x000000001000340e        0x2 
 .text.set_raw_irq_handler_and_unlock
                0x0000000010003410       0x28 CMakeFiles/adc-picoW.dir/Users/loicpwlk/Documents/Code/Rpi-pico/pico-sdk/src/rp2_common/hardware_irq/irq.c.obj
 .text.get_user_irq_claim_index
                0x0000000010003438        0x6 CMakeFiles/adc-picoW.dir/Users/loicpwlk/Documents/Code/Rpi-pico/pico-sdk/src/rp2_common/hardware_irq/irq.c.obj
 *fill*         0x000000001000343e        0x2 
 .text.make_branch
                0x0000000010003440       0x48 CMakeFiles/adc-picoW.dir/Users/loicpwlk/Documents/Code/Rpi-pico/pico-sdk/src/rp2_common/hardware_irq/irq.c.obj
 .text.insert_branch_and_link
                0x0000000010003488       0x40 CMakeFiles/adc-picoW.dir/Users/loicpwlk/Documents/Code/Rpi-pico/pico-sdk/src/rp2_common/hardware_irq/irq.c.obj
 .text.irq_is_enabled
                0x00000000100034c8       0x18 CMakeFiles/adc-picoW.dir/Users/loicpwlk/Documents/Code/Rpi-pico/pico-sdk/src/rp2_common/hardware_irq/irq.c.obj
                0x00000000100034c8                irq_is_enabled
 .text.irq_set_mask_enabled
                0x00000000100034e0       0x20 CMakeFiles/adc-picoW.dir/Users/loicpwlk/Documents/Code/Rpi-pico/pico-sdk/src/rp2_common/hardware_irq/irq.c.obj
                0x00000000100034e0                irq_set_mask_enabled
 .text.irq_set_enabled
                0x0000000010003500        0xe CMakeFiles/adc-picoW.dir/Users/loicpwlk/Documents/Code/Rpi-pico/pico-sdk/src/rp2_common/hardware_irq/irq.c.obj
                0x0000000010003500                irq_set_enabled
 *fill*         0x000000001000350e        0x2 
 .text.irq_set_pending
                0x0000000010003510       0x10 CMakeFiles/adc-picoW.dir/Users/loicpwlk/Documents/Code/Rpi-pico/pico-sdk/src/rp2_common/hardware_irq/irq.c.obj
                0x0000000010003510                irq_set_pending
 .text.irq_get_vtable_handler
                0x0000000010003520       0x10 CMakeFiles/adc-picoW.dir/Users/loicpwlk/Documents/Code/Rpi-pico/pico-sdk/src/rp2_common/hardware_irq/irq.c.obj
                0x0000000010003520                irq_get_vtable_handler
 .text.irq_has_shared_handler
                0x0000000010003530       0x24 CMakeFiles/adc-picoW.dir/Users/loicpwlk/Documents/Code/Rpi-pico/pico-sdk/src/rp2_common/hardware_irq/irq.c.obj
                0x0000000010003530                irq_has_shared_handler
 .text.irq_set_exclusive_handler
                0x0000000010003554       0x54 CMakeFiles/adc-picoW.dir/Users/loicpwlk/Documents/Code/Rpi-pico/pico-sdk/src/rp2_common/hardware_irq/irq.c.obj
                0x0000000010003554                irq_set_exclusive_handler
 .text.irq_add_shared_handler
                0x00000000100035a8      0x234 CMakeFiles/adc-picoW.dir/Users/loicpwlk/Documents/Code/Rpi-pico/pico-sdk/src/rp2_common/hardware_irq/irq.c.obj
                0x00000000100035a8                irq_add_shared_handler
 .text.irq_remove_handler
                0x00000000100037dc      0x1ac CMakeFiles/adc-picoW.dir/Users/loicpwlk/Documents/Code/Rpi-pico/pico-sdk/src/rp2_common/hardware_irq/irq.c.obj
                0x00000000100037dc                irq_remove_handler
 .text.irq_set_priority
                0x0000000010003988       0x28 CMakeFiles/adc-picoW.dir/Users/loicpwlk/Documents/Code/Rpi-pico/pico-sdk/src/rp2_common/hardware_irq/irq.c.obj
                0x0000000010003988                irq_set_priority
 .text.irq_add_tail_to_free_list
                0x00000000100039b0       0xf0 CMakeFiles/adc-picoW.dir/Users/loicpwlk/Documents/Code/Rpi-pico/pico-sdk/src/rp2_common/hardware_irq/irq.c.obj
                0x00000000100039b0                irq_add_tail_to_free_list
 .text.irq_init_priorities
                0x0000000010003aa0       0x1c CMakeFiles/adc-picoW.dir/Users/loicpwlk/Documents/Code/Rpi-pico/pico-sdk/src/rp2_common/hardware_irq/irq.c.obj
                0x0000000010003aa0                irq_init_priorities
 .text.user_irq_unclaim
                0x0000000010003abc       0x14 CMakeFiles/adc-picoW.dir/Users/loicpwlk/Documents/Code/Rpi-pico/pico-sdk/src/rp2_common/hardware_irq/irq.c.obj
                0x0000000010003abc                user_irq_unclaim
 .text.user_irq_claim_unused
                0x0000000010003ad0       0x28 CMakeFiles/adc-picoW.dir/Users/loicpwlk/Documents/Code/Rpi-pico/pico-sdk/src/rp2_common/hardware_irq/irq.c.obj
                0x0000000010003ad0                user_irq_claim_unused
 .text.sem_init
                0x0000000010003af8       0x1e CMakeFiles/adc-picoW.dir/Users/loicpwlk/Documents/Code/Rpi-pico/pico-sdk/src/common/pico_sync/sem.c.obj
                0x0000000010003af8                sem_init
 *fill*         0x0000000010003b16        0x2 
 .text.lock_init
                0x0000000010003b18       0x10 CMakeFiles/adc-picoW.dir/Users/loicpwlk/Documents/Code/Rpi-pico/pico-sdk/src/common/pico_sync/lock_core.c.obj
                0x0000000010003b18                lock_init
 .text.mutex_init
                0x0000000010003b28       0x1a CMakeFiles/adc-picoW.dir/Users/loicpwlk/Documents/Code/Rpi-pico/pico-sdk/src/common/pico_sync/mutex.c.obj
                0x0000000010003b28                mutex_init
 .text.recursive_mutex_init
                0x0000000010003b42       0x1e CMakeFiles/adc-picoW.dir/Users/loicpwlk/Documents/Code/Rpi-pico/pico-sdk/src/common/pico_sync/mutex.c.obj
                0x0000000010003b42                recursive_mutex_init
 .text.critical_section_init_with_lock_num
                0x0000000010003b60       0x14 CMakeFiles/adc-picoW.dir/Users/loicpwlk/Documents/Code/Rpi-pico/pico-sdk/src/common/pico_sync/critical_section.c.obj
                0x0000000010003b60                critical_section_init_with_lock_num
 .text.critical_section_init
                0x0000000010003b74       0x14 CMakeFiles/adc-picoW.dir/Users/loicpwlk/Documents/Code/Rpi-pico/pico-sdk/src/common/pico_sync/critical_section.c.obj
                0x0000000010003b74                critical_section_init
 .text.alarm_pool_post_alloc_init
                0x0000000010003b88       0x40 CMakeFiles/adc-picoW.dir/Users/loicpwlk/Documents/Code/Rpi-pico/pico-sdk/src/common/pico_time/time.c.obj
 .text.sleep_until_callback
                0x0000000010003bc8       0x30 CMakeFiles/adc-picoW.dir/Users/loicpwlk/Documents/Code/Rpi-pico/pico-sdk/src/common/pico_time/time.c.obj
 .text.timer_pool_entry_comparator
                0x0000000010003bf8       0x7c CMakeFiles/adc-picoW.dir/Users/loicpwlk/Documents/Code/Rpi-pico/pico-sdk/src/common/pico_time/time.c.obj
                0x0000000010003bf8                timer_pool_entry_comparator
 .text.ph_add_child_node
                0x0000000010003c74       0xa4 CMakeFiles/adc-picoW.dir/Users/loicpwlk/Documents/Code/Rpi-pico/pico-sdk/src/common/pico_time/time.c.obj
 .text.ph_merge_nodes
                0x0000000010003d18       0x3e CMakeFiles/adc-picoW.dir/Users/loicpwlk/Documents/Code/Rpi-pico/pico-sdk/src/common/pico_time/time.c.obj
 *fill*         0x0000000010003d56        0x2 
 .text.add_alarm_under_lock
                0x0000000010003d58      0x174 CMakeFiles/adc-picoW.dir/Users/loicpwlk/Documents/Code/Rpi-pico/pico-sdk/src/common/pico_time/time.c.obj
 .text.alarm_pool_alarm_callback
                0x0000000010003ecc      0x33c CMakeFiles/adc-picoW.dir/Users/loicpwlk/Documents/Code/Rpi-pico/pico-sdk/src/common/pico_time/time.c.obj
 .text.alarm_pool_init_default
                0x0000000010004208       0x40 CMakeFiles/adc-picoW.dir/Users/loicpwlk/Documents/Code/Rpi-pico/pico-sdk/src/common/pico_time/time.c.obj
                0x0000000010004208                alarm_pool_init_default
 .text.alarm_pool_get_default
                0x0000000010004248       0x2c CMakeFiles/adc-picoW.dir/Users/loicpwlk/Documents/Code/Rpi-pico/pico-sdk/src/common/pico_time/time.c.obj
                0x0000000010004248                alarm_pool_get_default
 .text.alarm_pool_add_alarm_at
                0x0000000010004274      0x168 CMakeFiles/adc-picoW.dir/Users/loicpwlk/Documents/Code/Rpi-pico/pico-sdk/src/common/pico_time/time.c.obj
                0x0000000010004274                alarm_pool_add_alarm_at
 .text.alarm_pool_cancel_alarm
                0x00000000100043dc       0xf0 CMakeFiles/adc-picoW.dir/Users/loicpwlk/Documents/Code/Rpi-pico/pico-sdk/src/common/pico_time/time.c.obj
                0x00000000100043dc                alarm_pool_cancel_alarm
 .text.alarm_pool_core_num
                0x00000000100044cc        0x4 CMakeFiles/adc-picoW.dir/Users/loicpwlk/Documents/Code/Rpi-pico/pico-sdk/src/common/pico_time/time.c.obj
                0x00000000100044cc                alarm_pool_core_num
 .text.sleep_until
                0x00000000100044d0       0xfc CMakeFiles/adc-picoW.dir/Users/loicpwlk/Documents/Code/Rpi-pico/pico-sdk/src/common/pico_time/time.c.obj
                0x00000000100044d0                sleep_until
 .text.sleep_us
                0x00000000100045cc       0x58 CMakeFiles/adc-picoW.dir/Users/loicpwlk/Documents/Code/Rpi-pico/pico-sdk/src/common/pico_time/time.c.obj
                0x00000000100045cc                sleep_us
 .text.sleep_ms
                0x0000000010004624       0x14 CMakeFiles/adc-picoW.dir/Users/loicpwlk/Documents/Code/Rpi-pico/pico-sdk/src/common/pico_time/time.c.obj
                0x0000000010004624                sleep_ms
 .text.best_effort_wfe_or_timeout
                0x0000000010004638       0xac CMakeFiles/adc-picoW.dir/Users/loicpwlk/Documents/Code/Rpi-pico/pico-sdk/src/common/pico_time/time.c.obj
                0x0000000010004638                best_effort_wfe_or_timeout
 .text.hardware_alarm_irq_handler
                0x00000000100046e4       0x90 CMakeFiles/adc-picoW.dir/Users/loicpwlk/Documents/Code/Rpi-pico/pico-sdk/src/rp2_common/hardware_timer/timer.c.obj
 .text.hardware_alarm_claim
                0x0000000010004774       0x18 CMakeFiles/adc-picoW.dir/Users/loicpwlk/Documents/Code/Rpi-pico/pico-sdk/src/rp2_common/hardware_timer/timer.c.obj
                0x0000000010004774                hardware_alarm_claim
 .text.time_us_64
                0x000000001000478c       0x18 CMakeFiles/adc-picoW.dir/Users/loicpwlk/Documents/Code/Rpi-pico/pico-sdk/src/rp2_common/hardware_timer/timer.c.obj
                0x000000001000478c                time_us_64
 .text.busy_wait_until
                0x00000000100047a4       0x28 CMakeFiles/adc-picoW.dir/Users/loicpwlk/Documents/Code/Rpi-pico/pico-sdk/src/rp2_common/hardware_timer/timer.c.obj
                0x00000000100047a4                busy_wait_until
 .text.busy_wait_us
                0x00000000100047cc       0x48 CMakeFiles/adc-picoW.dir/Users/loicpwlk/Documents/Code/Rpi-pico/pico-sdk/src/rp2_common/hardware_timer/timer.c.obj
                0x00000000100047cc                busy_wait_us
 .text.hardware_alarm_set_callback
                0x0000000010004814       0x90 CMakeFiles/adc-picoW.dir/Users/loicpwlk/Documents/Code/Rpi-pico/pico-sdk/src/rp2_common/hardware_timer/timer.c.obj
                0x0000000010004814                hardware_alarm_set_callback
 .text.hardware_alarm_set_target
                0x00000000100048a4       0xe8 CMakeFiles/adc-picoW.dir/Users/loicpwlk/Documents/Code/Rpi-pico/pico-sdk/src/rp2_common/hardware_timer/timer.c.obj
                0x00000000100048a4                hardware_alarm_set_target
 .text.hardware_alarm_cancel
                0x000000001000498c       0x40 CMakeFiles/adc-picoW.dir/Users/loicpwlk/Documents/Code/Rpi-pico/pico-sdk/src/rp2_common/hardware_timer/timer.c.obj
                0x000000001000498c                hardware_alarm_cancel
 .text.ph_add_child_node
                0x00000000100049cc       0xa4 CMakeFiles/adc-picoW.dir/Users/loicpwlk/Documents/Code/Rpi-pico/pico-sdk/src/common/pico_util/pheap.c.obj
 .text.ph_merge_nodes
                0x0000000010004a70       0x3e CMakeFiles/adc-picoW.dir/Users/loicpwlk/Documents/Code/Rpi-pico/pico-sdk/src/common/pico_util/pheap.c.obj
 *fill*         0x0000000010004aae        0x2 
 .text.ph_clear
                0x0000000010004ab0       0x70 CMakeFiles/adc-picoW.dir/Users/loicpwlk/Documents/Code/Rpi-pico/pico-sdk/src/common/pico_util/pheap.c.obj
                0x0000000010004ab0                ph_clear
 .text.ph_post_alloc_init
                0x0000000010004b20        0xe CMakeFiles/adc-picoW.dir/Users/loicpwlk/Documents/Code/Rpi-pico/pico-sdk/src/common/pico_util/pheap.c.obj
                0x0000000010004b20                ph_post_alloc_init
 *fill*         0x0000000010004b2e        0x2 
 .text.ph_merge_two_pass
                0x0000000010004b30       0xa8 CMakeFiles/adc-picoW.dir/Users/loicpwlk/Documents/Code/Rpi-pico/pico-sdk/src/common/pico_util/pheap.c.obj
                0x0000000010004b30                ph_merge_two_pass
 .text.ph_remove_any_head
                0x0000000010004bd8      0x128 CMakeFiles/adc-picoW.dir/Users/loicpwlk/Documents/Code/Rpi-pico/pico-sdk/src/common/pico_util/pheap.c.obj
 .text.ph_remove_head
                0x0000000010004d00       0x14 CMakeFiles/adc-picoW.dir/Users/loicpwlk/Documents/Code/Rpi-pico/pico-sdk/src/common/pico_util/pheap.c.obj
                0x0000000010004d00                ph_remove_head
 .text.ph_remove_and_free_node
                0x0000000010004d14       0xf8 CMakeFiles/adc-picoW.dir/Users/loicpwlk/Documents/Code/Rpi-pico/pico-sdk/src/common/pico_util/pheap.c.obj
                0x0000000010004d14                ph_remove_and_free_node
 .text.dma_channel_unclaim
                0x0000000010004e0c       0x10 CMakeFiles/adc-picoW.dir/Users/loicpwlk/Documents/Code/Rpi-pico/pico-sdk/src/rp2_common/hardware_dma/dma.c.obj
                0x0000000010004e0c                dma_channel_unclaim
 .text.dma_claim_unused_channel
                0x0000000010004e1c       0x20 CMakeFiles/adc-picoW.dir/Users/loicpwlk/Documents/Code/Rpi-pico/pico-sdk/src/rp2_common/hardware_dma/dma.c.obj
                0x0000000010004e1c                dma_claim_unused_channel
 .text.cyw43_sleep_timeout_reached
                0x0000000010004e3c       0x50 CMakeFiles/adc-picoW.dir/Users/loicpwlk/Documents/Code/Rpi-pico/pico-sdk/src/rp2_common/pico_cyw43_driver/cyw43_driver.c.obj
 .text.cyw43_set_irq_enabled
                0x0000000010004e8c        0xe CMakeFiles/adc-picoW.dir/Users/loicpwlk/Documents/Code/Rpi-pico/pico-sdk/src/rp2_common/pico_cyw43_driver/cyw43_driver.c.obj
 *fill*         0x0000000010004e9a        0x2 
 .text.cyw43_irq_init
                0x0000000010004e9c       0x50 CMakeFiles/adc-picoW.dir/Users/loicpwlk/Documents/Code/Rpi-pico/pico-sdk/src/rp2_common/pico_cyw43_driver/cyw43_driver.c.obj
                0x0000000010004e9c                cyw43_irq_init
 .text.cyw43_gpio_irq_handler
                0x0000000010004eec       0x40 CMakeFiles/adc-picoW.dir/Users/loicpwlk/Documents/Code/Rpi-pico/pico-sdk/src/rp2_common/pico_cyw43_driver/cyw43_driver.c.obj
 .text.cyw43_irq_deinit
                0x0000000010004f2c       0x48 CMakeFiles/adc-picoW.dir/Users/loicpwlk/Documents/Code/Rpi-pico/pico-sdk/src/rp2_common/pico_cyw43_driver/cyw43_driver.c.obj
                0x0000000010004f2c                cyw43_irq_deinit
 .text.no_lwip_fail
                0x0000000010004f74        0xc CMakeFiles/adc-picoW.dir/Users/loicpwlk/Documents/Code/Rpi-pico/pico-sdk/src/rp2_common/pico_cyw43_driver/cyw43_driver.c.obj
 .text.cyw43_do_poll
                0x0000000010004f80       0xc8 CMakeFiles/adc-picoW.dir/Users/loicpwlk/Documents/Code/Rpi-pico/pico-sdk/src/rp2_common/pico_cyw43_driver/cyw43_driver.c.obj
 .text.cyw43_post_poll_hook
                0x0000000010005048       0x38 CMakeFiles/adc-picoW.dir/Users/loicpwlk/Documents/Code/Rpi-pico/pico-sdk/src/rp2_common/pico_cyw43_driver/cyw43_driver.c.obj
                0x0000000010005048                cyw43_post_poll_hook
 .text.cyw43_schedule_internal_poll_dispatch
                0x0000000010005080       0x3c CMakeFiles/adc-picoW.dir/Users/loicpwlk/Documents/Code/Rpi-pico/pico-sdk/src/rp2_common/pico_cyw43_driver/cyw43_driver.c.obj
                0x0000000010005080                cyw43_schedule_internal_poll_dispatch
 .text.cyw43_driver_init
                0x00000000100050bc       0x38 CMakeFiles/adc-picoW.dir/Users/loicpwlk/Documents/Code/Rpi-pico/pico-sdk/src/rp2_common/pico_cyw43_driver/cyw43_driver.c.obj
                0x00000000100050bc                cyw43_driver_init
 .text.cyw43_driver_deinit
                0x00000000100050f4       0x64 CMakeFiles/adc-picoW.dir/Users/loicpwlk/Documents/Code/Rpi-pico/pico-sdk/src/rp2_common/pico_cyw43_driver/cyw43_driver.c.obj
                0x00000000100050f4                cyw43_driver_deinit
 .text.storage_read_blocks
                0x0000000010005158        0x6 CMakeFiles/adc-picoW.dir/Users/loicpwlk/Documents/Code/Rpi-pico/pico-sdk/src/rp2_common/pico_cyw43_driver/cyw43_driver.c.obj
                0x0000000010005158                storage_read_blocks
 *fill*         0x000000001000515e        0x2 
 .text.cyw43_hal_generate_laa_mac
                0x0000000010005160       0x34 CMakeFiles/adc-picoW.dir/Users/loicpwlk/Documents/Code/Rpi-pico/pico-sdk/src/rp2_common/pico_cyw43_driver/cyw43_driver.c.obj
                0x0000000010005160                cyw43_hal_generate_laa_mac
 .text.cyw43_thread_enter
                0x0000000010005194       0x14 CMakeFiles/adc-picoW.dir/Users/loicpwlk/Documents/Code/Rpi-pico/pico-sdk/src/rp2_common/pico_cyw43_driver/cyw43_driver.c.obj
                0x0000000010005194                cyw43_thread_enter
 .text.cyw43_thread_exit
                0x00000000100051a8       0x14 CMakeFiles/adc-picoW.dir/Users/loicpwlk/Documents/Code/Rpi-pico/pico-sdk/src/rp2_common/pico_cyw43_driver/cyw43_driver.c.obj
                0x00000000100051a8                cyw43_thread_exit
 .text.cyw43_thread_lock_check
                0x00000000100051bc       0x14 CMakeFiles/adc-picoW.dir/Users/loicpwlk/Documents/Code/Rpi-pico/pico-sdk/src/rp2_common/pico_cyw43_driver/cyw43_driver.c.obj
                0x00000000100051bc                cyw43_thread_lock_check
 .text.cyw43_await_background_or_timeout_us
                0x00000000100051d0       0x60 CMakeFiles/adc-picoW.dir/Users/loicpwlk/Documents/Code/Rpi-pico/pico-sdk/src/rp2_common/pico_cyw43_driver/cyw43_driver.c.obj
                0x00000000100051d0                cyw43_await_background_or_timeout_us
 .text.cyw43_delay_ms
                0x0000000010005230       0x70 CMakeFiles/adc-picoW.dir/Users/loicpwlk/Documents/Code/Rpi-pico/pico-sdk/src/rp2_common/pico_cyw43_driver/cyw43_driver.c.obj
                0x0000000010005230                cyw43_delay_ms
 .text.cyw43_cb_tcpip_deinit
                0x00000000100052a0        0x2 CMakeFiles/adc-picoW.dir/Users/loicpwlk/Documents/Code/Rpi-pico/pico-sdk/src/rp2_common/pico_cyw43_driver/cyw43_driver.c.obj
                0x00000000100052a0                cyw43_cb_tcpip_deinit
 .text.cyw43_cb_tcpip_set_link_up
                0x00000000100052a2        0x6 CMakeFiles/adc-picoW.dir/Users/loicpwlk/Documents/Code/Rpi-pico/pico-sdk/src/rp2_common/pico_cyw43_driver/cyw43_driver.c.obj
                0x00000000100052a2                cyw43_cb_tcpip_set_link_up
 .text.cyw43_cb_tcpip_set_link_down
                0x00000000100052a8        0x6 CMakeFiles/adc-picoW.dir/Users/loicpwlk/Documents/Code/Rpi-pico/pico-sdk/src/rp2_common/pico_cyw43_driver/cyw43_driver.c.obj
                0x00000000100052a8                cyw43_cb_tcpip_set_link_down
 .text.cyw43_cb_process_ethernet
                0x00000000100052ae        0x6 CMakeFiles/adc-picoW.dir/Users/loicpwlk/Documents/Code/Rpi-pico/pico-sdk/src/rp2_common/pico_cyw43_driver/cyw43_driver.c.obj
                0x00000000100052ae                cyw43_cb_process_ethernet
 .text.async_context_threadsafe_background_acquire_lock_blocking
                0x00000000100052b4        0xa CMakeFiles/adc-picoW.dir/Users/loicpwlk/Documents/Code/Rpi-pico/pico-sdk/src/rp2_common/pico_async_context/async_context_threadsafe_background.c.obj
 .text.async_context_threadsafe_background_wake_up
                0x00000000100052be       0x16 CMakeFiles/adc-picoW.dir/Users/loicpwlk/Documents/Code/Rpi-pico/pico-sdk/src/rp2_common/pico_async_context/async_context_threadsafe_background.c.obj
 .text.alarm_handler
                0x00000000100052d4       0x14 CMakeFiles/adc-picoW.dir/Users/loicpwlk/Documents/Code/Rpi-pico/pico-sdk/src/rp2_common/pico_async_context/async_context_threadsafe_background.c.obj
 .text.async_context_threadsafe_background_set_work_pending
                0x00000000100052e8        0xc CMakeFiles/adc-picoW.dir/Users/loicpwlk/Documents/Code/Rpi-pico/pico-sdk/src/rp2_common/pico_async_context/async_context_threadsafe_background.c.obj
 .text.async_context_threadsafe_background_lock_check
                0x00000000100052f4       0x2c CMakeFiles/adc-picoW.dir/Users/loicpwlk/Documents/Code/Rpi-pico/pico-sdk/src/rp2_common/pico_async_context/async_context_threadsafe_background.c.obj
 .text.process_under_lock
                0x0000000010005320       0xfc CMakeFiles/adc-picoW.dir/Users/loicpwlk/Documents/Code/Rpi-pico/pico-sdk/src/rp2_common/pico_async_context/async_context_threadsafe_background.c.obj
 .text.lock_release
                0x000000001000541c       0x1e CMakeFiles/adc-picoW.dir/Users/loicpwlk/Documents/Code/Rpi-pico/pico-sdk/src/rp2_common/pico_async_context/async_context_threadsafe_background.c.obj
 .text.async_context_threadsafe_background_execute_sync
                0x000000001000543a       0x1e CMakeFiles/adc-picoW.dir/Users/loicpwlk/Documents/Code/Rpi-pico/pico-sdk/src/rp2_common/pico_async_context/async_context_threadsafe_background.c.obj
                0x000000001000543a                async_context_threadsafe_background_execute_sync
 .text.async_context_threadsafe_background_release_lock
                0x0000000010005458        0x8 CMakeFiles/adc-picoW.dir/Users/loicpwlk/Documents/Code/Rpi-pico/pico-sdk/src/rp2_common/pico_async_context/async_context_threadsafe_background.c.obj
 .text.low_prio_irq_deinit
                0x0000000010005460       0x50 CMakeFiles/adc-picoW.dir/Users/loicpwlk/Documents/Code/Rpi-pico/pico-sdk/src/rp2_common/pico_async_context/async_context_threadsafe_background.c.obj
 .text.async_context_threadsafe_background_deinit
                0x00000000100054b0       0x58 CMakeFiles/adc-picoW.dir/Users/loicpwlk/Documents/Code/Rpi-pico/pico-sdk/src/rp2_common/pico_async_context/async_context_threadsafe_background.c.obj
 .text.low_priority_irq_handler
                0x0000000010005508       0x78 CMakeFiles/adc-picoW.dir/Users/loicpwlk/Documents/Code/Rpi-pico/pico-sdk/src/rp2_common/pico_async_context/async_context_threadsafe_background.c.obj
 .text.async_context_threadsafe_background_wait_for_work_until
                0x0000000010005580        0xa CMakeFiles/adc-picoW.dir/Users/loicpwlk/Documents/Code/Rpi-pico/pico-sdk/src/rp2_common/pico_async_context/async_context_threadsafe_background.c.obj
 .text.async_context_threadsafe_background_wait_until
                0x000000001000558a       0x1a CMakeFiles/adc-picoW.dir/Users/loicpwlk/Documents/Code/Rpi-pico/pico-sdk/src/rp2_common/pico_async_context/async_context_threadsafe_background.c.obj
 .text.async_context_threadsafe_background_when_pending_worker
                0x00000000100055a4       0x20 CMakeFiles/adc-picoW.dir/Users/loicpwlk/Documents/Code/Rpi-pico/pico-sdk/src/rp2_common/pico_async_context/async_context_threadsafe_background.c.obj
 .text.async_context_threadsafe_background_add_when_pending_worker
                0x00000000100055c4       0x20 CMakeFiles/adc-picoW.dir/Users/loicpwlk/Documents/Code/Rpi-pico/pico-sdk/src/rp2_common/pico_async_context/async_context_threadsafe_background.c.obj
 .text.async_context_threadsafe_background_remove_at_time_worker
                0x00000000100055e4       0x20 CMakeFiles/adc-picoW.dir/Users/loicpwlk/Documents/Code/Rpi-pico/pico-sdk/src/rp2_common/pico_async_context/async_context_threadsafe_background.c.obj
 .text.async_context_threadsafe_background_add_at_time_worker
                0x0000000010005604       0x20 CMakeFiles/adc-picoW.dir/Users/loicpwlk/Documents/Code/Rpi-pico/pico-sdk/src/rp2_common/pico_async_context/async_context_threadsafe_background.c.obj
 .text.low_prio_irq_init
                0x0000000010005624       0x80 CMakeFiles/adc-picoW.dir/Users/loicpwlk/Documents/Code/Rpi-pico/pico-sdk/src/rp2_common/pico_async_context/async_context_threadsafe_background.c.obj
 .text.async_context_threadsafe_background_default_config
                0x00000000100056a4        0xa CMakeFiles/adc-picoW.dir/Users/loicpwlk/Documents/Code/Rpi-pico/pico-sdk/src/rp2_common/pico_async_context/async_context_threadsafe_background.c.obj
                0x00000000100056a4                async_context_threadsafe_background_default_config
 *fill*         0x00000000100056ae        0x2 
 .text.async_context_threadsafe_background_init
                0x00000000100056b0       0x74 CMakeFiles/adc-picoW.dir/Users/loicpwlk/Documents/Code/Rpi-pico/pico-sdk/src/rp2_common/pico_async_context/async_context_threadsafe_background.c.obj
                0x00000000100056b0                async_context_threadsafe_background_init
 .text.async_context_base_add_at_time_worker
                0x0000000010005724       0x1c CMakeFiles/adc-picoW.dir/Users/loicpwlk/Documents/Code/Rpi-pico/pico-sdk/src/rp2_common/pico_async_context/async_context_base.c.obj
                0x0000000010005724                async_context_base_add_at_time_worker
 .text.async_context_base_remove_at_time_worker
                0x0000000010005740       0x1c CMakeFiles/adc-picoW.dir/Users/loicpwlk/Documents/Code/Rpi-pico/pico-sdk/src/rp2_common/pico_async_context/async_context_base.c.obj
                0x0000000010005740                async_context_base_remove_at_time_worker
 .text.async_context_base_add_when_pending_worker
                0x000000001000575c       0x1c CMakeFiles/adc-picoW.dir/Users/loicpwlk/Documents/Code/Rpi-pico/pico-sdk/src/rp2_common/pico_async_context/async_context_base.c.obj
                0x000000001000575c                async_context_base_add_when_pending_worker
 .text.async_context_base_remove_when_pending_worker
                0x0000000010005778       0x1c CMakeFiles/adc-picoW.dir/Users/loicpwlk/Documents/Code/Rpi-pico/pico-sdk/src/rp2_common/pico_async_context/async_context_base.c.obj
                0x0000000010005778                async_context_base_remove_when_pending_worker
 .text.async_context_base_remove_ready_at_time_worker
                0x0000000010005794       0x94 CMakeFiles/adc-picoW.dir/Users/loicpwlk/Documents/Code/Rpi-pico/pico-sdk/src/rp2_common/pico_async_context/async_context_base.c.obj
                0x0000000010005794                async_context_base_remove_ready_at_time_worker
 .text.async_context_base_refresh_next_timeout
                0x0000000010005828       0x4c CMakeFiles/adc-picoW.dir/Users/loicpwlk/Documents/Code/Rpi-pico/pico-sdk/src/rp2_common/pico_async_context/async_context_base.c.obj
                0x0000000010005828                async_context_base_refresh_next_timeout
 .text.async_context_base_execute_once
                0x0000000010005874       0x48 CMakeFiles/adc-picoW.dir/Users/loicpwlk/Documents/Code/Rpi-pico/pico-sdk/src/rp2_common/pico_async_context/async_context_base.c.obj
                0x0000000010005874                async_context_base_execute_once
 .text.uart_set_baudrate
                0x00000000100058bc       0x5c CMakeFiles/adc-picoW.dir/Users/loicpwlk/Documents/Code/Rpi-pico/pico-sdk/src/rp2_common/hardware_uart/uart.c.obj
                0x00000000100058bc                uart_set_baudrate
 .text.uart_set_translate_crlf
                0x0000000010005918       0x28 CMakeFiles/adc-picoW.dir/Users/loicpwlk/Documents/Code/Rpi-pico/pico-sdk/src/rp2_common/hardware_uart/uart.c.obj
                0x0000000010005918                uart_set_translate_crlf
 .text.uart_init
                0x0000000010005940       0x80 CMakeFiles/adc-picoW.dir/Users/loicpwlk/Documents/Code/Rpi-pico/pico-sdk/src/rp2_common/hardware_uart/uart.c.obj
                0x0000000010005940                uart_init
 .text.clock_configure
                0x00000000100059c0      0x104 CMakeFiles/adc-picoW.dir/Users/loicpwlk/Documents/Code/Rpi-pico/pico-sdk/src/rp2_common/hardware_clocks/clocks.c.obj
                0x00000000100059c0                clock_configure
 .text.clocks_init
                0x0000000010005ac4      0x100 CMakeFiles/adc-picoW.dir/Users/loicpwlk/Documents/Code/Rpi-pico/pico-sdk/src/rp2_common/hardware_clocks/clocks.c.obj
                0x0000000010005ac4                clocks_init
 .text.clock_get_hz
                0x0000000010005bc4        0xc CMakeFiles/adc-picoW.dir/Users/loicpwlk/Documents/Code/Rpi-pico/pico-sdk/src/rp2_common/hardware_clocks/clocks.c.obj
                0x0000000010005bc4                clock_get_hz
 .text.pll_init
                0x0000000010005bd0      0x12c CMakeFiles/adc-picoW.dir/Users/loicpwlk/Documents/Code/Rpi-pico/pico-sdk/src/rp2_common/hardware_pll/pll.c.obj
                0x0000000010005bd0                pll_init
 .text.watchdog_start_tick
                0x0000000010005cfc       0x10 CMakeFiles/adc-picoW.dir/Users/loicpwlk/Documents/Code/Rpi-pico/pico-sdk/src/rp2_common/hardware_watchdog/watchdog.c.obj
                0x0000000010005cfc                watchdog_start_tick
 .text.watchdog_update
                0x0000000010005d0c       0x14 CMakeFiles/adc-picoW.dir/Users/loicpwlk/Documents/Code/Rpi-pico/pico-sdk/src/rp2_common/hardware_watchdog/watchdog.c.obj
                0x0000000010005d0c                watchdog_update
 .text._watchdog_enable
                0x0000000010005d20       0x78 CMakeFiles/adc-picoW.dir/Users/loicpwlk/Documents/Code/Rpi-pico/pico-sdk/src/rp2_common/hardware_watchdog/watchdog.c.obj
                0x0000000010005d20                _watchdog_enable
 .text.watchdog_reboot
                0x0000000010005d98       0x48 CMakeFiles/adc-picoW.dir/Users/loicpwlk/Documents/Code/Rpi-pico/pico-sdk/src/rp2_common/hardware_watchdog/watchdog.c.obj
                0x0000000010005d98                watchdog_reboot
 .text.xosc_init
                0x0000000010005de0       0x28 CMakeFiles/adc-picoW.dir/Users/loicpwlk/Documents/Code/Rpi-pico/pico-sdk/src/rp2_common/hardware_xosc/xosc.c.obj
                0x0000000010005de0                xosc_init
 .text._exit    0x0000000010005e08        0x4 CMakeFiles/adc-picoW.dir/Users/loicpwlk/Documents/Code/Rpi-pico/pico-sdk/src/rp2_common/pico_runtime/runtime.c.obj
                0x0000000010005e08                _exit
 .text.exit     0x0000000010005e0c        0x6 CMakeFiles/adc-picoW.dir/Users/loicpwlk/Documents/Code/Rpi-pico/pico-sdk/src/rp2_common/pico_runtime/runtime.c.obj
                0x0000000010005e0c                exit
 *fill*         0x0000000010005e12        0x2 
 .text.__assert_func
                0x0000000010005e14       0x3c CMakeFiles/adc-picoW.dir/Users/loicpwlk/Documents/Code/Rpi-pico/pico-sdk/src/rp2_common/pico_runtime/runtime.c.obj
                0x0000000010005e14                __assert_func
 .text.runtime_init
                0x0000000010005e50       0xf8 CMakeFiles/adc-picoW.dir/Users/loicpwlk/Documents/Code/Rpi-pico/pico-sdk/src/rp2_common/pico_runtime/runtime.c.obj
                0x0000000010005e50                runtime_init
 .text.panic    0x0000000010005f48       0x30 CMakeFiles/adc-picoW.dir/Users/loicpwlk/Documents/Code/Rpi-pico/pico-sdk/src/rp2_common/pico_runtime/runtime.c.obj
                0x0000000010005f48                panic
 .text.panic_unsupported
                0x0000000010005f78        0xc CMakeFiles/adc-picoW.dir/Users/loicpwlk/Documents/Code/Rpi-pico/pico-sdk/src/rp2_common/pico_runtime/runtime.c.obj
                0x0000000010005f78                panic_unsupported
 .text._out_null
                0x0000000010005f84        0x2 CMakeFiles/adc-picoW.dir/Users/loicpwlk/Documents/Code/Rpi-pico/pico-sdk/src/rp2_common/pico_printf/printf.c.obj
 .text._out_fct
                0x0000000010005f86        0xe CMakeFiles/adc-picoW.dir/Users/loicpwlk/Documents/Code/Rpi-pico/pico-sdk/src/rp2_common/pico_printf/printf.c.obj
 .text._atoi    0x0000000010005f94       0x24 CMakeFiles/adc-picoW.dir/Users/loicpwlk/Documents/Code/Rpi-pico/pico-sdk/src/rp2_common/pico_printf/printf.c.obj
 .text._out_rev
                0x0000000010005fb8       0xae CMakeFiles/adc-picoW.dir/Users/loicpwlk/Documents/Code/Rpi-pico/pico-sdk/src/rp2_common/pico_printf/printf.c.obj
 .text._ntoa_format
                0x0000000010006066      0x112 CMakeFiles/adc-picoW.dir/Users/loicpwlk/Documents/Code/Rpi-pico/pico-sdk/src/rp2_common/pico_printf/printf.c.obj
 .text._ntoa_long
                0x0000000010006178       0xbc CMakeFiles/adc-picoW.dir/Users/loicpwlk/Documents/Code/Rpi-pico/pico-sdk/src/rp2_common/pico_printf/printf.c.obj
 .text._ntoa_long_long
                0x0000000010006234       0xe2 CMakeFiles/adc-picoW.dir/Users/loicpwlk/Documents/Code/Rpi-pico/pico-sdk/src/rp2_common/pico_printf/printf.c.obj
 *fill*         0x0000000010006316        0x2 
 .text._etoa    0x0000000010006318      0x414 CMakeFiles/adc-picoW.dir/Users/loicpwlk/Documents/Code/Rpi-pico/pico-sdk/src/rp2_common/pico_printf/printf.c.obj
 .text._ftoa    0x000000001000672c      0x354 CMakeFiles/adc-picoW.dir/Users/loicpwlk/Documents/Code/Rpi-pico/pico-sdk/src/rp2_common/pico_printf/printf.c.obj
 .text._vsnprintf
                0x0000000010006a80      0x624 CMakeFiles/adc-picoW.dir/Users/loicpwlk/Documents/Code/Rpi-pico/pico-sdk/src/rp2_common/pico_printf/printf.c.obj
 .text.vfctprintf
                0x00000000100070a4       0x20 CMakeFiles/adc-picoW.dir/Users/loicpwlk/Documents/Code/Rpi-pico/pico-sdk/src/rp2_common/pico_printf/printf.c.obj
                0x00000000100070a4                vfctprintf
 .text          0x00000000100070c4       0x10 CMakeFiles/adc-picoW.dir/Users/loicpwlk/Documents/Code/Rpi-pico/pico-sdk/src/rp2_common/pico_bit_ops/bit_ops_aeabi.S.obj
 .text.ctzsi    0x00000000100070d4        0xc CMakeFiles/adc-picoW.dir/Users/loicpwlk/Documents/Code/Rpi-pico/pico-sdk/src/rp2_common/pico_bit_ops/bit_ops_aeabi.S.obj
                0x00000000100070d4                __wrap___ctzsi2
 .text.__wrap___aeabi_idiv
                0x00000000100070e0       0x50 CMakeFiles/adc-picoW.dir/Users/loicpwlk/Documents/Code/Rpi-pico/pico-sdk/src/rp2_common/pico_divider/divider.S.obj
                0x00000000100070e0                __wrap___aeabi_idivmod
                0x00000000100070e0                divmod_s32s32
                0x00000000100070e0                div_s32s32
                0x00000000100070e0                __wrap___aeabi_idiv
                0x00000000100070e8                divmod_s32s32_unsafe
                0x0000000010007114                divmod_s32s32_savestate
 .text.__wrap___aeabi_uidiv
                0x0000000010007130       0x4c CMakeFiles/adc-picoW.dir/Users/loicpwlk/Documents/Code/Rpi-pico/pico-sdk/src/rp2_common/pico_divider/divider.S.obj
                0x0000000010007130                __wrap___aeabi_uidiv
                0x0000000010007130                __wrap___aeabi_uidivmod
                0x0000000010007130                div_u32u32
                0x0000000010007130                divmod_u32u32
                0x0000000010007138                divmod_u32u32_unsafe
                0x0000000010007160                divmod_u32u32_savestate
 .text.__wrap___aeabi_ldiv
                0x000000001000717c      0x424 CMakeFiles/adc-picoW.dir/Users/loicpwlk/Documents/Code/Rpi-pico/pico-sdk/src/rp2_common/pico_divider/divider.S.obj
                0x000000001000717c                __wrap___aeabi_ldivmod
                0x000000001000717c                div_s64s64
                0x000000001000717c                divmod_s64s64
                0x00000000100071ac                divmod_u64u64
                0x00000000100071ac                div_u64u64
                0x00000000100071ac                __wrap___aeabi_uldivmod
                0x00000000100071bc                divmod_u64u64_savestate
                0x00000000100071dc                divmod_s64s64_unsafe
                0x0000000010007264                divmod_u64u64_unsafe
 .text.__wrap___aeabi_darithmetic
                0x00000000100075a0       0x60 CMakeFiles/adc-picoW.dir/Users/loicpwlk/Documents/Code/Rpi-pico/pico-sdk/src/rp2_common/pico_double/double_aeabi.S.obj
                0x00000000100075a0                __wrap___aeabi_drsub
                0x00000000100075a6                __wrap___aeabi_dsub
                0x00000000100075b0                __wrap___aeabi_dadd
                0x00000000100075ba                __wrap___aeabi_ddiv
                0x00000000100075ee                __wrap___aeabi_dmul
 .text.__wrap___aeabi_cdcmple
                0x0000000010007600       0x6c CMakeFiles/adc-picoW.dir/Users/loicpwlk/Documents/Code/Rpi-pico/pico-sdk/src/rp2_common/pico_double/double_aeabi.S.obj
                0x0000000010007600                __wrap___aeabi_cdrcmple
                0x0000000010007610                __wrap___aeabi_cdcmple
                0x0000000010007610                __wrap___aeabi_cdcmpeq
 .text.__wrap___aeabi_dcmplt
                0x000000001000766c        0xc CMakeFiles/adc-picoW.dir/Users/loicpwlk/Documents/Code/Rpi-pico/pico-sdk/src/rp2_common/pico_double/double_aeabi.S.obj
                0x000000001000766c                __wrap___aeabi_dcmplt
 .text.__wrap___aeabi_dcmple
                0x0000000010007678       0x10 CMakeFiles/adc-picoW.dir/Users/loicpwlk/Documents/Code/Rpi-pico/pico-sdk/src/rp2_common/pico_double/double_aeabi.S.obj
                0x0000000010007678                __wrap___aeabi_dcmple
 .text.__wrap___aeabi_dcmpge
                0x0000000010007688       0x10 CMakeFiles/adc-picoW.dir/Users/loicpwlk/Documents/Code/Rpi-pico/pico-sdk/src/rp2_common/pico_double/double_aeabi.S.obj
                0x0000000010007688                __wrap___aeabi_dcmpge
 .text.__wrap___aeabi_dcmpgt
                0x0000000010007698        0xa CMakeFiles/adc-picoW.dir/Users/loicpwlk/Documents/Code/Rpi-pico/pico-sdk/src/rp2_common/pico_double/double_aeabi.S.obj
                0x0000000010007698                __wrap___aeabi_dcmpgt
 .text.__wrap___aeabi_dcmpun
                0x00000000100076a2       0x1c CMakeFiles/adc-picoW.dir/Users/loicpwlk/Documents/Code/Rpi-pico/pico-sdk/src/rp2_common/pico_double/double_aeabi.S.obj
                0x00000000100076a2                __wrap___aeabi_dcmpun
 *fill*         0x00000000100076be        0x2 
 .text.__wrap___aeabi_i2d
                0x00000000100076c0       0x38 CMakeFiles/adc-picoW.dir/Users/loicpwlk/Documents/Code/Rpi-pico/pico-sdk/src/rp2_common/pico_double/double_aeabi.S.obj
                0x00000000100076c0                __wrap___aeabi_ui2d
                0x00000000100076c8                __wrap___aeabi_i2d
 .text.__wrap___aeabi_d2iz
                0x00000000100076f8       0x48 CMakeFiles/adc-picoW.dir/Users/loicpwlk/Documents/Code/Rpi-pico/pico-sdk/src/rp2_common/pico_double/double_aeabi.S.obj
                0x00000000100076f8                __wrap___aeabi_d2iz
                0x00000000100076f8                double2int_z
 .text.__wrap___aeabi_d2uiz
                0x0000000010007740       0x10 CMakeFiles/adc-picoW.dir/Users/loicpwlk/Documents/Code/Rpi-pico/pico-sdk/src/rp2_common/pico_double/double_aeabi.S.obj
                0x0000000010007740                double2uint
                0x0000000010007740                __wrap___aeabi_d2uiz
 .text.missing_double_func_shim
                0x0000000010007750        0xc CMakeFiles/adc-picoW.dir/Users/loicpwlk/Documents/Code/Rpi-pico/pico-sdk/src/rp2_common/pico_double/double_init_rom.c.obj
 .text.__aeabi_double_init
                0x000000001000775c       0xcc CMakeFiles/adc-picoW.dir/Users/loicpwlk/Documents/Code/Rpi-pico/pico-sdk/src/rp2_common/pico_double/double_init_rom.c.obj
                0x000000001000775c                __aeabi_double_init
 .text.double_table_shim_on_use_helper
                0x0000000010007828       0x34 CMakeFiles/adc-picoW.dir/Users/loicpwlk/Documents/Code/Rpi-pico/pico-sdk/src/rp2_common/pico_double/double_v1_rom_shim.S.obj
                0x0000000010007828                double_table_shim_on_use_helper
 .text.__aeabi_lmul
                0x000000001000785c       0x32 CMakeFiles/adc-picoW.dir/Users/loicpwlk/Documents/Code/Rpi-pico/pico-sdk/src/rp2_common/pico_int64_ops/pico_int64_ops_aeabi.S.obj
                0x000000001000785c                __wrap___aeabi_lmul
 *fill*         0x000000001000788e        0x2 
 .text.missing_float_func_shim
                0x0000000010007890        0xc CMakeFiles/adc-picoW.dir/Users/loicpwlk/Documents/Code/Rpi-pico/pico-sdk/src/rp2_common/pico_float/float_init_rom.c.obj
 .text.__aeabi_float_init
                0x000000001000789c       0x88 CMakeFiles/adc-picoW.dir/Users/loicpwlk/Documents/Code/Rpi-pico/pico-sdk/src/rp2_common/pico_float/float_init_rom.c.obj
                0x000000001000789c                __aeabi_float_init
 .text          0x0000000010007924       0x10 CMakeFiles/adc-picoW.dir/Users/loicpwlk/Documents/Code/Rpi-pico/pico-sdk/src/rp2_common/pico_mem_ops/mem_ops_aeabi.S.obj
                0x0000000010007924                __aeabi_mem_init
 .text.memset   0x0000000010007934        0xc CMakeFiles/adc-picoW.dir/Users/loicpwlk/Documents/Code/Rpi-pico/pico-sdk/src/rp2_common/pico_mem_ops/mem_ops_aeabi.S.obj
                0x0000000010007934                __wrap_memset
 .text.memcpy   0x0000000010007940        0xc CMakeFiles/adc-picoW.dir/Users/loicpwlk/Documents/Code/Rpi-pico/pico-sdk/src/rp2_common/pico_mem_ops/mem_ops_aeabi.S.obj
                0x0000000010007940                __wrap___aeabi_memcpy
                0x0000000010007940                __wrap_memcpy
 .text.stdio_out_chars_no_crlf
                0x000000001000794c        0xe CMakeFiles/adc-picoW.dir/Users/loicpwlk/Documents/Code/Rpi-pico/pico-sdk/src/rp2_common/pico_stdio/stdio.c.obj
 *fill*         0x000000001000795a        0x2 
 .text.stdio_out_chars_crlf
                0x000000001000795c       0x80 CMakeFiles/adc-picoW.dir/Users/loicpwlk/Documents/Code/Rpi-pico/pico-sdk/src/rp2_common/pico_stdio/stdio.c.obj
 .text.stdio_stack_buffer_flush
                0x00000000100079dc       0x44 CMakeFiles/adc-picoW.dir/Users/loicpwlk/Documents/Code/Rpi-pico/pico-sdk/src/rp2_common/pico_stdio/stdio.c.obj
 .text.stdio_buffered_printer
                0x0000000010007a20       0x20 CMakeFiles/adc-picoW.dir/Users/loicpwlk/Documents/Code/Rpi-pico/pico-sdk/src/rp2_common/pico_stdio/stdio.c.obj
 .text.stdio_get_until
                0x0000000010007a40       0x80 CMakeFiles/adc-picoW.dir/Users/loicpwlk/Documents/Code/Rpi-pico/pico-sdk/src/rp2_common/pico_stdio/stdio.c.obj
 .text.stdout_serialize_begin
                0x0000000010007ac0       0x5c CMakeFiles/adc-picoW.dir/Users/loicpwlk/Documents/Code/Rpi-pico/pico-sdk/src/rp2_common/pico_stdio/stdio.c.obj
                0x0000000010007ac0                stdout_serialize_begin
 .text.stdout_serialize_end
                0x0000000010007b1c       0x10 CMakeFiles/adc-picoW.dir/Users/loicpwlk/Documents/Code/Rpi-pico/pico-sdk/src/rp2_common/pico_stdio/stdio.c.obj
                0x0000000010007b1c                stdout_serialize_end
 .text.stdio_put_string
                0x0000000010007b2c       0x98 CMakeFiles/adc-picoW.dir/Users/loicpwlk/Documents/Code/Rpi-pico/pico-sdk/src/rp2_common/pico_stdio/stdio.c.obj
 .text.__wrap_putchar
                0x0000000010007bc4       0x1c CMakeFiles/adc-picoW.dir/Users/loicpwlk/Documents/Code/Rpi-pico/pico-sdk/src/rp2_common/pico_stdio/stdio.c.obj
                0x0000000010007bc4                __wrap_putchar
 .text.stdio_set_driver_enabled
                0x0000000010007be0       0x2c CMakeFiles/adc-picoW.dir/Users/loicpwlk/Documents/Code/Rpi-pico/pico-sdk/src/rp2_common/pico_stdio/stdio.c.obj
                0x0000000010007be0                stdio_set_driver_enabled
 .text.stdio_flush
                0x0000000010007c0c       0x20 CMakeFiles/adc-picoW.dir/Users/loicpwlk/Documents/Code/Rpi-pico/pico-sdk/src/rp2_common/pico_stdio/stdio.c.obj
                0x0000000010007c0c                stdio_flush
 .text.__wrap_puts
                0x0000000010007c2c       0x1e CMakeFiles/adc-picoW.dir/Users/loicpwlk/Documents/Code/Rpi-pico/pico-sdk/src/rp2_common/pico_stdio/stdio.c.obj
                0x0000000010007c2c                __wrap_puts
 *fill*         0x0000000010007c4a        0x2 
 .text.__wrap_vprintf
                0x0000000010007c4c       0x40 CMakeFiles/adc-picoW.dir/Users/loicpwlk/Documents/Code/Rpi-pico/pico-sdk/src/rp2_common/pico_stdio/stdio.c.obj
                0x0000000010007c4c                __wrap_vprintf
 .text.__wrap_printf
                0x0000000010007c8c       0x18 CMakeFiles/adc-picoW.dir/Users/loicpwlk/Documents/Code/Rpi-pico/pico-sdk/src/rp2_common/pico_stdio/stdio.c.obj
                0x0000000010007c8c                __wrap_printf
 .text.stdio_init_all
                0x0000000010007ca4        0xe CMakeFiles/adc-picoW.dir/Users/loicpwlk/Documents/Code/Rpi-pico/pico-sdk/src/rp2_common/pico_stdio/stdio.c.obj
                0x0000000010007ca4                stdio_init_all
 *fill*         0x0000000010007cb2        0x2 
 .text.__wrap_getchar
                0x0000000010007cb4       0x40 CMakeFiles/adc-picoW.dir/Users/loicpwlk/Documents/Code/Rpi-pico/pico-sdk/src/rp2_common/pico_stdio/stdio.c.obj
                0x0000000010007cb4                __wrap_getchar
 .text.stdio_uart_out_chars
                0x0000000010007cf4       0x74 CMakeFiles/adc-picoW.dir/Users/loicpwlk/Documents/Code/Rpi-pico/pico-sdk/src/rp2_common/pico_stdio_uart/stdio_uart.c.obj
 .text.stdio_uart_in_chars
                0x0000000010007d68       0x80 CMakeFiles/adc-picoW.dir/Users/loicpwlk/Documents/Code/Rpi-pico/pico-sdk/src/rp2_common/pico_stdio_uart/stdio_uart.c.obj
                0x0000000010007d68                stdio_uart_in_chars
 .text.on_uart_rx
                0x0000000010007de8       0x28 CMakeFiles/adc-picoW.dir/Users/loicpwlk/Documents/Code/Rpi-pico/pico-sdk/src/rp2_common/pico_stdio_uart/stdio_uart.c.obj
 .text.stdio_uart_set_chars_available_callback
                0x0000000010007e10       0x8c CMakeFiles/adc-picoW.dir/Users/loicpwlk/Documents/Code/Rpi-pico/pico-sdk/src/rp2_common/pico_stdio_uart/stdio_uart.c.obj
 .text.stdio_uart_init_full
                0x0000000010007e9c       0x44 CMakeFiles/adc-picoW.dir/Users/loicpwlk/Documents/Code/Rpi-pico/pico-sdk/src/rp2_common/pico_stdio_uart/stdio_uart.c.obj
                0x0000000010007e9c                stdio_uart_init_full
 .text.stdio_uart_init
                0x0000000010007ee0       0x28 CMakeFiles/adc-picoW.dir/Users/loicpwlk/Documents/Code/Rpi-pico/pico-sdk/src/rp2_common/pico_stdio_uart/stdio_uart.c.obj
                0x0000000010007ee0                stdio_uart_init
 .text.resetd_init
                0x0000000010007f08        0x2 CMakeFiles/adc-picoW.dir/Users/loicpwlk/Documents/Code/Rpi-pico/pico-sdk/src/rp2_common/pico_stdio_usb/reset_interface.c.obj
 *fill*         0x0000000010007f0a        0x2 
 .text.resetd_reset
                0x0000000010007f0c        0xc CMakeFiles/adc-picoW.dir/Users/loicpwlk/Documents/Code/Rpi-pico/pico-sdk/src/rp2_common/pico_stdio_usb/reset_interface.c.obj
 .text.resetd_open
                0x0000000010007f18       0x34 CMakeFiles/adc-picoW.dir/Users/loicpwlk/Documents/Code/Rpi-pico/pico-sdk/src/rp2_common/pico_stdio_usb/reset_interface.c.obj
 .text.resetd_xfer_cb
                0x0000000010007f4c        0x4 CMakeFiles/adc-picoW.dir/Users/loicpwlk/Documents/Code/Rpi-pico/pico-sdk/src/rp2_common/pico_stdio_usb/reset_interface.c.obj
 .text.reset_usb_boot
                0x0000000010007f50       0x18 CMakeFiles/adc-picoW.dir/Users/loicpwlk/Documents/Code/Rpi-pico/pico-sdk/src/rp2_common/pico_stdio_usb/reset_interface.c.obj
 .text.resetd_control_xfer_cb
                0x0000000010007f68       0x5c CMakeFiles/adc-picoW.dir/Users/loicpwlk/Documents/Code/Rpi-pico/pico-sdk/src/rp2_common/pico_stdio_usb/reset_interface.c.obj
 .text.usbd_app_driver_get_cb
                0x0000000010007fc4        0xc CMakeFiles/adc-picoW.dir/Users/loicpwlk/Documents/Code/Rpi-pico/pico-sdk/src/rp2_common/pico_stdio_usb/reset_interface.c.obj
                0x0000000010007fc4                usbd_app_driver_get_cb
 .text.tud_cdc_line_coding_cb
                0x0000000010007fd0       0x28 CMakeFiles/adc-picoW.dir/Users/loicpwlk/Documents/Code/Rpi-pico/pico-sdk/src/rp2_common/pico_stdio_usb/reset_interface.c.obj
                0x0000000010007fd0                tud_cdc_line_coding_cb
 .text.stdio_usb_set_chars_available_callback
                0x0000000010007ff8       0x14 CMakeFiles/adc-picoW.dir/Users/loicpwlk/Documents/Code/Rpi-pico/pico-sdk/src/rp2_common/pico_stdio_usb/stdio_usb.c.obj
                0x0000000010007ff8                stdio_usb_set_chars_available_callback
 .text.usb_irq  0x000000001000800c       0x10 CMakeFiles/adc-picoW.dir/Users/loicpwlk/Documents/Code/Rpi-pico/pico-sdk/src/rp2_common/pico_stdio_usb/stdio_usb.c.obj
 .text.timer_task
                0x000000001000801c       0x58 CMakeFiles/adc-picoW.dir/Users/loicpwlk/Documents/Code/Rpi-pico/pico-sdk/src/rp2_common/pico_stdio_usb/stdio_usb.c.obj
 .text.low_priority_worker_irq
                0x0000000010008074       0xd8 CMakeFiles/adc-picoW.dir/Users/loicpwlk/Documents/Code/Rpi-pico/pico-sdk/src/rp2_common/pico_stdio_usb/stdio_usb.c.obj
 .text.tud_cdc_rx_cb
                0x000000001000814c       0x20 CMakeFiles/adc-picoW.dir/Users/loicpwlk/Documents/Code/Rpi-pico/pico-sdk/src/rp2_common/pico_stdio_usb/stdio_usb.c.obj
                0x000000001000814c                tud_cdc_rx_cb
 .text.stdio_usb_init
                0x000000001000816c      0x12c CMakeFiles/adc-picoW.dir/Users/loicpwlk/Documents/Code/Rpi-pico/pico-sdk/src/rp2_common/pico_stdio_usb/stdio_usb.c.obj
                0x000000001000816c                stdio_usb_init
 .text.stdio_usb_connected
                0x0000000010008298        0xa CMakeFiles/adc-picoW.dir/Users/loicpwlk/Documents/Code/Rpi-pico/pico-sdk/src/rp2_common/pico_stdio_usb/stdio_usb.c.obj
                0x0000000010008298                stdio_usb_connected
 *fill*         0x00000000100082a2        0x2 
 .text.stdio_usb_in_chars
                0x00000000100082a4       0xc4 CMakeFiles/adc-picoW.dir/Users/loicpwlk/Documents/Code/Rpi-pico/pico-sdk/src/rp2_common/pico_stdio_usb/stdio_usb.c.obj
                0x00000000100082a4                stdio_usb_in_chars
 .text.stdio_usb_out_chars
                0x0000000010008368      0x114 CMakeFiles/adc-picoW.dir/Users/loicpwlk/Documents/Code/Rpi-pico/pico-sdk/src/rp2_common/pico_stdio_usb/stdio_usb.c.obj
 .text.tud_descriptor_device_cb
                0x000000001000847c        0x8 CMakeFiles/adc-picoW.dir/Users/loicpwlk/Documents/Code/Rpi-pico/pico-sdk/src/rp2_common/pico_stdio_usb/stdio_usb_descriptors.c.obj
                0x000000001000847c                tud_descriptor_device_cb
 .text.tud_descriptor_configuration_cb
                0x0000000010008484        0x8 CMakeFiles/adc-picoW.dir/Users/loicpwlk/Documents/Code/Rpi-pico/pico-sdk/src/rp2_common/pico_stdio_usb/stdio_usb_descriptors.c.obj
                0x0000000010008484                tud_descriptor_configuration_cb
 .text.tud_descriptor_string_cb
                0x000000001000848c       0x6c CMakeFiles/adc-picoW.dir/Users/loicpwlk/Documents/Code/Rpi-pico/pico-sdk/src/rp2_common/pico_stdio_usb/stdio_usb_descriptors.c.obj
                0x000000001000848c                tud_descriptor_string_cb
 .text.hw_endpoint_get_by_addr
                0x00000000100084f8       0x18 CMakeFiles/adc-picoW.dir/Users/loicpwlk/Documents/Code/Rpi-pico/pico-sdk/lib/tinyusb/src/portable/raspberrypi/rp2040/dcd_rp2040.c.obj
 .text._hw_endpoint_alloc
                0x0000000010008510       0x70 CMakeFiles/adc-picoW.dir/Users/loicpwlk/Documents/Code/Rpi-pico/pico-sdk/lib/tinyusb/src/portable/raspberrypi/rp2040/dcd_rp2040.c.obj
 .text.hw_endpoint_init
                0x0000000010008580       0x88 CMakeFiles/adc-picoW.dir/Users/loicpwlk/Documents/Code/Rpi-pico/pico-sdk/lib/tinyusb/src/portable/raspberrypi/rp2040/dcd_rp2040.c.obj
 .text.hw_endpoint_xfer
                0x0000000010008608       0x14 CMakeFiles/adc-picoW.dir/Users/loicpwlk/Documents/Code/Rpi-pico/pico-sdk/lib/tinyusb/src/portable/raspberrypi/rp2040/dcd_rp2040.c.obj
 .text.dcd_int_enable
                0x000000001000861c       0x2c CMakeFiles/adc-picoW.dir/Users/loicpwlk/Documents/Code/Rpi-pico/pico-sdk/lib/tinyusb/src/portable/raspberrypi/rp2040/dcd_rp2040.c.obj
                0x000000001000861c                dcd_int_enable
 .text.dcd_set_address
                0x0000000010008648       0x2c CMakeFiles/adc-picoW.dir/Users/loicpwlk/Documents/Code/Rpi-pico/pico-sdk/lib/tinyusb/src/portable/raspberrypi/rp2040/dcd_rp2040.c.obj
                0x0000000010008648                dcd_set_address
 .text.dcd_connect
                0x0000000010008674       0x10 CMakeFiles/adc-picoW.dir/Users/loicpwlk/Documents/Code/Rpi-pico/pico-sdk/lib/tinyusb/src/portable/raspberrypi/rp2040/dcd_rp2040.c.obj
                0x0000000010008674                dcd_connect
 .text.dcd_init
                0x0000000010008684       0x80 CMakeFiles/adc-picoW.dir/Users/loicpwlk/Documents/Code/Rpi-pico/pico-sdk/lib/tinyusb/src/portable/raspberrypi/rp2040/dcd_rp2040.c.obj
                0x0000000010008684                dcd_init
 .text.dcd_edpt0_status_complete
                0x0000000010008704       0x1c CMakeFiles/adc-picoW.dir/Users/loicpwlk/Documents/Code/Rpi-pico/pico-sdk/lib/tinyusb/src/portable/raspberrypi/rp2040/dcd_rp2040.c.obj
                0x0000000010008704                dcd_edpt0_status_complete
 .text.dcd_edpt_open
                0x0000000010008720       0x40 CMakeFiles/adc-picoW.dir/Users/loicpwlk/Documents/Code/Rpi-pico/pico-sdk/lib/tinyusb/src/portable/raspberrypi/rp2040/dcd_rp2040.c.obj
                0x0000000010008720                dcd_edpt_open
 .text.dcd_edpt_close_all
                0x0000000010008760        0x8 CMakeFiles/adc-picoW.dir/Users/loicpwlk/Documents/Code/Rpi-pico/pico-sdk/lib/tinyusb/src/portable/raspberrypi/rp2040/dcd_rp2040.c.obj
                0x0000000010008760                dcd_edpt_close_all
 .text.dcd_edpt_xfer
                0x0000000010008768       0x34 CMakeFiles/adc-picoW.dir/Users/loicpwlk/Documents/Code/Rpi-pico/pico-sdk/lib/tinyusb/src/portable/raspberrypi/rp2040/dcd_rp2040.c.obj
                0x0000000010008768                dcd_edpt_xfer
 .text.dcd_edpt_stall
                0x000000001000879c       0x2c CMakeFiles/adc-picoW.dir/Users/loicpwlk/Documents/Code/Rpi-pico/pico-sdk/lib/tinyusb/src/portable/raspberrypi/rp2040/dcd_rp2040.c.obj
                0x000000001000879c                dcd_edpt_stall
 .text.dcd_edpt_clear_stall
                0x00000000100087c8       0x20 CMakeFiles/adc-picoW.dir/Users/loicpwlk/Documents/Code/Rpi-pico/pico-sdk/lib/tinyusb/src/portable/raspberrypi/rp2040/dcd_rp2040.c.obj
                0x00000000100087c8                dcd_edpt_clear_stall
 .text.rp2040_usb_init
                0x00000000100087e8       0x4c CMakeFiles/adc-picoW.dir/Users/loicpwlk/Documents/Code/Rpi-pico/pico-sdk/lib/tinyusb/src/portable/raspberrypi/rp2040/rp2040_usb.c.obj
                0x00000000100087e8                rp2040_usb_init
 .text.hw_endpoint_xfer_start
                0x0000000010008834       0x50 CMakeFiles/adc-picoW.dir/Users/loicpwlk/Documents/Code/Rpi-pico/pico-sdk/lib/tinyusb/src/portable/raspberrypi/rp2040/rp2040_usb.c.obj
                0x0000000010008834                hw_endpoint_xfer_start
 .text.configuration_reset
                0x0000000010008884       0x84 CMakeFiles/adc-picoW.dir/Users/loicpwlk/Documents/Code/Rpi-pico/pico-sdk/lib/tinyusb/src/device/usbd.c.obj
 .text.usbd_reset
                0x0000000010008908        0xc CMakeFiles/adc-picoW.dir/Users/loicpwlk/Documents/Code/Rpi-pico/pico-sdk/lib/tinyusb/src/device/usbd.c.obj
 .text.invoke_class_control
                0x0000000010008914       0x1a CMakeFiles/adc-picoW.dir/Users/loicpwlk/Documents/Code/Rpi-pico/pico-sdk/lib/tinyusb/src/device/usbd.c.obj
 *fill*         0x000000001000892e        0x2 
 .text.process_set_config
                0x0000000010008930      0x178 CMakeFiles/adc-picoW.dir/Users/loicpwlk/Documents/Code/Rpi-pico/pico-sdk/lib/tinyusb/src/device/usbd.c.obj
 .text.process_get_descriptor
                0x0000000010008aa8       0xdc CMakeFiles/adc-picoW.dir/Users/loicpwlk/Documents/Code/Rpi-pico/pico-sdk/lib/tinyusb/src/device/usbd.c.obj
 .text.tud_mounted
                0x0000000010008b84       0x10 CMakeFiles/adc-picoW.dir/Users/loicpwlk/Documents/Code/Rpi-pico/pico-sdk/lib/tinyusb/src/device/usbd.c.obj
                0x0000000010008b84                tud_mounted
 .text.tud_suspended
                0x0000000010008b94       0x10 CMakeFiles/adc-picoW.dir/Users/loicpwlk/Documents/Code/Rpi-pico/pico-sdk/lib/tinyusb/src/device/usbd.c.obj
                0x0000000010008b94                tud_suspended
 .text.tud_inited
                0x0000000010008ba4       0x14 CMakeFiles/adc-picoW.dir/Users/loicpwlk/Documents/Code/Rpi-pico/pico-sdk/lib/tinyusb/src/device/usbd.c.obj
                0x0000000010008ba4                tud_inited
 .text.tud_init
                0x0000000010008bb8       0xcc CMakeFiles/adc-picoW.dir/Users/loicpwlk/Documents/Code/Rpi-pico/pico-sdk/lib/tinyusb/src/device/usbd.c.obj
                0x0000000010008bb8                tud_init
 .text.usbd_defer_func
                0x0000000010008c84       0x2a CMakeFiles/adc-picoW.dir/Users/loicpwlk/Documents/Code/Rpi-pico/pico-sdk/lib/tinyusb/src/device/usbd.c.obj
                0x0000000010008c84                usbd_defer_func
 *fill*         0x0000000010008cae        0x2 
 .text.usbd_edpt_open
                0x0000000010008cb0       0x34 CMakeFiles/adc-picoW.dir/Users/loicpwlk/Documents/Code/Rpi-pico/pico-sdk/lib/tinyusb/src/device/usbd.c.obj
                0x0000000010008cb0                usbd_edpt_open
 .text.usbd_open_edpt_pair
                0x0000000010008ce4       0x62 CMakeFiles/adc-picoW.dir/Users/loicpwlk/Documents/Code/Rpi-pico/pico-sdk/lib/tinyusb/src/device/usbd.c.obj
                0x0000000010008ce4                usbd_open_edpt_pair
 *fill*         0x0000000010008d46        0x2 
 .text.usbd_edpt_claim
                0x0000000010008d48       0x28 CMakeFiles/adc-picoW.dir/Users/loicpwlk/Documents/Code/Rpi-pico/pico-sdk/lib/tinyusb/src/device/usbd.c.obj
                0x0000000010008d48                usbd_edpt_claim
 .text.usbd_edpt_release
                0x0000000010008d70       0x28 CMakeFiles/adc-picoW.dir/Users/loicpwlk/Documents/Code/Rpi-pico/pico-sdk/lib/tinyusb/src/device/usbd.c.obj
                0x0000000010008d70                usbd_edpt_release
 .text.usbd_edpt_xfer
                0x0000000010008d98       0x78 CMakeFiles/adc-picoW.dir/Users/loicpwlk/Documents/Code/Rpi-pico/pico-sdk/lib/tinyusb/src/device/usbd.c.obj
                0x0000000010008d98                usbd_edpt_xfer
 .text.usbd_edpt_stall
                0x0000000010008e10       0x48 CMakeFiles/adc-picoW.dir/Users/loicpwlk/Documents/Code/Rpi-pico/pico-sdk/lib/tinyusb/src/device/usbd.c.obj
                0x0000000010008e10                usbd_edpt_stall
 .text.usbd_edpt_clear_stall
                0x0000000010008e58       0x48 CMakeFiles/adc-picoW.dir/Users/loicpwlk/Documents/Code/Rpi-pico/pico-sdk/lib/tinyusb/src/device/usbd.c.obj
                0x0000000010008e58                usbd_edpt_clear_stall
 .text.usbd_edpt_stalled
                0x0000000010008ea0       0x1c CMakeFiles/adc-picoW.dir/Users/loicpwlk/Documents/Code/Rpi-pico/pico-sdk/lib/tinyusb/src/device/usbd.c.obj
                0x0000000010008ea0                usbd_edpt_stalled
 .text.process_control_request
                0x0000000010008ebc      0x37c CMakeFiles/adc-picoW.dir/Users/loicpwlk/Documents/Code/Rpi-pico/pico-sdk/lib/tinyusb/src/device/usbd.c.obj
 .text.tud_task_ext
                0x0000000010009238      0x1b4 CMakeFiles/adc-picoW.dir/Users/loicpwlk/Documents/Code/Rpi-pico/pico-sdk/lib/tinyusb/src/device/usbd.c.obj
                0x0000000010009238                tud_task_ext
 .text._data_stage_xact
                0x00000000100093ec       0x58 CMakeFiles/adc-picoW.dir/Users/loicpwlk/Documents/Code/Rpi-pico/pico-sdk/lib/tinyusb/src/device/usbd_control.c.obj
 .text.tud_control_status
                0x0000000010009444       0x38 CMakeFiles/adc-picoW.dir/Users/loicpwlk/Documents/Code/Rpi-pico/pico-sdk/lib/tinyusb/src/device/usbd_control.c.obj
                0x0000000010009444                tud_control_status
 .text.tud_control_xfer
                0x000000001000947c       0x74 CMakeFiles/adc-picoW.dir/Users/loicpwlk/Documents/Code/Rpi-pico/pico-sdk/lib/tinyusb/src/device/usbd_control.c.obj
                0x000000001000947c                tud_control_xfer
 .text.usbd_control_reset
                0x00000000100094f0       0x14 CMakeFiles/adc-picoW.dir/Users/loicpwlk/Documents/Code/Rpi-pico/pico-sdk/lib/tinyusb/src/device/usbd_control.c.obj
                0x00000000100094f0                usbd_control_reset
 .text.usbd_control_set_complete_callback
                0x0000000010009504        0xc CMakeFiles/adc-picoW.dir/Users/loicpwlk/Documents/Code/Rpi-pico/pico-sdk/lib/tinyusb/src/device/usbd_control.c.obj
                0x0000000010009504                usbd_control_set_complete_callback
 .text.usbd_control_set_request
                0x0000000010009510       0x1c CMakeFiles/adc-picoW.dir/Users/loicpwlk/Documents/Code/Rpi-pico/pico-sdk/lib/tinyusb/src/device/usbd_control.c.obj
                0x0000000010009510                usbd_control_set_request
 .text.usbd_control_xfer_cb
                0x000000001000952c       0xcc CMakeFiles/adc-picoW.dir/Users/loicpwlk/Documents/Code/Rpi-pico/pico-sdk/lib/tinyusb/src/device/usbd_control.c.obj
                0x000000001000952c                usbd_control_xfer_cb
 .text._prep_out_transaction
                0x00000000100095f8       0x4a CMakeFiles/adc-picoW.dir/Users/loicpwlk/Documents/Code/Rpi-pico/pico-sdk/lib/tinyusb/src/class/cdc/cdc_device.c.obj
 *fill*         0x0000000010009642        0x2 
 .text.tud_cdc_n_connected
                0x0000000010009644       0x44 CMakeFiles/adc-picoW.dir/Users/loicpwlk/Documents/Code/Rpi-pico/pico-sdk/lib/tinyusb/src/class/cdc/cdc_device.c.obj
                0x0000000010009644                tud_cdc_n_connected
 .text.tud_cdc_n_available
                0x0000000010009688       0x18 CMakeFiles/adc-picoW.dir/Users/loicpwlk/Documents/Code/Rpi-pico/pico-sdk/lib/tinyusb/src/class/cdc/cdc_device.c.obj
                0x0000000010009688                tud_cdc_n_available
 .text.tud_cdc_n_read
                0x00000000100096a0       0x28 CMakeFiles/adc-picoW.dir/Users/loicpwlk/Documents/Code/Rpi-pico/pico-sdk/lib/tinyusb/src/class/cdc/cdc_device.c.obj
                0x00000000100096a0                tud_cdc_n_read
 .text.tud_cdc_n_write_flush
                0x00000000100096c8       0xb8 CMakeFiles/adc-picoW.dir/Users/loicpwlk/Documents/Code/Rpi-pico/pico-sdk/lib/tinyusb/src/class/cdc/cdc_device.c.obj