Archive member included to satisfy reference by file (symbol)

/opt/homebrew/Cellar/arm-none-eabi-gcc/10.3-2021.07/gcc/bin/../lib/gcc/arm-none-eabi/10.3.1/thumb/v6-m/nofp/libgcc.a(_dvmd_tls.o)
                              CMakeFiles/adc-picoW.dir/Users/loicpwlk/Documents/Code/Rpi-pico/pico-sdk/src/rp2_common/pico_divider/divider.S.obj (__aeabi_idiv0)
/opt/homebrew/Cellar/arm-none-eabi-gcc/10.3-2021.07/gcc/bin/../lib/gcc/arm-none-eabi/10.3.1/../../../../arm-none-eabi/lib/thumb/v6-m/nofp/libc.a(lib_a-calloc.o)
                              CMakeFiles/adc-picoW.dir/Users/loicpwlk/Documents/Code/Rpi-pico/pico-sdk/src/rp2_common/pico_malloc/pico_malloc.c.obj (calloc)
/opt/homebrew/Cellar/arm-none-eabi-gcc/10.3-2021.07/gcc/bin/../lib/gcc/arm-none-eabi/10.3.1/../../../../arm-none-eabi/lib/thumb/v6-m/nofp/libc.a(lib_a-callocr.o)
                              /opt/homebrew/Cellar/arm-none-eabi-gcc/10.3-2021.07/gcc/bin/../lib/gcc/arm-none-eabi/10.3.1/../../../../arm-none-eabi/lib/thumb/v6-m/nofp/libc.a(lib_a-calloc.o) (_calloc_r)
/opt/homebrew/Cellar/arm-none-eabi-gcc/10.3-2021.07/gcc/bin/../lib/gcc/arm-none-eabi/10.3.1/../../../../arm-none-eabi/lib/thumb/v6-m/nofp/libc.a(lib_a-errno.o)
                              /opt/homebrew/Cellar/arm-none-eabi-gcc/10.3-2021.07/gcc/bin/../lib/gcc/arm-none-eabi/10.3.1/../../../../arm-none-eabi/lib/thumb/v6-m/nofp/libc.a(lib_a-callocr.o) (__errno)
/opt/homebrew/Cellar/arm-none-eabi-gcc/10.3-2021.07/gcc/bin/../lib/gcc/arm-none-eabi/10.3.1/../../../../arm-none-eabi/lib/thumb/v6-m/nofp/libc.a(lib_a-impure.o)
                              /opt/homebrew/Cellar/arm-none-eabi-gcc/10.3-2021.07/gcc/bin/../lib/gcc/arm-none-eabi/10.3.1/../../../../arm-none-eabi/lib/thumb/v6-m/nofp/libc.a(lib_a-calloc.o) (_impure_ptr)
/opt/homebrew/Cellar/arm-none-eabi-gcc/10.3-2021.07/gcc/bin/../lib/gcc/arm-none-eabi/10.3.1/../../../../arm-none-eabi/lib/thumb/v6-m/nofp/libc.a(lib_a-init.o)
                              /opt/homebrew/Cellar/arm-none-eabi-gcc/10.3-2021.07/gcc/bin/../lib/gcc/arm-none-eabi/10.3.1/../../../../arm-none-eabi/lib/thumb/v6-m/nofp/crt0.o (__libc_init_array)
/opt/homebrew/Cellar/arm-none-eabi-gcc/10.3-2021.07/gcc/bin/../lib/gcc/arm-none-eabi/10.3.1/../../../../arm-none-eabi/lib/thumb/v6-m/nofp/libc.a(lib_a-malloc.o)
                              CMakeFiles/adc-picoW.dir/Users/loicpwlk/Documents/Code/Rpi-pico/pico-sdk/src/rp2_common/pico_malloc/pico_malloc.c.obj (malloc)
/opt/homebrew/Cellar/arm-none-eabi-gcc/10.3-2021.07/gcc/bin/../lib/gcc/arm-none-eabi/10.3.1/../../../../arm-none-eabi/lib/thumb/v6-m/nofp/libc.a(lib_a-mallocr.o)
                              /opt/homebrew/Cellar/arm-none-eabi-gcc/10.3-2021.07/gcc/bin/../lib/gcc/arm-none-eabi/10.3.1/../../../../arm-none-eabi/lib/thumb/v6-m/nofp/libc.a(lib_a-callocr.o) (_malloc_r)
/opt/homebrew/Cellar/arm-none-eabi-gcc/10.3-2021.07/gcc/bin/../lib/gcc/arm-none-eabi/10.3.1/../../../../arm-none-eabi/lib/thumb/v6-m/nofp/libc.a(lib_a-memcmp.o)
                              CMakeFiles/adc-picoW.dir/Users/loicpwlk/Documents/Code/Rpi-pico/pico-sdk/lib/cyw43-driver/src/cyw43_ll.c.obj (memcmp)
/opt/homebrew/Cellar/arm-none-eabi-gcc/10.3-2021.07/gcc/bin/../lib/gcc/arm-none-eabi/10.3.1/../../../../arm-none-eabi/lib/thumb/v6-m/nofp/libc.a(lib_a-memmove.o)
                              CMakeFiles/adc-picoW.dir/Users/loicpwlk/Documents/Code/Rpi-pico/pico-sdk/lib/cyw43-driver/src/cyw43_ll.c.obj (memmove)
/opt/homebrew/Cellar/arm-none-eabi-gcc/10.3-2021.07/gcc/bin/../lib/gcc/arm-none-eabi/10.3.1/../../../../arm-none-eabi/lib/thumb/v6-m/nofp/libc.a(lib_a-mlock.o)
                              /opt/homebrew/Cellar/arm-none-eabi-gcc/10.3-2021.07/gcc/bin/../lib/gcc/arm-none-eabi/10.3.1/../../../../arm-none-eabi/lib/thumb/v6-m/nofp/libc.a(lib_a-mallocr.o) (__malloc_lock)
/opt/homebrew/Cellar/arm-none-eabi-gcc/10.3-2021.07/gcc/bin/../lib/gcc/arm-none-eabi/10.3.1/../../../../arm-none-eabi/lib/thumb/v6-m/nofp/libc.a(lib_a-realloc.o)
                              CMakeFiles/adc-picoW.dir/Users/loicpwlk/Documents/Code/Rpi-pico/pico-sdk/src/rp2_common/pico_malloc/pico_malloc.c.obj (realloc)
/opt/homebrew/Cellar/arm-none-eabi-gcc/10.3-2021.07/gcc/bin/../lib/gcc/arm-none-eabi/10.3.1/../../../../arm-none-eabi/lib/thumb/v6-m/nofp/libc.a(lib_a-reallocr.o)
                              /opt/homebrew/Cellar/arm-none-eabi-gcc/10.3-2021.07/gcc/bin/../lib/gcc/arm-none-eabi/10.3.1/../../../../arm-none-eabi/lib/thumb/v6-m/nofp/libc.a(lib_a-realloc.o) (_realloc_r)
/opt/homebrew/Cellar/arm-none-eabi-gcc/10.3-2021.07/gcc/bin/../lib/gcc/arm-none-eabi/10.3.1/../../../../arm-none-eabi/lib/thumb/v6-m/nofp/libc.a(lib_a-sbrkr.o)
                              /opt/homebrew/Cellar/arm-none-eabi-gcc/10.3-2021.07/gcc/bin/../lib/gcc/arm-none-eabi/10.3.1/../../../../arm-none-eabi/lib/thumb/v6-m/nofp/libc.a(lib_a-mallocr.o) (_sbrk_r)
[...]
Memory Configuration

Name             Origin             Length             Attributes
FLASH            0x0000000010000000 0x0000000000200000 xr
RAM              0x0000000020000000 0x0000000000040000 xrw
SCRATCH_X        0x0000000020040000 0x0000000000001000 xrw
SCRATCH_Y        0x0000000020041000 0x0000000000001000 xrw
*default*        0x0000000000000000 0xffffffffffffffff

Linker script and memory map

LOAD /opt/homebrew/Cellar/arm-none-eabi-gcc/10.3-2021.07/gcc/bin/../lib/gcc/arm-none-eabi/10.3.1/thumb/v6-m/nofp/crti.o
LOAD /opt/homebrew/Cellar/arm-none-eabi-gcc/10.3-2021.07/gcc/bin/../lib/gcc/arm-none-eabi/10.3.1/thumb/v6-m/nofp/crtbegin.o
LOAD /opt/homebrew/Cellar/arm-none-eabi-gcc/10.3-2021.07/gcc/bin/../lib/gcc/arm-none-eabi/10.3.1/../../../../arm-none-eabi/lib/thumb/v6-m/nofp/crt0.o

.flash_begin    0x0000000010000000        0x0
                0x0000000010000000                __flash_binary_start = .

.boot2          0x0000000010000000      0x100
                0x0000000010000000                __boot2_start__ = .
 *(.boot2)
 .boot2         0x0000000010000000      0x100 /var/folders/zd/xbpf8m591lbbtdhlym5qqrv40000gn/T//cc3r0chH.o
                0x0000000010000100                __boot2_end__ = .
                0x0000000000000001                ASSERT (((__boot2_end__ - __boot2_start__) == 0x100), ERROR: Pico second stage bootloader must be 256 bytes in size)

.text           0x0000000010000100     0xa768
                0x0000000010000100                __logical_binary_start = .
 *(.vectors)
 .vectors       0x0000000010000100       0xd4 CMakeFiles/adc-picoW.dir/Users/loicpwlk/Documents/Code/Rpi-pico/pico-sdk/src/rp2_common/pico_standard_link/crt0.S.obj
                0x0000000010000100                __VECTOR_TABLE
                0x0000000010000100                __vectors
                0x00000000100001c0                __default_isrs_start
                0x00000000100001c0                isr_invalid
                0x00000000100001c2                isr_nmi
                0x00000000100001c4                isr_hardfault
                0x00000000100001c6                isr_svcall
                0x00000000100001c8                isr_pendsv
                0x00000000100001ca                isr_systick
                0x00000000100001cc                isr_irq28
                0x00000000100001cc                isr_irq19
                0x00000000100001cc                isr_irq0
                0x00000000100001cc                isr_irq6
                0x00000000100001cc                isr_irq22
                0x00000000100001cc                isr_irq17
                0x00000000100001cc                isr_irq14
                0x00000000100001cc                isr_irq2
                0x00000000100001cc                isr_irq10
                0x00000000100001cc                isr_irq8
                0x00000000100001cc                isr_irq24
                0x00000000100001cc                isr_irq1
                0x00000000100001cc                isr_irq7
                0x00000000100001cc                isr_irq21
                0x00000000100001cc                isr_irq20
                0x00000000100001cc                isr_irq15
                0x00000000100001cc                isr_irq25
                0x00000000100001cc                isr_irq4
                0x00000000100001cc                isr_irq16
                0x00000000100001cc                isr_irq29
                0x00000000100001cc                isr_irq26
                0x00000000100001cc                __default_isrs_end
                0x00000000100001cc                isr_irq3
                0x00000000100001cc                isr_irq9
                0x00000000100001cc                __unhandled_user_irq
                0x00000000100001cc                isr_irq13
                0x00000000100001cc                isr_irq27
                0x00000000100001cc                isr_irq31
                0x00000000100001cc                isr_irq5
                0x00000000100001cc                isr_irq11
                0x00000000100001cc                isr_irq23
                0x00000000100001cc                isr_irq18
                0x00000000100001cc                isr_irq30
                0x00000000100001cc                isr_irq12
                0x00000000100001d2                unhandled_user_irq_num_in_r0
 *(.binary_info_header)
 .binary_info_header
                0x00000000100001d4       0x14 CMakeFiles/adc-picoW.dir/Users/loicpwlk/Documents/Code/Rpi-pico/pico-sdk/src/rp2_common/pico_standard_link/crt0.S.obj
                0x00000000100001e8                __binary_info_header_end = .
 *(.reset)
 .reset         0x00000000100001e8       0xa0 CMakeFiles/adc-picoW.dir/Users/loicpwlk/Documents/Code/Rpi-pico/pico-sdk/src/rp2_common/pico_standard_link/crt0.S.obj
                0x00000000100001e8                _entry_point
 .reset         0x0000000010000288       0x30 CMakeFiles/adc-picoW.dir/Users/loicpwlk/Documents/Code/Rpi-pico/pico-sdk/src/rp2_common/pico_standard_link/binary_info.c.obj
 *(.init)
 .init          0x00000000100002b8        0x4 /opt/homebrew/Cellar/arm-none-eabi-gcc/10.3-2021.07/gcc/bin/../lib/gcc/arm-none-eabi/10.3.1/thumb/v6-m/nofp/crti.o
                0x00000000100002b8                _init
 *(EXCLUDE_FILE(*libm.a: *libc.a:*lib_a-mem*.o *libgcc.a:) .text*)
 .text          0x00000000100002bc       0x48 /opt/homebrew/Cellar/arm-none-eabi-gcc/10.3-2021.07/gcc/bin/../lib/gcc/arm-none-eabi/10.3.1/thumb/v6-m/nofp/crtbegin.o
 .text.blink    0x0000000010000304       0x2c CMakeFiles/adc-picoW.dir/main.c.obj
                0x0000000010000304                blink
 .text.startup.main
                0x0000000010000330      0x20c CMakeFiles/adc-picoW.dir/main.c.obj
                0x0000000010000330                main
 .text.cyw43_arch_set_async_context
                0x000000001000053c        0xc CMakeFiles/adc-picoW.dir/Users/loicpwlk/Documents/Code/Rpi-pico/pico-sdk/src/rp2_common/pico_cyw43_arch/cyw43_arch.c.obj
                0x000000001000053c                cyw43_arch_set_async_context
 .text.cyw43_arch_gpio_put
                0x0000000010000548       0x14 CMakeFiles/adc-picoW.dir/Users/loicpwlk/Documents/Code/Rpi-pico/pico-sdk/src/rp2_common/pico_cyw43_arch/cyw43_arch.c.obj
                0x0000000010000548                cyw43_arch_gpio_put
 .text.cyw43_arch_async_context
                0x000000001000055c        0xc CMakeFiles/adc-picoW.dir/Users/loicpwlk/Documents/Code/Rpi-pico/pico-sdk/src/rp2_common/pico_cyw43_arch/cyw43_arch.c.obj
                0x000000001000055c                cyw43_arch_async_context
 .text.cyw43_arch_init
                0x0000000010000568       0x6c CMakeFiles/adc-picoW.dir/Users/loicpwlk/Documents/Code/Rpi-pico/pico-sdk/src/rp2_common/pico_cyw43_arch/cyw43_arch_threadsafe_background.c.obj
                0x0000000010000568                cyw43_arch_init
 .text.startup._retrieve_unique_id_on_boot
                0x00000000100005d4       0x10 CMakeFiles/adc-picoW.dir/Users/loicpwlk/Documents/Code/Rpi-pico/pico-sdk/src/rp2_common/pico_unique_id/unique_id.c.obj
 .text.pico_get_unique_board_id
                0x00000000100005e4       0x10 CMakeFiles/adc-picoW.dir/Users/loicpwlk/Documents/Code/Rpi-pico/pico-sdk/src/rp2_common/pico_unique_id/unique_id.c.obj
                0x00000000100005e4                pico_get_unique_board_id
 .text.pico_get_unique_board_id_string
                0x00000000100005f4      0x1a8 CMakeFiles/adc-picoW.dir/Users/loicpwlk/Documents/Code/Rpi-pico/pico-sdk/src/rp2_common/pico_unique_id/unique_id.c.obj
                0x00000000100005f4                pico_get_unique_board_id_string
 .text.flash_get_unique_id
                0x000000001000079c       0x40 CMakeFiles/adc-picoW.dir/Users/loicpwlk/Documents/Code/Rpi-pico/pico-sdk/src/rp2_common/hardware_flash/flash.c.obj
                0x000000001000079c                flash_get_unique_id
 .text.running_on_fpga
                0x00000000100007dc       0x10 CMakeFiles/adc-picoW.dir/Users/loicpwlk/Documents/Code/Rpi-pico/pico-sdk/src/rp2_common/pico_platform/platform.c.obj
                0x00000000100007dc                running_on_fpga
 .text.hw_claim_lock
                0x00000000100007ec       0x18 CMakeFiles/adc-picoW.dir/Users/loicpwlk/Documents/Code/Rpi-pico/pico-sdk/src/rp2_common/hardware_claim/claim.c.obj
                0x00000000100007ec                hw_claim_lock
 .text.hw_claim_unlock
                0x0000000010000804       0x14 CMakeFiles/adc-picoW.dir/Users/loicpwlk/Documents/Code/Rpi-pico/pico-sdk/src/rp2_common/hardware_claim/claim.c.obj
                0x0000000010000804                hw_claim_unlock
 .text.hw_claim_or_assert
                0x0000000010000818       0x44 CMakeFiles/adc-picoW.dir/Users/loicpwlk/Documents/Code/Rpi-pico/pico-sdk/src/rp2_common/hardware_claim/claim.c.obj
                0x0000000010000818                hw_claim_or_assert
 .text.hw_claim_unused_from_range
                0x000000001000085c       0x9c CMakeFiles/adc-picoW.dir/Users/loicpwlk/Documents/Code/Rpi-pico/pico-sdk/src/rp2_common/hardware_claim/claim.c.obj
                0x000000001000085c                hw_claim_unused_from_range
 .text.hw_claim_clear
                0x00000000100008f8       0x38 CMakeFiles/adc-picoW.dir/Users/loicpwlk/Documents/Code/Rpi-pico/pico-sdk/src/rp2_common/hardware_claim/claim.c.obj
                0x00000000100008f8                hw_claim_clear
 .text.spin_locks_reset
                0x0000000010000930       0x1c CMakeFiles/adc-picoW.dir/Users/loicpwlk/Documents/Code/Rpi-pico/pico-sdk/src/rp2_common/hardware_sync/sync.c.obj
                0x0000000010000930                spin_locks_reset
 .text.next_striped_spin_lock_num
                0x000000001000094c       0x18 CMakeFiles/adc-picoW.dir/Users/loicpwlk/Documents/Code/Rpi-pico/pico-sdk/src/rp2_common/hardware_sync/sync.c.obj
                0x000000001000094c                next_striped_spin_lock_num
 .text.spin_lock_claim_unused
                0x0000000010000964       0x20 CMakeFiles/adc-picoW.dir/Users/loicpwlk/Documents/Code/Rpi-pico/pico-sdk/src/rp2_common/hardware_sync/sync.c.obj
                0x0000000010000964                spin_lock_claim_unused
 .text.rom_func_lookup
                0x0000000010000984       0x10 CMakeFiles/adc-picoW.dir/Users/loicpwlk/Documents/Code/Rpi-pico/pico-sdk/src/rp2_common/pico_bootrom/bootrom.c.obj
                0x0000000010000984                rom_func_lookup
 .text.rom_data_lookup
                0x0000000010000994       0x10 CMakeFiles/adc-picoW.dir/Users/loicpwlk/Documents/Code/Rpi-pico/pico-sdk/src/rp2_common/pico_bootrom/bootrom.c.obj
                0x0000000010000994                rom_data_lookup
 .text.rom_funcs_lookup
                0x00000000100009a4       0x44 CMakeFiles/adc-picoW.dir/Users/loicpwlk/Documents/Code/Rpi-pico/pico-sdk/src/rp2_common/pico_bootrom/bootrom.c.obj
                0x00000000100009a4                rom_funcs_lookup
 .text.ns_delay.constprop.0
                0x00000000100009e8       0x20 CMakeFiles/adc-picoW.dir/Users/loicpwlk/Documents/Code/Rpi-pico/pico-sdk/src/rp2_common/pico_cyw43_driver/cyw43_bus_pio_spi.c.obj
 .text.cyw43_spi_init
                0x0000000010000a08      0x1c0 CMakeFiles/adc-picoW.dir/Users/loicpwlk/Documents/Code/Rpi-pico/pico-sdk/src/rp2_common/pico_cyw43_driver/cyw43_bus_pio_spi.c.obj
                0x0000000010000a08                cyw43_spi_init
 .text.cyw43_spi_deinit
                0x0000000010000bc8       0x6c CMakeFiles/adc-picoW.dir/Users/loicpwlk/Documents/Code/Rpi-pico/pico-sdk/src/rp2_common/pico_cyw43_driver/cyw43_bus_pio_spi.c.obj
                0x0000000010000bc8                cyw43_spi_deinit
 .text.cyw43_spi_transfer
                0x0000000010000c34      0x408 CMakeFiles/adc-picoW.dir/Users/loicpwlk/Documents/Code/Rpi-pico/pico-sdk/src/rp2_common/pico_cyw43_driver/cyw43_bus_pio_spi.c.obj
                0x0000000010000c34                cyw43_spi_transfer
 .text.cyw43_spi_gpio_setup
                0x000000001000103c       0x3c CMakeFiles/adc-picoW.dir/Users/loicpwlk/Documents/Code/Rpi-pico/pico-sdk/src/rp2_common/pico_cyw43_driver/cyw43_bus_pio_spi.c.obj
                0x000000001000103c                cyw43_spi_gpio_setup
 .text.cyw43_spi_reset
                0x0000000010001078       0x28 CMakeFiles/adc-picoW.dir/Users/loicpwlk/Documents/Code/Rpi-pico/pico-sdk/src/rp2_common/pico_cyw43_driver/cyw43_bus_pio_spi.c.obj
                0x0000000010001078                cyw43_spi_reset
 .text.read_reg_u32_swap
                0x00000000100010a0       0x3c CMakeFiles/adc-picoW.dir/Users/loicpwlk/Documents/Code/Rpi-pico/pico-sdk/src/rp2_common/pico_cyw43_driver/cyw43_bus_pio_spi.c.obj
                0x00000000100010a0                read_reg_u32_swap
 .text.cyw43_read_reg_u32
                0x00000000100010dc       0x6c CMakeFiles/adc-picoW.dir/Users/loicpwlk/Documents/Code/Rpi-pico/pico-sdk/src/rp2_common/pico_cyw43_driver/cyw43_bus_pio_spi.c.obj
                0x00000000100010dc                cyw43_read_reg_u32
 .text.cyw43_read_reg_u16
                0x0000000010001148       0x6c CMakeFiles/adc-picoW.dir/Users/loicpwlk/Documents/Code/Rpi-pico/pico-sdk/src/rp2_common/pico_cyw43_driver/cyw43_bus_pio_spi.c.obj
                0x0000000010001148                cyw43_read_reg_u16
 .text.cyw43_read_reg_u8
                0x00000000100011b4       0x6c CMakeFiles/adc-picoW.dir/Users/loicpwlk/Documents/Code/Rpi-pico/pico-sdk/src/rp2_common/pico_cyw43_driver/cyw43_bus_pio_spi.c.obj
                0x00000000100011b4                cyw43_read_reg_u8
 .text.write_reg_u32_swap
                0x0000000010001220      0x1e0 CMakeFiles/adc-picoW.dir/Users/loicpwlk/Documents/Code/Rpi-pico/pico-sdk/src/rp2_common/pico_cyw43_driver/cyw43_bus_pio_spi.c.obj
                0x0000000010001220                write_reg_u32_swap
 .text.cyw43_write_reg_u32
                0x0000000010001400      0x200 CMakeFiles/adc-picoW.dir/Users/loicpwlk/Documents/Code/Rpi-pico/pico-sdk/src/rp2_common/pico_cyw43_driver/cyw43_bus_pio_spi.c.obj
                0x0000000010001400                cyw43_write_reg_u32
 .text.cyw43_write_reg_u16
                0x0000000010001600      0x200 CMakeFiles/adc-picoW.dir/Users/loicpwlk/Documents/Code/Rpi-pico/pico-sdk/src/rp2_common/pico_cyw43_driver/cyw43_bus_pio_spi.c.obj
                0x0000000010001600                cyw43_write_reg_u16
 .text.cyw43_write_reg_u8
                0x0000000010001800      0x200 CMakeFiles/adc-picoW.dir/Users/loicpwlk/Documents/Code/Rpi-pico/pico-sdk/src/rp2_common/pico_cyw43_driver/cyw43_bus_pio_spi.c.obj
                0x0000000010001800                cyw43_write_reg_u8
 .text.cyw43_read_bytes
                0x0000000010001a00       0x8c CMakeFiles/adc-picoW.dir/Users/loicpwlk/Documents/Code/Rpi-pico/pico-sdk/src/rp2_common/pico_cyw43_driver/cyw43_bus_pio_spi.c.obj
                0x0000000010001a00                cyw43_read_bytes
 .text.cyw43_write_bytes
                0x0000000010001a8c       0xd8 CMakeFiles/adc-picoW.dir/Users/loicpwlk/Documents/Code/Rpi-pico/pico-sdk/src/rp2_common/pico_cyw43_driver/cyw43_bus_pio_spi.c.obj
                0x0000000010001a8c                cyw43_write_bytes
 .text.cyw43_set_backplane_window
                0x0000000010001b64       0x64 CMakeFiles/adc-picoW.dir/Users/loicpwlk/Documents/Code/Rpi-pico/pico-sdk/lib/cyw43-driver/src/cyw43_ll.c.obj
 .text.cyw43_ll_parse_async_event
                0x0000000010001bc8      0x13c CMakeFiles/adc-picoW.dir/Users/loicpwlk/Documents/Code/Rpi-pico/pico-sdk/lib/cyw43-driver/src/cyw43_ll.c.obj
 .text.cyw43_kso_set
                0x0000000010001d04       0xa0 CMakeFiles/adc-picoW.dir/Users/loicpwlk/Documents/Code/Rpi-pico/pico-sdk/lib/cyw43-driver/src/cyw43_ll.c.obj
 .text.cyw43_ll_sdpcm_poll_device
                0x0000000010001da4      0x244 CMakeFiles/adc-picoW.dir/Users/loicpwlk/Documents/Code/Rpi-pico/pico-sdk/lib/cyw43-driver/src/cyw43_ll.c.obj
 .text.cyw43_sdpcm_send_common
                0x0000000010001fe8       0xf0 CMakeFiles/adc-picoW.dir/Users/loicpwlk/Documents/Code/Rpi-pico/pico-sdk/lib/cyw43-driver/src/cyw43_ll.c.obj
 .text.cyw43_do_ioctl
                0x00000000100020d8      0x110 CMakeFiles/adc-picoW.dir/Users/loicpwlk/Documents/Code/Rpi-pico/pico-sdk/lib/cyw43-driver/src/cyw43_ll.c.obj
 .text.cyw43_do_ioctl.constprop.0
                0x00000000100021e8      0x108 CMakeFiles/adc-picoW.dir/Users/loicpwlk/Documents/Code/Rpi-pico/pico-sdk/lib/cyw43-driver/src/cyw43_ll.c.obj
 .text.reset_device_core.constprop.0
                0x00000000100022f0      0x3f0 CMakeFiles/adc-picoW.dir/Users/loicpwlk/Documents/Code/Rpi-pico/pico-sdk/lib/cyw43-driver/src/cyw43_ll.c.obj
 .text.cyw43_ll_init
                0x00000000100026e0       0x18 CMakeFiles/adc-picoW.dir/Users/loicpwlk/Documents/Code/Rpi-pico/pico-sdk/lib/cyw43-driver/src/cyw43_ll.c.obj
                0x00000000100026e0                cyw43_ll_init
 .text.cyw43_ll_deinit
                0x00000000100026f8        0x8 CMakeFiles/adc-picoW.dir/Users/loicpwlk/Documents/Code/Rpi-pico/pico-sdk/lib/cyw43-driver/src/cyw43_ll.c.obj
                0x00000000100026f8                cyw43_ll_deinit
 .text.cyw43_ll_process_packets
                0x0000000010002700       0x68 CMakeFiles/adc-picoW.dir/Users/loicpwlk/Documents/Code/Rpi-pico/pico-sdk/lib/cyw43-driver/src/cyw43_ll.c.obj
                0x0000000010002700                cyw43_ll_process_packets
 .text.cyw43_ll_ioctl
                0x0000000010002768       0x20 CMakeFiles/adc-picoW.dir/Users/loicpwlk/Documents/Code/Rpi-pico/pico-sdk/lib/cyw43-driver/src/cyw43_ll.c.obj
                0x0000000010002768                cyw43_ll_ioctl
 .text.cyw43_ll_bus_sleep
                0x0000000010002788       0x34 CMakeFiles/adc-picoW.dir/Users/loicpwlk/Documents/Code/Rpi-pico/pico-sdk/lib/cyw43-driver/src/cyw43_ll.c.obj
                0x0000000010002788                cyw43_ll_bus_sleep
 .text.cyw43_ll_bus_init
                0x00000000100027bc      0xcac CMakeFiles/adc-picoW.dir/Users/loicpwlk/Documents/Code/Rpi-pico/pico-sdk/lib/cyw43-driver/src/cyw43_ll.c.obj
                0x00000000100027bc                cyw43_ll_bus_init
 .text.cyw43_ll_wifi_get_mac
                0x0000000010003468       0x44 CMakeFiles/adc-picoW.dir/Users/loicpwlk/Documents/Code/Rpi-pico/pico-sdk/lib/cyw43-driver/src/cyw43_ll.c.obj
                0x0000000010003468                cyw43_ll_wifi_get_mac
 .text.cyw43_ll_wifi_set_wpa_auth
                0x00000000100034ac       0x2c CMakeFiles/adc-picoW.dir/Users/loicpwlk/Documents/Code/Rpi-pico/pico-sdk/lib/cyw43-driver/src/cyw43_ll.c.obj
                0x00000000100034ac                cyw43_ll_wifi_set_wpa_auth
 .text.cyw43_ll_wifi_rejoin
                0x00000000100034d8       0x1c CMakeFiles/adc-picoW.dir/Users/loicpwlk/Documents/Code/Rpi-pico/pico-sdk/lib/cyw43-driver/src/cyw43_ll.c.obj
                0x00000000100034d8                cyw43_ll_wifi_rejoin
 .text.cyw43_ll_gpio_set
                0x00000000100034f4       0x6c CMakeFiles/adc-picoW.dir/Users/loicpwlk/Documents/Code/Rpi-pico/pico-sdk/lib/cyw43-driver/src/cyw43_ll.c.obj
                0x00000000100034f4                cyw43_ll_gpio_set
 .text.cyw43_ll_has_work
                0x0000000010003560       0x14 CMakeFiles/adc-picoW.dir/Users/loicpwlk/Documents/Code/Rpi-pico/pico-sdk/lib/cyw43-driver/src/cyw43_ll.c.obj
                0x0000000010003560                cyw43_ll_has_work
 .text.cyw43_poll_func
                0x0000000010003574       0xbc CMakeFiles/adc-picoW.dir/Users/loicpwlk/Documents/Code/Rpi-pico/pico-sdk/lib/cyw43-driver/src/cyw43_ctrl.c.obj
 .text.cyw43_init
                0x0000000010003630       0x70 CMakeFiles/adc-picoW.dir/Users/loicpwlk/Documents/Code/Rpi-pico/pico-sdk/lib/cyw43-driver/src/cyw43_ctrl.c.obj
                0x0000000010003630                cyw43_init
 .text.cyw43_deinit
                0x00000000100036a0       0x94 CMakeFiles/adc-picoW.dir/Users/loicpwlk/Documents/Code/Rpi-pico/pico-sdk/lib/cyw43-driver/src/cyw43_ctrl.c.obj
                0x00000000100036a0                cyw43_deinit
 .text.cyw43_cb_read_host_interrupt_pin
                0x0000000010003734        0xc CMakeFiles/adc-picoW.dir/Users/loicpwlk/Documents/Code/Rpi-pico/pico-sdk/lib/cyw43-driver/src/cyw43_ctrl.c.obj
                0x0000000010003734                cyw43_cb_read_host_interrupt_pin
 .text.cyw43_cb_ensure_awake
                0x0000000010003740        0xc CMakeFiles/adc-picoW.dir/Users/loicpwlk/Documents/Code/Rpi-pico/pico-sdk/lib/cyw43-driver/src/cyw43_ctrl.c.obj
                0x0000000010003740                cyw43_cb_ensure_awake
 .text.cyw43_cb_process_async_event
                0x000000001000374c      0x238 CMakeFiles/adc-picoW.dir/Users/loicpwlk/Documents/Code/Rpi-pico/pico-sdk/lib/cyw43-driver/src/cyw43_ctrl.c.obj
                0x000000001000374c                cyw43_cb_process_async_event
 .text.cyw43_gpio_set
                0x0000000010003984       0xa4 CMakeFiles/adc-picoW.dir/Users/loicpwlk/Documents/Code/Rpi-pico/pico-sdk/lib/cyw43-driver/src/cyw43_ctrl.c.obj
                0x0000000010003984                cyw43_gpio_set
 .text.pio_sm_unclaim
                0x0000000010003a28       0x20 CMakeFiles/adc-picoW.dir/Users/loicpwlk/Documents/Code/Rpi-pico/pico-sdk/src/rp2_common/hardware_pio/pio.c.obj
                0x0000000010003a28                pio_sm_unclaim
 .text.pio_claim_unused_sm
                0x0000000010003a48       0x3c CMakeFiles/adc-picoW.dir/Users/loicpwlk/Documents/Code/Rpi-pico/pico-sdk/src/rp2_common/hardware_pio/pio.c.obj
                0x0000000010003a48                pio_claim_unused_sm
 .text.pio_can_add_program
                0x0000000010003a84       0x68 CMakeFiles/adc-picoW.dir/Users/loicpwlk/Documents/Code/Rpi-pico/pico-sdk/src/rp2_common/hardware_pio/pio.c.obj
                0x0000000010003a84                pio_can_add_program
 .text.pio_add_program
                0x0000000010003aec       0xc8 CMakeFiles/adc-picoW.dir/Users/loicpwlk/Documents/Code/Rpi-pico/pico-sdk/src/rp2_common/hardware_pio/pio.c.obj
                0x0000000010003aec                pio_add_program
 .text.pio_remove_program
                0x0000000010003bb4       0x34 CMakeFiles/adc-picoW.dir/Users/loicpwlk/Documents/Code/Rpi-pico/pico-sdk/src/rp2_common/hardware_pio/pio.c.obj
                0x0000000010003bb4                pio_remove_program
 .text.pio_sm_set_pindirs_with_mask
                0x0000000010003be8       0xa4 CMakeFiles/adc-picoW.dir/Users/loicpwlk/Documents/Code/Rpi-pico/pico-sdk/src/rp2_common/hardware_pio/pio.c.obj
                0x0000000010003be8                pio_sm_set_pindirs_with_mask
 .text.pio_sm_set_consecutive_pindirs
                0x0000000010003c8c       0xb0 CMakeFiles/adc-picoW.dir/Users/loicpwlk/Documents/Code/Rpi-pico/pico-sdk/src/rp2_common/hardware_pio/pio.c.obj
                0x0000000010003c8c                pio_sm_set_consecutive_pindirs
 .text.gpio_set_function
                0x0000000010003d3c       0x30 CMakeFiles/adc-picoW.dir/Users/loicpwlk/Documents/Code/Rpi-pico/pico-sdk/src/rp2_common/hardware_gpio/gpio.c.obj
                0x0000000010003d3c                gpio_set_function
 .text.gpio_set_pulls
                0x0000000010003d6c       0x30 CMakeFiles/adc-picoW.dir/Users/loicpwlk/Documents/Code/Rpi-pico/pico-sdk/src/rp2_common/hardware_gpio/gpio.c.obj
                0x0000000010003d6c                gpio_set_pulls
 .text.gpio_set_input_hysteresis_enabled
                0x0000000010003d9c       0x28 CMakeFiles/adc-picoW.dir/Users/loicpwlk/Documents/Code/Rpi-pico/pico-sdk/src/rp2_common/hardware_gpio/gpio.c.obj
                0x0000000010003d9c                gpio_set_input_hysteresis_enabled
 .text.gpio_set_irq_enabled
                0x0000000010003dc4       0x54 CMakeFiles/adc-picoW.dir/Users/loicpwlk/Documents/Code/Rpi-pico/pico-sdk/src/rp2_common/hardware_gpio/gpio.c.obj
                0x0000000010003dc4                gpio_set_irq_enabled
 .text.gpio_add_raw_irq_handler_with_order_priority_masked
                0x0000000010003e18       0x44 CMakeFiles/adc-picoW.dir/Users/loicpwlk/Documents/Code/Rpi-pico/pico-sdk/src/rp2_common/hardware_gpio/gpio.c.obj
                0x0000000010003e18                gpio_add_raw_irq_handler_with_order_priority_masked
 .text.gpio_remove_raw_irq_handler_masked
                0x0000000010003e5c       0x20 CMakeFiles/adc-picoW.dir/Users/loicpwlk/Documents/Code/Rpi-pico/pico-sdk/src/rp2_common/hardware_gpio/gpio.c.obj
                0x0000000010003e5c                gpio_remove_raw_irq_handler_masked
 .text.gpio_set_input_enabled
                0x0000000010003e7c       0x28 CMakeFiles/adc-picoW.dir/Users/loicpwlk/Documents/Code/Rpi-pico/pico-sdk/src/rp2_common/hardware_gpio/gpio.c.obj
                0x0000000010003e7c                gpio_set_input_enabled
 .text.gpio_init
                0x0000000010003ea4       0x3c CMakeFiles/adc-picoW.dir/Users/loicpwlk/Documents/Code/Rpi-pico/pico-sdk/src/rp2_common/hardware_gpio/gpio.c.obj
                0x0000000010003ea4                gpio_init
 .text.irq_set_enabled
                0x0000000010003ee0       0x24 CMakeFiles/adc-picoW.dir/Users/loicpwlk/Documents/Code/Rpi-pico/pico-sdk/src/rp2_common/hardware_irq/irq.c.obj
                0x0000000010003ee0                irq_set_enabled
 .text.irq_set_pending
                0x0000000010003f04       0x10 CMakeFiles/adc-picoW.dir/Users/loicpwlk/Documents/Code/Rpi-pico/pico-sdk/src/rp2_common/hardware_irq/irq.c.obj
                0x0000000010003f04                irq_set_pending
 .text.irq_has_shared_handler
                0x0000000010003f14       0x2c CMakeFiles/adc-picoW.dir/Users/loicpwlk/Documents/Code/Rpi-pico/pico-sdk/src/rp2_common/hardware_irq/irq.c.obj
                0x0000000010003f14                irq_has_shared_handler
 .text.irq_get_vtable_handler
                0x0000000010003f40       0x10 CMakeFiles/adc-picoW.dir/Users/loicpwlk/Documents/Code/Rpi-pico/pico-sdk/src/rp2_common/hardware_irq/irq.c.obj
                0x0000000010003f40                irq_get_vtable_handler
 .text.irq_set_exclusive_handler
                0x0000000010003f50       0x54 CMakeFiles/adc-picoW.dir/Users/loicpwlk/Documents/Code/Rpi-pico/pico-sdk/src/rp2_common/hardware_irq/irq.c.obj
                0x0000000010003f50                irq_set_exclusive_handler
 .text.irq_add_shared_handler
                0x0000000010003fa4      0x1e8 CMakeFiles/adc-picoW.dir/Users/loicpwlk/Documents/Code/Rpi-pico/pico-sdk/src/rp2_common/hardware_irq/irq.c.obj
                0x0000000010003fa4                irq_add_shared_handler
 .text.irq_remove_handler
                0x000000001000418c      0x1b0 CMakeFiles/adc-picoW.dir/Users/loicpwlk/Documents/Code/Rpi-pico/pico-sdk/src/rp2_common/hardware_irq/irq.c.obj
                0x000000001000418c                irq_remove_handler
 .text.irq_set_priority
                0x000000001000433c       0x28 CMakeFiles/adc-picoW.dir/Users/loicpwlk/Documents/Code/Rpi-pico/pico-sdk/src/rp2_common/hardware_irq/irq.c.obj
                0x000000001000433c                irq_set_priority
 .text.irq_add_tail_to_free_list
                0x0000000010004364       0xb4 CMakeFiles/adc-picoW.dir/Users/loicpwlk/Documents/Code/Rpi-pico/pico-sdk/src/rp2_common/hardware_irq/irq.c.obj
                0x0000000010004364                irq_add_tail_to_free_list
 .text.irq_init_priorities
                0x0000000010004418       0x24 CMakeFiles/adc-picoW.dir/Users/loicpwlk/Documents/Code/Rpi-pico/pico-sdk/src/rp2_common/hardware_irq/irq.c.obj
                0x0000000010004418                irq_init_priorities
 .text.user_irq_unclaim
                0x000000001000443c       0x14 CMakeFiles/adc-picoW.dir/Users/loicpwlk/Documents/Code/Rpi-pico/pico-sdk/src/rp2_common/hardware_irq/irq.c.obj
                0x000000001000443c                user_irq_unclaim
 .text.user_irq_claim_unused
                0x0000000010004450       0x28 CMakeFiles/adc-picoW.dir/Users/loicpwlk/Documents/Code/Rpi-pico/pico-sdk/src/rp2_common/hardware_irq/irq.c.obj
                0x0000000010004450                user_irq_claim_unused
 .text.sem_init
                0x0000000010004478       0x20 CMakeFiles/adc-picoW.dir/Users/loicpwlk/Documents/Code/Rpi-pico/pico-sdk/src/common/pico_sync/sem.c.obj
                0x0000000010004478                sem_init
 .text.lock_init
                0x0000000010004498       0x10 CMakeFiles/adc-picoW.dir/Users/loicpwlk/Documents/Code/Rpi-pico/pico-sdk/src/common/pico_sync/lock_core.c.obj
                0x0000000010004498                lock_init
 .text.mutex_init
                0x00000000100044a8       0x1c CMakeFiles/adc-picoW.dir/Users/loicpwlk/Documents/Code/Rpi-pico/pico-sdk/src/common/pico_sync/mutex.c.obj
                0x00000000100044a8                mutex_init
 .text.recursive_mutex_init
                0x00000000100044c4       0x1c CMakeFiles/adc-picoW.dir/Users/loicpwlk/Documents/Code/Rpi-pico/pico-sdk/src/common/pico_sync/mutex.c.obj
                0x00000000100044c4                recursive_mutex_init
 .text.critical_section_init
                0x00000000100044e0       0x20 CMakeFiles/adc-picoW.dir/Users/loicpwlk/Documents/Code/Rpi-pico/pico-sdk/src/common/pico_sync/critical_section.c.obj
                0x00000000100044e0                critical_section_init
 .text.critical_section_init_with_lock_num
                0x0000000010004500       0x14 CMakeFiles/adc-picoW.dir/Users/loicpwlk/Documents/Code/Rpi-pico/pico-sdk/src/common/pico_sync/critical_section.c.obj
                0x0000000010004500                critical_section_init_with_lock_num
 .text.timer_pool_entry_comparator
                0x0000000010004514       0x34 CMakeFiles/adc-picoW.dir/Users/loicpwlk/Documents/Code/Rpi-pico/pico-sdk/src/common/pico_time/time.c.obj
                0x0000000010004514                timer_pool_entry_comparator
 .text.sleep_until_callback
                0x0000000010004548       0x30 CMakeFiles/adc-picoW.dir/Users/loicpwlk/Documents/Code/Rpi-pico/pico-sdk/src/common/pico_time/time.c.obj
 .text.add_alarm_under_lock.isra.0
                0x0000000010004578      0x100 CMakeFiles/adc-picoW.dir/Users/loicpwlk/Documents/Code/Rpi-pico/pico-sdk/src/common/pico_time/time.c.obj
 .text.alarm_pool_alarm_callback
                0x0000000010004678      0x1b8 CMakeFiles/adc-picoW.dir/Users/loicpwlk/Documents/Code/Rpi-pico/pico-sdk/src/common/pico_time/time.c.obj
 .text.alarm_pool_init_default
                0x0000000010004830       0x6c CMakeFiles/adc-picoW.dir/Users/loicpwlk/Documents/Code/Rpi-pico/pico-sdk/src/common/pico_time/time.c.obj
                0x0000000010004830                alarm_pool_init_default
 .text.alarm_pool_get_default
                0x000000001000489c        0x8 CMakeFiles/adc-picoW.dir/Users/loicpwlk/Documents/Code/Rpi-pico/pico-sdk/src/common/pico_time/time.c.obj
                0x000000001000489c                alarm_pool_get_default
 .text.alarm_pool_add_alarm_at
                0x00000000100048a4      0x17c CMakeFiles/adc-picoW.dir/Users/loicpwlk/Documents/Code/Rpi-pico/pico-sdk/src/common/pico_time/time.c.obj
                0x00000000100048a4                alarm_pool_add_alarm_at
 .text.alarm_pool_cancel_alarm
                0x0000000010004a20       0x74 CMakeFiles/adc-picoW.dir/Users/loicpwlk/Documents/Code/Rpi-pico/pico-sdk/src/common/pico_time/time.c.obj
                0x0000000010004a20                alarm_pool_cancel_alarm
 .text.alarm_pool_core_num
                0x0000000010004a94        0x4 CMakeFiles/adc-picoW.dir/Users/loicpwlk/Documents/Code/Rpi-pico/pico-sdk/src/common/pico_time/time.c.obj
                0x0000000010004a94                alarm_pool_core_num
 .text.sleep_until
                0x0000000010004a98       0xc4 CMakeFiles/adc-picoW.dir/Users/loicpwlk/Documents/Code/Rpi-pico/pico-sdk/src/common/pico_time/time.c.obj
                0x0000000010004a98                sleep_until
 .text.sleep_ms
                0x0000000010004b5c       0x34 CMakeFiles/adc-picoW.dir/Users/loicpwlk/Documents/Code/Rpi-pico/pico-sdk/src/common/pico_time/time.c.obj
                0x0000000010004b5c                sleep_ms
 .text.best_effort_wfe_or_timeout
                0x0000000010004b90       0x78 CMakeFiles/adc-picoW.dir/Users/loicpwlk/Documents/Code/Rpi-pico/pico-sdk/src/common/pico_time/time.c.obj
                0x0000000010004b90                best_effort_wfe_or_timeout
 .text.hardware_alarm_irq_handler
                0x0000000010004c08       0xbc CMakeFiles/adc-picoW.dir/Users/loicpwlk/Documents/Code/Rpi-pico/pico-sdk/src/rp2_common/hardware_timer/timer.c.obj
 .text.hardware_alarm_claim
                0x0000000010004cc4       0x18 CMakeFiles/adc-picoW.dir/Users/loicpwlk/Documents/Code/Rpi-pico/pico-sdk/src/rp2_common/hardware_timer/timer.c.obj
                0x0000000010004cc4                hardware_alarm_claim
 .text.time_us_64
                0x0000000010004cdc       0x14 CMakeFiles/adc-picoW.dir/Users/loicpwlk/Documents/Code/Rpi-pico/pico-sdk/src/rp2_common/hardware_timer/timer.c.obj
                0x0000000010004cdc                time_us_64
 .text.busy_wait_us
                0x0000000010004cf0       0x54 CMakeFiles/adc-picoW.dir/Users/loicpwlk/Documents/Code/Rpi-pico/pico-sdk/src/rp2_common/hardware_timer/timer.c.obj
                0x0000000010004cf0                busy_wait_us
 .text.busy_wait_until
                0x0000000010004d44       0x20 CMakeFiles/adc-picoW.dir/Users/loicpwlk/Documents/Code/Rpi-pico/pico-sdk/src/rp2_common/hardware_timer/timer.c.obj
                0x0000000010004d44                busy_wait_until
 .text.hardware_alarm_set_callback
                0x0000000010004d64       0x8c CMakeFiles/adc-picoW.dir/Users/loicpwlk/Documents/Code/Rpi-pico/pico-sdk/src/rp2_common/hardware_timer/timer.c.obj
                0x0000000010004d64                hardware_alarm_set_callback
 .text.hardware_alarm_set_target
                0x0000000010004df0       0xe0 CMakeFiles/adc-picoW.dir/Users/loicpwlk/Documents/Code/Rpi-pico/pico-sdk/src/rp2_common/hardware_timer/timer.c.obj
                0x0000000010004df0                hardware_alarm_set_target
 .text.hardware_alarm_cancel
                0x0000000010004ed0       0x3c CMakeFiles/adc-picoW.dir/Users/loicpwlk/Documents/Code/Rpi-pico/pico-sdk/src/rp2_common/hardware_timer/timer.c.obj
                0x0000000010004ed0                hardware_alarm_cancel
 .text.ph_merge_nodes
                0x0000000010004f0c       0x68 CMakeFiles/adc-picoW.dir/Users/loicpwlk/Documents/Code/Rpi-pico/pico-sdk/src/common/pico_util/pheap.c.obj
 .text.ph_post_alloc_init
                0x0000000010004f74       0x3c CMakeFiles/adc-picoW.dir/Users/loicpwlk/Documents/Code/Rpi-pico/pico-sdk/src/common/pico_util/pheap.c.obj
                0x0000000010004f74                ph_post_alloc_init
 .text.ph_merge_two_pass
                0x0000000010004fb0       0x90 CMakeFiles/adc-picoW.dir/Users/loicpwlk/Documents/Code/Rpi-pico/pico-sdk/src/common/pico_util/pheap.c.obj
                0x0000000010004fb0                ph_merge_two_pass
 .text.ph_remove_any_head
                0x0000000010005040      0x100 CMakeFiles/adc-picoW.dir/Users/loicpwlk/Documents/Code/Rpi-pico/pico-sdk/src/common/pico_util/pheap.c.obj
 .text.ph_remove_head
                0x0000000010005140      0x104 CMakeFiles/adc-picoW.dir/Users/loicpwlk/Documents/Code/Rpi-pico/pico-sdk/src/common/pico_util/pheap.c.obj
                0x0000000010005140                ph_remove_head
 .text.ph_remove_and_free_node
                0x0000000010005244       0x7c CMakeFiles/adc-picoW.dir/Users/loicpwlk/Documents/Code/Rpi-pico/pico-sdk/src/common/pico_util/pheap.c.obj
                0x0000000010005244                ph_remove_and_free_node
 .text.dma_channel_unclaim
                0x00000000100052c0       0x10 CMakeFiles/adc-picoW.dir/Users/loicpwlk/Documents/Code/Rpi-pico/pico-sdk/src/rp2_common/hardware_dma/dma.c.obj
                0x00000000100052c0                dma_channel_unclaim
 .text.dma_claim_unused_channel
                0x00000000100052d0       0x20 CMakeFiles/adc-picoW.dir/Users/loicpwlk/Documents/Code/Rpi-pico/pico-sdk/src/rp2_common/hardware_dma/dma.c.obj
                0x00000000100052d0                dma_claim_unused_channel
 .text.cyw43_sleep_timeout_reached
                0x00000000100052f0       0x10 CMakeFiles/adc-picoW.dir/Users/loicpwlk/Documents/Code/Rpi-pico/pico-sdk/src/rp2_common/pico_cyw43_driver/cyw43_driver.c.obj
 .text.cyw43_irq_init
                0x0000000010005300       0x28 CMakeFiles/adc-picoW.dir/Users/loicpwlk/Documents/Code/Rpi-pico/pico-sdk/src/rp2_common/pico_cyw43_driver/cyw43_driver.c.obj
                0x0000000010005300                cyw43_irq_init
 .text.cyw43_irq_deinit
                0x0000000010005328       0x20 CMakeFiles/adc-picoW.dir/Users/loicpwlk/Documents/Code/Rpi-pico/pico-sdk/src/rp2_common/pico_cyw43_driver/cyw43_driver.c.obj
                0x0000000010005328                cyw43_irq_deinit
 .text.cyw43_gpio_irq_handler
                0x0000000010005348       0x44 CMakeFiles/adc-picoW.dir/Users/loicpwlk/Documents/Code/Rpi-pico/pico-sdk/src/rp2_common/pico_cyw43_driver/cyw43_driver.c.obj
 .text.cyw43_do_poll
                0x000000001000538c       0x6c CMakeFiles/adc-picoW.dir/Users/loicpwlk/Documents/Code/Rpi-pico/pico-sdk/src/rp2_common/pico_cyw43_driver/cyw43_driver.c.obj
 .text.cyw43_post_poll_hook
                0x00000000100053f8       0x10 CMakeFiles/adc-picoW.dir/Users/loicpwlk/Documents/Code/Rpi-pico/pico-sdk/src/rp2_common/pico_cyw43_driver/cyw43_driver.c.obj
                0x00000000100053f8                cyw43_post_poll_hook
 .text.cyw43_schedule_internal_poll_dispatch
                0x0000000010005408       0x18 CMakeFiles/adc-picoW.dir/Users/loicpwlk/Documents/Code/Rpi-pico/pico-sdk/src/rp2_common/pico_cyw43_driver/cyw43_driver.c.obj
                0x0000000010005408                cyw43_schedule_internal_poll_dispatch
 .text.cyw43_driver_init
                0x0000000010005420       0x38 CMakeFiles/adc-picoW.dir/Users/loicpwlk/Documents/Code/Rpi-pico/pico-sdk/src/rp2_common/pico_cyw43_driver/cyw43_driver.c.obj
                0x0000000010005420                cyw43_driver_init
 .text.cyw43_driver_deinit
                0x0000000010005458       0x44 CMakeFiles/adc-picoW.dir/Users/loicpwlk/Documents/Code/Rpi-pico/pico-sdk/src/rp2_common/pico_cyw43_driver/cyw43_driver.c.obj
                0x0000000010005458                cyw43_driver_deinit
 .text.cyw43_hal_generate_laa_mac
                0x000000001000549c       0x28 CMakeFiles/adc-picoW.dir/Users/loicpwlk/Documents/Code/Rpi-pico/pico-sdk/src/rp2_common/pico_cyw43_driver/cyw43_driver.c.obj
                0x000000001000549c                cyw43_hal_generate_laa_mac
 .text.cyw43_thread_enter
                0x00000000100054c4       0x14 CMakeFiles/adc-picoW.dir/Users/loicpwlk/Documents/Code/Rpi-pico/pico-sdk/src/rp2_common/pico_cyw43_driver/cyw43_driver.c.obj
                0x00000000100054c4                cyw43_thread_enter
 .text.cyw43_thread_exit
                0x00000000100054d8       0x14 CMakeFiles/adc-picoW.dir/Users/loicpwlk/Documents/Code/Rpi-pico/pico-sdk/src/rp2_common/pico_cyw43_driver/cyw43_driver.c.obj
                0x00000000100054d8                cyw43_thread_exit
 .text.cyw43_await_background_or_timeout_us
                0x00000000100054ec       0x34 CMakeFiles/adc-picoW.dir/Users/loicpwlk/Documents/Code/Rpi-pico/pico-sdk/src/rp2_common/pico_cyw43_driver/cyw43_driver.c.obj
                0x00000000100054ec                cyw43_await_background_or_timeout_us
 .text.cyw43_delay_ms
                0x0000000010005520       0x44 CMakeFiles/adc-picoW.dir/Users/loicpwlk/Documents/Code/Rpi-pico/pico-sdk/src/rp2_common/pico_cyw43_driver/cyw43_driver.c.obj
                0x0000000010005520                cyw43_delay_ms
 .text.cyw43_cb_tcpip_deinit
                0x0000000010005564        0x4 CMakeFiles/adc-picoW.dir/Users/loicpwlk/Documents/Code/Rpi-pico/pico-sdk/src/rp2_common/pico_cyw43_driver/cyw43_driver.c.obj
                0x0000000010005564                cyw43_cb_tcpip_deinit
 .text.cyw43_cb_tcpip_set_link_up
                0x0000000010005568        0xc CMakeFiles/adc-picoW.dir/Users/loicpwlk/Documents/Code/Rpi-pico/pico-sdk/src/rp2_common/pico_cyw43_driver/cyw43_driver.c.obj
                0x0000000010005568                cyw43_cb_tcpip_set_link_up
 .text.cyw43_cb_tcpip_set_link_down
                0x0000000010005574        0xc CMakeFiles/adc-picoW.dir/Users/loicpwlk/Documents/Code/Rpi-pico/pico-sdk/src/rp2_common/pico_cyw43_driver/cyw43_driver.c.obj
                0x0000000010005574                cyw43_cb_tcpip_set_link_down
 .text.cyw43_cb_process_ethernet
                0x0000000010005580        0xc CMakeFiles/adc-picoW.dir/Users/loicpwlk/Documents/Code/Rpi-pico/pico-sdk/src/rp2_common/pico_cyw43_driver/cyw43_driver.c.obj
                0x0000000010005580                cyw43_cb_process_ethernet
 .text.async_context_threadsafe_background_acquire_lock_blocking
                0x000000001000558c        0xc CMakeFiles/adc-picoW.dir/Users/loicpwlk/Documents/Code/Rpi-pico/pico-sdk/src/rp2_common/pico_async_context/async_context_threadsafe_background.c.obj
 .text.alarm_handler
                0x0000000010005598       0x20 CMakeFiles/adc-picoW.dir/Users/loicpwlk/Documents/Code/Rpi-pico/pico-sdk/src/rp2_common/pico_async_context/async_context_threadsafe_background.c.obj
 .text.async_context_threadsafe_background_set_work_pending
                0x00000000100055b8       0x1c CMakeFiles/adc-picoW.dir/Users/loicpwlk/Documents/Code/Rpi-pico/pico-sdk/src/rp2_common/pico_async_context/async_context_threadsafe_background.c.obj
 .text.process_under_lock
                0x00000000100055d4       0xc8 CMakeFiles/adc-picoW.dir/Users/loicpwlk/Documents/Code/Rpi-pico/pico-sdk/src/rp2_common/pico_async_context/async_context_threadsafe_background.c.obj
 .text.async_context_threadsafe_background_execute_sync
                0x000000001000569c       0x30 CMakeFiles/adc-picoW.dir/Users/loicpwlk/Documents/Code/Rpi-pico/pico-sdk/src/rp2_common/pico_async_context/async_context_threadsafe_background.c.obj
                0x000000001000569c                async_context_threadsafe_background_execute_sync
 .text.async_context_threadsafe_background_deinit
                0x00000000100056cc       0x54 CMakeFiles/adc-picoW.dir/Users/loicpwlk/Documents/Code/Rpi-pico/pico-sdk/src/rp2_common/pico_async_context/async_context_threadsafe_background.c.obj
 .text.low_priority_irq_handler
                0x0000000010005720       0x3c CMakeFiles/adc-picoW.dir/Users/loicpwlk/Documents/Code/Rpi-pico/pico-sdk/src/rp2_common/pico_async_context/async_context_threadsafe_background.c.obj
 .text.async_context_threadsafe_background_wait_for_work_until
                0x000000001000575c        0xc CMakeFiles/adc-picoW.dir/Users/loicpwlk/Documents/Code/Rpi-pico/pico-sdk/src/rp2_common/pico_async_context/async_context_threadsafe_background.c.obj
 .text.async_context_threadsafe_background_wait_until
                0x0000000010005768       0x1c CMakeFiles/adc-picoW.dir/Users/loicpwlk/Documents/Code/Rpi-pico/pico-sdk/src/rp2_common/pico_async_context/async_context_threadsafe_background.c.obj
 .text.async_context_threadsafe_background_lock_check
                0x0000000010005784       0x28 CMakeFiles/adc-picoW.dir/Users/loicpwlk/Documents/Code/Rpi-pico/pico-sdk/src/rp2_common/pico_async_context/async_context_threadsafe_background.c.obj
 .text.async_context_threadsafe_background_release_lock
                0x00000000100057ac       0x1c CMakeFiles/adc-picoW.dir/Users/loicpwlk/Documents/Code/Rpi-pico/pico-sdk/src/rp2_common/pico_async_context/async_context_threadsafe_background.c.obj
 .text.async_context_threadsafe_background_when_pending_worker
                0x00000000100057c8       0x34 CMakeFiles/adc-picoW.dir/Users/loicpwlk/Documents/Code/Rpi-pico/pico-sdk/src/rp2_common/pico_async_context/async_context_threadsafe_background.c.obj
 .text.async_context_threadsafe_background_remove_at_time_worker
                0x00000000100057fc       0x34 CMakeFiles/adc-picoW.dir/Users/loicpwlk/Documents/Code/Rpi-pico/pico-sdk/src/rp2_common/pico_async_context/async_context_threadsafe_background.c.obj
 .text.async_context_threadsafe_background_add_when_pending_worker
                0x0000000010005830       0x34 CMakeFiles/adc-picoW.dir/Users/loicpwlk/Documents/Code/Rpi-pico/pico-sdk/src/rp2_common/pico_async_context/async_context_threadsafe_background.c.obj
 .text.async_context_threadsafe_background_add_at_time_worker
                0x0000000010005864       0x34 CMakeFiles/adc-picoW.dir/Users/loicpwlk/Documents/Code/Rpi-pico/pico-sdk/src/rp2_common/pico_async_context/async_context_threadsafe_background.c.obj
 .text.async_context_threadsafe_background_default_config
                0x0000000010005898        0xc CMakeFiles/adc-picoW.dir/Users/loicpwlk/Documents/Code/Rpi-pico/pico-sdk/src/rp2_common/pico_async_context/async_context_threadsafe_background.c.obj
                0x0000000010005898                async_context_threadsafe_background_default_config
 .text.async_context_threadsafe_background_init
                0x00000000100058a4       0x8c CMakeFiles/adc-picoW.dir/Users/loicpwlk/Documents/Code/Rpi-pico/pico-sdk/src/rp2_common/pico_async_context/async_context_threadsafe_background.c.obj
                0x00000000100058a4                async_context_threadsafe_background_init
 .text.async_context_base_add_at_time_worker
                0x0000000010005930       0x28 CMakeFiles/adc-picoW.dir/Users/loicpwlk/Documents/Code/Rpi-pico/pico-sdk/src/rp2_common/pico_async_context/async_context_base.c.obj
                0x0000000010005930                async_context_base_add_at_time_worker
 .text.async_context_base_remove_at_time_worker
                0x0000000010005958       0x28 CMakeFiles/adc-picoW.dir/Users/loicpwlk/Documents/Code/Rpi-pico/pico-sdk/src/rp2_common/pico_async_context/async_context_base.c.obj
                0x0000000010005958                async_context_base_remove_at_time_worker
 .text.async_context_base_add_when_pending_worker
                0x0000000010005980       0x24 CMakeFiles/adc-picoW.dir/Users/loicpwlk/Documents/Code/Rpi-pico/pico-sdk/src/rp2_common/pico_async_context/async_context_base.c.obj
                0x0000000010005980                async_context_base_add_when_pending_worker
 .text.async_context_base_remove_when_pending_worker
                0x00000000100059a4       0x28 CMakeFiles/adc-picoW.dir/Users/loicpwlk/Documents/Code/Rpi-pico/pico-sdk/src/rp2_common/pico_async_context/async_context_base.c.obj
                0x00000000100059a4                async_context_base_remove_when_pending_worker
 .text.async_context_base_execute_once
                0x00000000100059cc       0xe8 CMakeFiles/adc-picoW.dir/Users/loicpwlk/Documents/Code/Rpi-pico/pico-sdk/src/rp2_common/pico_async_context/async_context_base.c.obj
                0x00000000100059cc                async_context_base_execute_once
 .text.uart_init
                0x0000000010005ab4       0xe0 CMakeFiles/adc-picoW.dir/Users/loicpwlk/Documents/Code/Rpi-pico/pico-sdk/src/rp2_common/hardware_uart/uart.c.obj
                0x0000000010005ab4                uart_init
 .text.clocks_init
                0x0000000010005b94      0x2bc CMakeFiles/adc-picoW.dir/Users/loicpwlk/Documents/Code/Rpi-pico/pico-sdk/src/rp2_common/hardware_clocks/clocks.c.obj
                0x0000000010005b94                clocks_init
 .text.clock_get_hz
                0x0000000010005e50        0xc CMakeFiles/adc-picoW.dir/Users/loicpwlk/Documents/Code/Rpi-pico/pico-sdk/src/rp2_common/hardware_clocks/clocks.c.obj
                0x0000000010005e50                clock_get_hz
 .text.pll_init
                0x0000000010005e5c       0xb0 CMakeFiles/adc-picoW.dir/Users/loicpwlk/Documents/Code/Rpi-pico/pico-sdk/src/rp2_common/hardware_pll/pll.c.obj
                0x0000000010005e5c                pll_init
 .text.watchdog_start_tick
                0x0000000010005f0c       0x10 CMakeFiles/adc-picoW.dir/Users/loicpwlk/Documents/Code/Rpi-pico/pico-sdk/src/rp2_common/hardware_watchdog/watchdog.c.obj
                0x0000000010005f0c                watchdog_start_tick
 .text.watchdog_reboot
                0x0000000010005f1c       0x98 CMakeFiles/adc-picoW.dir/Users/loicpwlk/Documents/Code/Rpi-pico/pico-sdk/src/rp2_common/hardware_watchdog/watchdog.c.obj
                0x0000000010005f1c                watchdog_reboot
 .text.xosc_init
                0x0000000010005fb4       0x28 CMakeFiles/adc-picoW.dir/Users/loicpwlk/Documents/Code/Rpi-pico/pico-sdk/src/rp2_common/hardware_xosc/xosc.c.obj
                0x0000000010005fb4                xosc_init
 .text.runtime_init
                0x0000000010005fdc       0xf0 CMakeFiles/adc-picoW.dir/Users/loicpwlk/Documents/Code/Rpi-pico/pico-sdk/src/rp2_common/pico_runtime/runtime.c.obj
                0x0000000010005fdc                runtime_init
 .text._exit    0x00000000100060cc        0x4 CMakeFiles/adc-picoW.dir/Users/loicpwlk/Documents/Code/Rpi-pico/pico-sdk/src/rp2_common/pico_runtime/runtime.c.obj
                0x00000000100060cc                _exit
 .text.exit     0x00000000100060d0        0x8 CMakeFiles/adc-picoW.dir/Users/loicpwlk/Documents/Code/Rpi-pico/pico-sdk/src/rp2_common/pico_runtime/runtime.c.obj
                0x00000000100060d0                exit
 .text.panic    0x00000000100060d8       0x30 CMakeFiles/adc-picoW.dir/Users/loicpwlk/Documents/Code/Rpi-pico/pico-sdk/src/rp2_common/pico_runtime/runtime.c.obj
                0x00000000100060d8                panic
 .text.hard_assertion_failure
                0x0000000010006108        0xc CMakeFiles/adc-picoW.dir/Users/loicpwlk/Documents/Code/Rpi-pico/pico-sdk/src/rp2_common/pico_runtime/runtime.c.obj
                0x0000000010006108                hard_assertion_failure
 .text._out_null
                0x0000000010006114        0x4 CMakeFiles/adc-picoW.dir/Users/loicpwlk/Documents/Code/Rpi-pico/pico-sdk/src/rp2_common/pico_printf/printf.c.obj
 .text._out_rev
                0x0000000010006118       0x9c CMakeFiles/adc-picoW.dir/Users/loicpwlk/Documents/Code/Rpi-pico/pico-sdk/src/rp2_common/pico_printf/printf.c.obj
 .text._ntoa_format
                0x00000000100061b4      0x1cc CMakeFiles/adc-picoW.dir/Users/loicpwlk/Documents/Code/Rpi-pico/pico-sdk/src/rp2_common/pico_printf/printf.c.obj
 .text._out_char
                0x0000000010006380       0x10 CMakeFiles/adc-picoW.dir/Users/loicpwlk/Documents/Code/Rpi-pico/pico-sdk/src/rp2_common/pico_printf/printf.c.obj
 .text._out_fct
                0x0000000010006390       0x10 CMakeFiles/adc-picoW.dir/Users/loicpwlk/Documents/Code/Rpi-pico/pico-sdk/src/rp2_common/pico_printf/printf.c.obj
 .text._etoa    0x00000000100063a0      0x44c CMakeFiles/adc-picoW.dir/Users/loicpwlk/Documents/Code/Rpi-pico/pico-sdk/src/rp2_common/pico_printf/printf.c.obj
 .text._ftoa    0x00000000100067ec      0x398 CMakeFiles/adc-picoW.dir/Users/loicpwlk/Documents/Code/Rpi-pico/pico-sdk/src/rp2_common/pico_printf/printf.c.obj
 .text._vsnprintf
                0x0000000010006b84      0xb04 CMakeFiles/adc-picoW.dir/Users/loicpwlk/Documents/Code/Rpi-pico/pico-sdk/src/rp2_common/pico_printf/printf.c.obj
 .text.vfctprintf
                0x0000000010007688       0x20 CMakeFiles/adc-picoW.dir/Users/loicpwlk/Documents/Code/Rpi-pico/pico-sdk/src/rp2_common/pico_printf/printf.c.obj
                0x0000000010007688                vfctprintf
 .text.weak_raw_vprintf
                0x00000000100076a8       0x30 CMakeFiles/adc-picoW.dir/Users/loicpwlk/Documents/Code/Rpi-pico/pico-sdk/src/rp2_common/pico_printf/printf.c.obj
                0x00000000100076a8                weak_raw_vprintf
 .text          0x00000000100076d8       0x10 CMakeFiles/adc-picoW.dir/Users/loicpwlk/Documents/Code/Rpi-pico/pico-sdk/src/rp2_common/pico_bit_ops/bit_ops_aeabi.S.obj
 .text.ctzsi    0x00000000100076e8        0xc CMakeFiles/adc-picoW.dir/Users/loicpwlk/Documents/Code/Rpi-pico/pico-sdk/src/rp2_common/pico_bit_ops/bit_ops_aeabi.S.obj
                0x00000000100076e8                __wrap___ctzsi2
 .text.__wrap___aeabi_idiv
                0x00000000100076f4       0x50 CMakeFiles/adc-picoW.dir/Users/loicpwlk/Documents/Code/Rpi-pico/pico-sdk/src/rp2_common/pico_divider/divider.S.obj
                0x00000000100076f4                __wrap___aeabi_idivmod
                0x00000000100076f4                divmod_s32s32
                0x00000000100076f4                div_s32s32
                0x00000000100076f4                __wrap___aeabi_idiv
                0x00000000100076fc                divmod_s32s32_unsafe
                0x0000000010007728                divmod_s32s32_savestate
 .text.__wrap___aeabi_uidiv
                0x0000000010007744       0x4c CMakeFiles/adc-picoW.dir/Users/loicpwlk/Documents/Code/Rpi-pico/pico-sdk/src/rp2_common/pico_divider/divider.S.obj
                0x0000000010007744                __wrap___aeabi_uidiv
                0x0000000010007744                __wrap___aeabi_uidivmod
                0x0000000010007744                div_u32u32
                0x0000000010007744                divmod_u32u32
                0x000000001000774c                divmod_u32u32_unsafe
                0x0000000010007774                divmod_u32u32_savestate
 .text.__wrap___aeabi_ldiv
                0x0000000010007790      0x424 CMakeFiles/adc-picoW.dir/Users/loicpwlk/Documents/Code/Rpi-pico/pico-sdk/src/rp2_common/pico_divider/divider.S.obj
                0x0000000010007790                __wrap___aeabi_ldivmod
                0x0000000010007790                div_s64s64
                0x0000000010007790                divmod_s64s64
                0x00000000100077c0                divmod_u64u64
                0x00000000100077c0                div_u64u64
                0x00000000100077c0                __wrap___aeabi_uldivmod
                0x00000000100077d0                divmod_u64u64_savestate
                0x00000000100077f0                divmod_s64s64_unsafe
                0x0000000010007878                divmod_u64u64_unsafe
 .text.__wrap___aeabi_darithmetic
                0x0000000010007bb4       0x60 CMakeFiles/adc-picoW.dir/Users/loicpwlk/Documents/Code/Rpi-pico/pico-sdk/src/rp2_common/pico_double/double_aeabi.S.obj
                0x0000000010007bb4                __wrap___aeabi_drsub
                0x0000000010007bba                __wrap___aeabi_dsub
                0x0000000010007bc4                __wrap___aeabi_dadd
                0x0000000010007bce                __wrap___aeabi_ddiv
                0x0000000010007c02                __wrap___aeabi_dmul
 .text.__wrap___aeabi_cdcmple
                0x0000000010007c14       0x6c CMakeFiles/adc-picoW.dir/Users/loicpwlk/Documents/Code/Rpi-pico/pico-sdk/src/rp2_common/pico_double/double_aeabi.S.obj
                0x0000000010007c14                __wrap___aeabi_cdrcmple
                0x0000000010007c24                __wrap___aeabi_cdcmple
                0x0000000010007c24                __wrap___aeabi_cdcmpeq
 .text.__wrap___aeabi_dcmplt
                0x0000000010007c80        0xc CMakeFiles/adc-picoW.dir/Users/loicpwlk/Documents/Code/Rpi-pico/pico-sdk/src/rp2_common/pico_double/double_aeabi.S.obj
                0x0000000010007c80                __wrap___aeabi_dcmplt
 .text.__wrap___aeabi_dcmple
                0x0000000010007c8c       0x10 CMakeFiles/adc-picoW.dir/Users/loicpwlk/Documents/Code/Rpi-pico/pico-sdk/src/rp2_common/pico_double/double_aeabi.S.obj
                0x0000000010007c8c                __wrap___aeabi_dcmple
 .text.__wrap___aeabi_dcmpge
                0x0000000010007c9c       0x10 CMakeFiles/adc-picoW.dir/Users/loicpwlk/Documents/Code/Rpi-pico/pico-sdk/src/rp2_common/pico_double/double_aeabi.S.obj
                0x0000000010007c9c                __wrap___aeabi_dcmpge
 .text.__wrap___aeabi_dcmpgt
                0x0000000010007cac        0xa CMakeFiles/adc-picoW.dir/Users/loicpwlk/Documents/Code/Rpi-pico/pico-sdk/src/rp2_common/pico_double/double_aeabi.S.obj
                0x0000000010007cac                __wrap___aeabi_dcmpgt
 .text.__wrap___aeabi_dcmpun
                0x0000000010007cb6       0x1c CMakeFiles/adc-picoW.dir/Users/loicpwlk/Documents/Code/Rpi-pico/pico-sdk/src/rp2_common/pico_double/double_aeabi.S.obj
                0x0000000010007cb6                __wrap___aeabi_dcmpun
 *fill*         0x0000000010007cd2        0x2 
 .text.__wrap___aeabi_i2d
                0x0000000010007cd4       0x38 CMakeFiles/adc-picoW.dir/Users/loicpwlk/Documents/Code/Rpi-pico/pico-sdk/src/rp2_common/pico_double/double_aeabi.S.obj
                0x0000000010007cd4                __wrap___aeabi_ui2d
                0x0000000010007cdc                __wrap___aeabi_i2d
 .text.__wrap___aeabi_d2iz
                0x0000000010007d0c       0x48 CMakeFiles/adc-picoW.dir/Users/loicpwlk/Documents/Code/Rpi-pico/pico-sdk/src/rp2_common/pico_double/double_aeabi.S.obj
                0x0000000010007d0c                __wrap___aeabi_d2iz
                0x0000000010007d0c                double2int_z
 .text.__wrap___aeabi_d2uiz
                0x0000000010007d54       0x10 CMakeFiles/adc-picoW.dir/Users/loicpwlk/Documents/Code/Rpi-pico/pico-sdk/src/rp2_common/pico_double/double_aeabi.S.obj
                0x0000000010007d54                double2uint
                0x0000000010007d54                __wrap___aeabi_d2uiz
 .text.missing_double_func_shim
                0x0000000010007d64        0xc CMakeFiles/adc-picoW.dir/Users/loicpwlk/Documents/Code/Rpi-pico/pico-sdk/src/rp2_common/pico_double/double_init_rom.c.obj
 .text.__aeabi_double_init
                0x0000000010007d70       0x98 CMakeFiles/adc-picoW.dir/Users/loicpwlk/Documents/Code/Rpi-pico/pico-sdk/src/rp2_common/pico_double/double_init_rom.c.obj
                0x0000000010007d70                __aeabi_double_init
 .text.double_table_shim_on_use_helper
                0x0000000010007e08       0x2c CMakeFiles/adc-picoW.dir/Users/loicpwlk/Documents/Code/Rpi-pico/pico-sdk/src/rp2_common/pico_double/double_v1_rom_shim.S.obj
                0x0000000010007e08                double_table_shim_on_use_helper
 .text.__aeabi_lmul
                0x0000000010007e34       0x32 CMakeFiles/adc-picoW.dir/Users/loicpwlk/Documents/Code/Rpi-pico/pico-sdk/src/rp2_common/pico_int64_ops/pico_int64_ops_aeabi.S.obj
                0x0000000010007e34                __wrap___aeabi_lmul
 *fill*         0x0000000010007e66        0x2 
 .text.missing_float_func_shim
                0x0000000010007e68        0xc CMakeFiles/adc-picoW.dir/Users/loicpwlk/Documents/Code/Rpi-pico/pico-sdk/src/rp2_common/pico_float/float_init_rom.c.obj
 .text.__aeabi_float_init
                0x0000000010007e74       0x5c CMakeFiles/adc-picoW.dir/Users/loicpwlk/Documents/Code/Rpi-pico/pico-sdk/src/rp2_common/pico_float/float_init_rom.c.obj
                0x0000000010007e74                __aeabi_float_init
 .text          0x0000000010007ed0       0x10 CMakeFiles/adc-picoW.dir/Users/loicpwlk/Documents/Code/Rpi-pico/pico-sdk/src/rp2_common/pico_mem_ops/mem_ops_aeabi.S.obj
                0x0000000010007ed0                __aeabi_mem_init
 .text.memset   0x0000000010007ee0        0xc CMakeFiles/adc-picoW.dir/Users/loicpwlk/Documents/Code/Rpi-pico/pico-sdk/src/rp2_common/pico_mem_ops/mem_ops_aeabi.S.obj
                0x0000000010007ee0                __wrap_memset
 .text.memcpy   0x0000000010007eec        0xc CMakeFiles/adc-picoW.dir/Users/loicpwlk/Documents/Code/Rpi-pico/pico-sdk/src/rp2_common/pico_mem_ops/mem_ops_aeabi.S.obj
                0x0000000010007eec                __wrap___aeabi_memcpy
                0x0000000010007eec                __wrap_memcpy
 .text.stdio_out_chars_no_crlf
                0x0000000010007ef8       0x10 CMakeFiles/adc-picoW.dir/Users/loicpwlk/Documents/Code/Rpi-pico/pico-sdk/src/rp2_common/pico_stdio/stdio.c.obj
 .text.stdio_out_chars_crlf
                0x0000000010007f08       0xb4 CMakeFiles/adc-picoW.dir/Users/loicpwlk/Documents/Code/Rpi-pico/pico-sdk/src/rp2_common/pico_stdio/stdio.c.obj
 .text.stdio_buffered_printer
                0x0000000010007fbc       0x64 CMakeFiles/adc-picoW.dir/Users/loicpwlk/Documents/Code/Rpi-pico/pico-sdk/src/rp2_common/pico_stdio/stdio.c.obj
 .text.stdio_put_string.isra.0
                0x0000000010008020       0xfc CMakeFiles/adc-picoW.dir/Users/loicpwlk/Documents/Code/Rpi-pico/pico-sdk/src/rp2_common/pico_stdio/stdio.c.obj
 .text.__wrap_putchar
                0x000000001000811c       0x98 CMakeFiles/adc-picoW.dir/Users/loicpwlk/Documents/Code/Rpi-pico/pico-sdk/src/rp2_common/pico_stdio/stdio.c.obj
                0x000000001000811c                __wrap_putchar
 .text.__wrap_puts
                0x00000000100081b4       0x3c CMakeFiles/adc-picoW.dir/Users/loicpwlk/Documents/Code/Rpi-pico/pico-sdk/src/rp2_common/pico_stdio/stdio.c.obj
                0x00000000100081b4                __wrap_puts
 .text.stdio_set_driver_enabled
                0x00000000100081f0       0x30 CMakeFiles/adc-picoW.dir/Users/loicpwlk/Documents/Code/Rpi-pico/pico-sdk/src/rp2_common/pico_stdio/stdio.c.obj
                0x00000000100081f0                stdio_set_driver_enabled
 .text.__wrap_vprintf
                0x0000000010008220       0xd8 CMakeFiles/adc-picoW.dir/Users/loicpwlk/Documents/Code/Rpi-pico/pico-sdk/src/rp2_common/pico_stdio/stdio.c.obj
                0x0000000010008220                __wrap_vprintf
 .text.__wrap_printf
                0x00000000100082f8       0x18 CMakeFiles/adc-picoW.dir/Users/loicpwlk/Documents/Code/Rpi-pico/pico-sdk/src/rp2_common/pico_stdio/stdio.c.obj
                0x00000000100082f8                __wrap_printf
 .text.stdio_init_all
                0x0000000010008310       0x10 CMakeFiles/adc-picoW.dir/Users/loicpwlk/Documents/Code/Rpi-pico/pico-sdk/src/rp2_common/pico_stdio/stdio.c.obj
                0x0000000010008310                stdio_init_all
 .text.__wrap_getchar
                0x0000000010008320       0x74 CMakeFiles/adc-picoW.dir/Users/loicpwlk/Documents/Code/Rpi-pico/pico-sdk/src/rp2_common/pico_stdio/stdio.c.obj
                0x0000000010008320                __wrap_getchar
 .text.stdio_uart_out_chars
                0x0000000010008394       0x4c CMakeFiles/adc-picoW.dir/Users/loicpwlk/Documents/Code/Rpi-pico/pico-sdk/src/rp2_common/pico_stdio_uart/stdio_uart.c.obj
 .text.stdio_uart_in_chars
                0x00000000100083e0       0x84 CMakeFiles/adc-picoW.dir/Users/loicpwlk/Documents/Code/Rpi-pico/pico-sdk/src/rp2_common/pico_stdio_uart/stdio_uart.c.obj
                0x00000000100083e0                stdio_uart_in_chars
 .text.on_uart_rx
                0x0000000010008464       0x28 CMakeFiles/adc-picoW.dir/Users/loicpwlk/Documents/Code/Rpi-pico/pico-sdk/src/rp2_common/pico_stdio_uart/stdio_uart.c.obj
 .text.stdio_uart_set_chars_available_callback
                0x000000001000848c       0x8c CMakeFiles/adc-picoW.dir/Users/loicpwlk/Documents/Code/Rpi-pico/pico-sdk/src/rp2_common/pico_stdio_uart/stdio_uart.c.obj
 .text.stdio_uart_init
                0x0000000010008518       0x48 CMakeFiles/adc-picoW.dir/Users/loicpwlk/Documents/Code/Rpi-pico/pico-sdk/src/rp2_common/pico_stdio_uart/stdio_uart.c.obj
                0x0000000010008518                stdio_uart_init
 .text.resetd_init
                0x0000000010008560        0x4 CMakeFiles/adc-picoW.dir/Users/loicpwlk/Documents/Code/Rpi-pico/pico-sdk/src/rp2_common/pico_stdio_usb/reset_interface.c.obj
 .text.resetd_reset
                0x0000000010008564        0xc CMakeFiles/adc-picoW.dir/Users/loicpwlk/Documents/Code/Rpi-pico/pico-sdk/src/rp2_common/pico_stdio_usb/reset_interface.c.obj
 .text.resetd_open
                0x0000000010008570       0x28 CMakeFiles/adc-picoW.dir/Users/loicpwlk/Documents/Code/Rpi-pico/pico-sdk/src/rp2_common/pico_stdio_usb/reset_interface.c.obj
 .text.resetd_xfer_cb
                0x0000000010008598        0x4 CMakeFiles/adc-picoW.dir/Users/loicpwlk/Documents/Code/Rpi-pico/pico-sdk/src/rp2_common/pico_stdio_usb/reset_interface.c.obj
 .text.resetd_control_xfer_cb
                0x000000001000859c       0x64 CMakeFiles/adc-picoW.dir/Users/loicpwlk/Documents/Code/Rpi-pico/pico-sdk/src/rp2_common/pico_stdio_usb/reset_interface.c.obj
 .text.usbd_app_driver_get_cb
                0x0000000010008600        0xc CMakeFiles/adc-picoW.dir/Users/loicpwlk/Documents/Code/Rpi-pico/pico-sdk/src/rp2_common/pico_stdio_usb/reset_interface.c.obj
                0x0000000010008600                usbd_app_driver_get_cb
 .text.tud_cdc_line_coding_cb
                0x000000001000860c       0x34 CMakeFiles/adc-picoW.dir/Users/loicpwlk/Documents/Code/Rpi-pico/pico-sdk/src/rp2_common/pico_stdio_usb/reset_interface.c.obj
                0x000000001000860c                tud_cdc_line_coding_cb
 .text.stdio_usb_set_chars_available_callback
                0x0000000010008640       0x14 CMakeFiles/adc-picoW.dir/Users/loicpwlk/Documents/Code/Rpi-pico/pico-sdk/src/rp2_common/pico_stdio_usb/stdio_usb.c.obj
                0x0000000010008640                stdio_usb_set_chars_available_callback
 .text.usb_irq  0x0000000010008654       0x10 CMakeFiles/adc-picoW.dir/Users/loicpwlk/Documents/Code/Rpi-pico/pico-sdk/src/rp2_common/pico_stdio_usb/stdio_usb.c.obj
 .text.timer_task
                0x0000000010008664       0x54 CMakeFiles/adc-picoW.dir/Users/loicpwlk/Documents/Code/Rpi-pico/pico-sdk/src/rp2_common/pico_stdio_usb/stdio_usb.c.obj
 .text.stdio_usb_in_chars
                0x00000000100086b8       0x90 CMakeFiles/adc-picoW.dir/Users/loicpwlk/Documents/Code/Rpi-pico/pico-sdk/src/rp2_common/pico_stdio_usb/stdio_usb.c.obj
                0x00000000100086b8                stdio_usb_in_chars
 .text.stdio_usb_out_chars
                0x0000000010008748      0x100 CMakeFiles/adc-picoW.dir/Users/loicpwlk/Documents/Code/Rpi-pico/pico-sdk/src/rp2_common/pico_stdio_usb/stdio_usb.c.obj
 .text.low_priority_worker_irq
                0x0000000010008848       0xa8 CMakeFiles/adc-picoW.dir/Users/loicpwlk/Documents/Code/Rpi-pico/pico-sdk/src/rp2_common/pico_stdio_usb/stdio_usb.c.obj
 .text.tud_cdc_rx_cb
                0x00000000100088f0       0x20 CMakeFiles/adc-picoW.dir/Users/loicpwlk/Documents/Code/Rpi-pico/pico-sdk/src/rp2_common/pico_stdio_usb/stdio_usb.c.obj
                0x00000000100088f0                tud_cdc_rx_cb
 .text.stdio_usb_init
                0x0000000010008910       0xdc CMakeFiles/adc-picoW.dir/Users/loicpwlk/Documents/Code/Rpi-pico/pico-sdk/src/rp2_common/pico_stdio_usb/stdio_usb.c.obj
                0x0000000010008910                stdio_usb_init
 .text.tud_descriptor_device_cb
                0x00000000100089ec        0x8 CMakeFiles/adc-picoW.dir/Users/loicpwlk/Documents/Code/Rpi-pico/pico-sdk/src/rp2_common/pico_stdio_usb/stdio_usb_descriptors.c.obj
                0x00000000100089ec                tud_descriptor_device_cb
 .text.tud_descriptor_configuration_cb
                0x00000000100089f4        0x8 CMakeFiles/adc-picoW.dir/Users/loicpwlk/Documents/Code/Rpi-pico/pico-sdk/src/rp2_common/pico_stdio_usb/stdio_usb_descriptors.c.obj
                0x00000000100089f4                tud_descriptor_configuration_cb
 .text.tud_descriptor_string_cb
                0x00000000100089fc       0x74 CMakeFiles/adc-picoW.dir/Users/loicpwlk/Documents/Code/Rpi-pico/pico-sdk/src/rp2_common/pico_stdio_usb/stdio_usb_descriptors.c.obj
                0x00000000100089fc                tud_descriptor_string_cb
 .text.dcd_int_enable
                0x0000000010008a70        0xc CMakeFiles/adc-picoW.dir/Users/loicpwlk/Documents/Code/Rpi-pico/pico-sdk/lib/tinyusb/src/portable/raspberrypi/rp2040/dcd_rp2040.c.obj
                0x0000000010008a70                dcd_int_enable
 .text.dcd_set_address
                0x0000000010008a7c       0x14 CMakeFiles/adc-picoW.dir/Users/loicpwlk/Documents/Code/Rpi-pico/pico-sdk/lib/tinyusb/src/portable/raspberrypi/rp2040/dcd_rp2040.c.obj
                0x0000000010008a7c                dcd_set_address
 .text.dcd_connect
                0x0000000010008a90       0x10 CMakeFiles/adc-picoW.dir/Users/loicpwlk/Documents/Code/Rpi-pico/pico-sdk/lib/tinyusb/src/portable/raspberrypi/rp2040/dcd_rp2040.c.obj
                0x0000000010008a90                dcd_connect
 .text.dcd_init
                0x0000000010008aa0       0x98 CMakeFiles/adc-picoW.dir/Users/loicpwlk/Documents/Code/Rpi-pico/pico-sdk/lib/tinyusb/src/portable/raspberrypi/rp2040/dcd_rp2040.c.obj
                0x0000000010008aa0                dcd_init
 .text.dcd_edpt0_status_complete
                0x0000000010008b38       0x1c CMakeFiles/adc-picoW.dir/Users/loicpwlk/Documents/Code/Rpi-pico/pico-sdk/lib/tinyusb/src/portable/raspberrypi/rp2040/dcd_rp2040.c.obj
                0x0000000010008b38                dcd_edpt0_status_complete
 .text.dcd_edpt_open
                0x0000000010008b54      0x108 CMakeFiles/adc-picoW.dir/Users/loicpwlk/Documents/Code/Rpi-pico/pico-sdk/lib/tinyusb/src/portable/raspberrypi/rp2040/dcd_rp2040.c.obj
                0x0000000010008b54                dcd_edpt_open
 .text.dcd_edpt_close_all
                0x0000000010008c5c        0x8 CMakeFiles/adc-picoW.dir/Users/loicpwlk/Documents/Code/Rpi-pico/pico-sdk/lib/tinyusb/src/portable/raspberrypi/rp2040/dcd_rp2040.c.obj
                0x0000000010008c5c                dcd_edpt_close_all
 .text.dcd_edpt_xfer
                0x0000000010008c64       0x24 CMakeFiles/adc-picoW.dir/Users/loicpwlk/Documents/Code/Rpi-pico/pico-sdk/lib/tinyusb/src/portable/raspberrypi/rp2040/dcd_rp2040.c.obj
                0x0000000010008c64                dcd_edpt_xfer
 .text.dcd_edpt_stall
                0x0000000010008c88       0x38 CMakeFiles/adc-picoW.dir/Users/loicpwlk/Documents/Code/Rpi-pico/pico-sdk/lib/tinyusb/src/portable/raspberrypi/rp2040/dcd_rp2040.c.obj
                0x0000000010008c88                dcd_edpt_stall
 .text.dcd_edpt_clear_stall
                0x0000000010008cc0       0x30 CMakeFiles/adc-picoW.dir/Users/loicpwlk/Documents/Code/Rpi-pico/pico-sdk/lib/tinyusb/src/portable/raspberrypi/rp2040/dcd_rp2040.c.obj
                0x0000000010008cc0                dcd_edpt_clear_stall
 .text.rp2040_usb_init
                0x0000000010008cf0       0x4c CMakeFiles/adc-picoW.dir/Users/loicpwlk/Documents/Code/Rpi-pico/pico-sdk/lib/tinyusb/src/portable/raspberrypi/rp2040/rp2040_usb.c.obj
                0x0000000010008cf0                rp2040_usb_init
 .text.hw_endpoint_xfer_start
                0x0000000010008d3c       0x50 CMakeFiles/adc-picoW.dir/Users/loicpwlk/Documents/Code/Rpi-pico/pico-sdk/lib/tinyusb/src/portable/raspberrypi/rp2040/rp2040_usb.c.obj
                0x0000000010008d3c                hw_endpoint_xfer_start
 .text.tud_mounted
                0x0000000010008d8c       0x10 CMakeFiles/adc-picoW.dir/Users/loicpwlk/Documents/Code/Rpi-pico/pico-sdk/lib/tinyusb/src/device/usbd.c.obj
                0x0000000010008d8c                tud_mounted
 .text.tud_suspended
                0x0000000010008d9c       0x10 CMakeFiles/adc-picoW.dir/Users/loicpwlk/Documents/Code/Rpi-pico/pico-sdk/lib/tinyusb/src/device/usbd.c.obj
                0x0000000010008d9c                tud_suspended
 .text.tud_inited
                0x0000000010008dac       0x14 CMakeFiles/adc-picoW.dir/Users/loicpwlk/Documents/Code/Rpi-pico/pico-sdk/lib/tinyusb/src/device/usbd.c.obj
                0x0000000010008dac                tud_inited
 .text.tud_init
                0x0000000010008dc0       0xe4 CMakeFiles/adc-picoW.dir/Users/loicpwlk/Documents/Code/Rpi-pico/pico-sdk/lib/tinyusb/src/device/usbd.c.obj
                0x0000000010008dc0                tud_init
 .text.tud_task_ext
                0x0000000010008ea4      0x854 CMakeFiles/adc-picoW.dir/Users/loicpwlk/Documents/Code/Rpi-pico/pico-sdk/lib/tinyusb/src/device/usbd.c.obj
                0x0000000010008ea4                tud_task_ext
 .text.usbd_open_edpt_pair
                0x00000000100096f8       0x9c CMakeFiles/adc-picoW.dir/Users/loicpwlk/Documents/Code/Rpi-pico/pico-sdk/lib/tinyusb/src/device/usbd.c.obj
                0x00000000100096f8                usbd_open_edpt_pair
 .text.usbd_defer_func
                0x0000000010009794       0x48 CMakeFiles/adc-picoW.dir/Users/loicpwlk/Documents/Code/Rpi-pico/pico-sdk/lib/tinyusb/src/device/usbd.c.obj
                0x0000000010009794                usbd_defer_func
 .text.usbd_edpt_open
                0x00000000100097dc       0x34 CMakeFiles/adc-picoW.dir/Users/loicpwlk/Documents/Code/Rpi-pico/pico-sdk/lib/tinyusb/src/device/usbd.c.obj
                0x00000000100097dc                usbd_edpt_open
 .text.usbd_edpt_claim
                0x0000000010009810       0x28 CMakeFiles/adc-picoW.dir/Users/loicpwlk/Documents/Code/Rpi-pico/pico-sdk/lib/tinyusb/src/device/usbd.c.obj
                0x0000000010009810                usbd_edpt_claim
 .text.usbd_edpt_release
                0x0000000010009838       0x28 CMakeFiles/adc-picoW.dir/Users/loicpwlk/Documents/Code/Rpi-pico/pico-sdk/lib/tinyusb/src/device/usbd.c.obj
                0x0000000010009838                usbd_edpt_release
 .text.usbd_edpt_xfer
                0x0000000010009860       0x4c CMakeFiles/adc-picoW.dir/Users/loicpwlk/Documents/Code/Rpi-pico/pico-sdk/lib/tinyusb/src/device/usbd.c.obj
                0x0000000010009860                usbd_edpt_xfer
 .text.tud_control_status
                0x00000000100098ac       0x30 CMakeFiles/adc-picoW.dir/Users/loicpwlk/Documents/Code/Rpi-pico/pico-sdk/lib/tinyusb/src/device/usbd_control.c.obj
                0x00000000100098ac                tud_control_status
 .text.tud_control_xfer
                0x00000000100098dc       0xbc CMakeFiles/adc-picoW.dir/Users/loicpwlk/Documents/Code/Rpi-pico/pico-sdk/lib/tinyusb/src/device/usbd_control.c.obj
                0x00000000100098dc                tud_control_xfer
 .text.usbd_control_reset
                0x0000000010009998       0x14 CMakeFiles/adc-picoW.dir/Users/loicpwlk/Documents/Code/Rpi-pico/pico-sdk/lib/tinyusb/src/device/usbd_control.c.obj
                0x0000000010009998                usbd_control_reset
 .text.usbd_control_set_complete_callback
                0x00000000100099ac        0xc CMakeFiles/adc-picoW.dir/Users/loicpwlk/Documents/Code/Rpi-pico/pico-sdk/lib/tinyusb/src/device/usbd_control.c.obj
                0x00000000100099ac                usbd_control_set_complete_callback
 .text.usbd_control_set_request
                0x00000000100099b8       0x1c CMakeFiles/adc-picoW.dir/Users/loicpwlk/Documents/Code/Rpi-pico/pico-sdk/lib/tinyusb/src/device/usbd_control.c.obj
                0x00000000100099b8                usbd_control_set_request
 .text.usbd_control_xfer_cb
                0x00000000100099d4       0xfc CMakeFiles/adc-picoW.dir/Users/loicpwlk/Documents/Code/Rpi-pico/pico-sdk/lib/tinyusb/src/device/usbd_control.c.obj
                0x00000000100099d4                usbd_control_xfer_cb
 .text.tud_cdc_n_connected
                0x0000000010009ad0       0x30 CMakeFiles/adc-picoW.dir/Users/loicpwlk/Documents/Code/Rpi-pico/pico-sdk/lib/tinyusb/src/class/cdc/cdc_device.c.obj
                0x0000000010009ad0                tud_cdc_n_connected
 .text.tud_cdc_n_available
                0x0000000010009b00       0x18 CMakeFiles/adc-picoW.dir/Users/loicpwlk/Documents/Code/Rpi-pico/pico-sdk/lib/tinyusb/src/class/cdc/cdc_device.c.obj
                0x0000000010009b00                tud_cdc_n_available
 .text.tud_cdc_n_read
                0x0000000010009b18       0x70 CMakeFiles/adc-picoW.dir/Users/loicpwlk/Documents/Code/Rpi-pico/pico-sdk/lib/tinyusb/src/class/cdc/cdc_device.c.obj
                0x0000000010009b18                tud_cdc_n_read
 .text.tud_cdc_n_write_flush
                0x0000000010009b88       0x78 CMakeFiles/adc-picoW.dir/Users/loicpwlk/Documents/Code/Rpi-pico/pico-sdk/lib/tinyusb/src/class/cdc/cdc_device.c.obj
                0x0000000010009b88                tud_cdc_n_write_flush
 .text.tud_cdc_n_write
                0x0000000010009c00       0x34 CMakeFiles/adc-picoW.dir/Users/loicpwlk/Documents/Code/Rpi-pico/pico-sdk/lib/tinyusb/src/class/cdc/cdc_device.c.obj
                0x0000000010009c00                tud_cdc_n_write
 .text.tud_cdc_n_write_available
                0x0000000010009c34       0x18 CMakeFiles/adc-picoW.dir/Users/loicpwlk/Documents/Code/Rpi-pico/pico-sdk/lib/tinyusb/src/class/cdc/cdc_device.c.obj
                0x0000000010009c34                tud_cdc_n_write_available
 .text.cdcd_init
                0x0000000010009c4c       0x7c CMakeFiles/adc-picoW.dir/Users/loicpwlk/Documents/Code/Rpi-pico/pico-sdk/lib/tinyusb/src/class/cdc/cdc_device.c.obj
                0x0000000010009c4c                cdcd_init
 .text.cdcd_reset
                0x0000000010009cc8       0x2c CMakeFiles/adc-picoW.dir/Users/loicpwlk/Documents/Code/Rpi-pico/pico-sdk/lib/tinyusb/src/class/cdc/cdc_device.c.obj
                0x0000000010009cc8                cdcd_reset
 .text.cdcd_open
                0x0000000010009cf4       0xe8 CMakeFiles/adc-picoW.dir/Users/loicpwlk/Documents/Code/Rpi-pico/pico-sdk/lib/tinyusb/src/class/cdc/cdc_device.c.obj
                0x0000000010009cf4                cdcd_open
 .text.cdcd_control_xfer_cb
                0x0000000010009ddc       0xe4 CMakeFiles/adc-picoW.dir/Users/loicpwlk/Documents/Code/Rpi-pico/pico-sdk/lib/tinyusb/src/class/cdc/cdc_device.c.obj
                0x0000000010009ddc                cdcd_control_xfer_cb
 .text.cdcd_xfer_cb
                0x0000000010009ec0      0x148 CMakeFiles/adc-picoW.dir/Users/loicpwlk/Documents/Code/Rpi-pico/pico-sdk/lib/tinyusb/src/class/cdc/cdc_device.c.obj
                0x0000000010009ec0                cdcd_xfer_cb
 .text.tusb_init
                0x000000001000a008        0xc CMakeFiles/adc-picoW.dir/Users/loicpwlk/Documents/Code/Rpi-pico/pico-sdk/lib/tinyusb/src/tusb.c.obj
                0x000000001000a008                tusb_init
 .text.tusb_inited
                0x000000001000a014        0x8 CMakeFiles/adc-picoW.dir/Users/loicpwlk/Documents/Code/Rpi-pico/pico-sdk/lib/tinyusb/src/tusb.c.obj
                0x000000001000a014                tusb_inited
 .text.tu_edpt_claim
                0x000000001000a01c       0x50 CMakeFiles/adc-picoW.dir/Users/loicpwlk/Documents/Code/Rpi-pico/pico-sdk/lib/tinyusb/src/tusb.c.obj
                0x000000001000a01c                tu_edpt_claim
 .text.tu_edpt_release
                0x000000001000a06c       0x38 CMakeFiles/adc-picoW.dir/Users/loicpwlk/Documents/Code/Rpi-pico/pico-sdk/lib/tinyusb/src/tusb.c.obj
                0x000000001000a06c                tu_edpt_release
 .text.tu_edpt_validate
                0x000000001000a0a4       0x78 CMakeFiles/adc-picoW.dir/Users/loicpwlk/Documents/Code/Rpi-pico/pico-sdk/lib/tinyusb/src/tusb.c.obj
                0x000000001000a0a4                tu_edpt_validate
 .text.tu_edpt_bind_driver
                0x000000001000a11c       0x34 CMakeFiles/adc-picoW.dir/Users/loicpwlk/Documents/Code/Rpi-pico/pico-sdk/lib/tinyusb/src/tusb.c.obj
                0x000000001000a11c                tu_edpt_bind_driver
 .text.tu_fifo_config
                0x000000001000a150       0x70 CMakeFiles/adc-picoW.dir/Users/loicpwlk/Documents/Code/Rpi-pico/pico-sdk/lib/tinyusb/src/common/tusb_fifo.c.obj
                0x000000001000a150                tu_fifo_config
 .text.tu_fifo_count
                0x000000001000a1c0       0x2c CMakeFiles/adc-picoW.dir/Users/loicpwlk/Documents/Code/Rpi-pico/pico-sdk/lib/tinyusb/src/common/tusb_fifo.c.obj
                0x000000001000a1c0                tu_fifo_count
 .text.tu_fifo_empty
                0x000000001000a1ec       0x10 CMakeFiles/adc-picoW.dir/Users/loicpwlk/Documents/Code/Rpi-pico/pico-sdk/lib/tinyusb/src/common/tusb_fifo.c.obj
                0x000000001000a1ec                tu_fifo_empty
 .text.tu_fifo_remaining
                0x000000001000a1fc       0x2c CMakeFiles/adc-picoW.dir/Users/loicpwlk/Documents/Code/Rpi-pico/pico-sdk/lib/tinyusb/src/common/tusb_fifo.c.obj
                0x000000001000a1fc                tu_fifo_remaining
 .text.tu_fifo_read
                0x000000001000a228       0xa0 CMakeFiles/adc-picoW.dir/Users/loicpwlk/Documents/Code/Rpi-pico/pico-sdk/lib/tinyusb/src/common/tusb_fifo.c.obj
                0x000000001000a228                tu_fifo_read
 .text.tu_fifo_read_n
                0x000000001000a2c8       0xec CMakeFiles/adc-picoW.dir/Users/loicpwlk/Documents/Code/Rpi-pico/pico-sdk/lib/tinyusb/src/common/tusb_fifo.c.obj
                0x000000001000a2c8                tu_fifo_read_n
 .text.tu_fifo_write
                0x000000001000a3b4       0x88 CMakeFiles/adc-picoW.dir/Users/loicpwlk/Documents/Code/Rpi-pico/pico-sdk/lib/tinyusb/src/common/tusb_fifo.c.obj
                0x000000001000a3b4                tu_fifo_write
 .text.tu_fifo_write_n
                0x000000001000a43c      0x168 CMakeFiles/adc-picoW.dir/Users/loicpwlk/Documents/Code/Rpi-pico/pico-sdk/lib/tinyusb/src/common/tusb_fifo.c.obj
                0x000000001000a43c                tu_fifo_write_n
 .text.tu_fifo_clear
                0x000000001000a5a4       0x40 CMakeFiles/adc-picoW.dir/Users/loicpwlk/Documents/Code/Rpi-pico/pico-sdk/lib/tinyusb/src/common/tusb_fifo.c.obj
                0x000000001000a5a4                tu_fifo_clear
 .text.tu_fifo_set_overwritable
                0x000000001000a5e4       0x48 CMakeFiles/adc-picoW.dir/Users/loicpwlk/Documents/Code/Rpi-pico/pico-sdk/lib/tinyusb/src/common/tusb_fifo.c.obj
                0x000000001000a5e4                tu_fifo_set_overwritable
 .text.adc_init
                0x000000001000a62c       0x38 CMakeFiles/adc-picoW.dir/Users/loicpwlk/Documents/Code/Rpi-pico/pico-sdk/src/rp2_common/hardware_adc/adc.c.obj
                0x000000001000a62c                adc_init
 .text.strlen   0x000000001000a664       0x5c /opt/homebrew/Cellar/arm-none-eabi-gcc/10.3-2021.07/gcc/bin/../lib/gcc/arm-none-eabi/10.3.1/../../../../arm-none-eabi/lib/thumb/v6-m/nofp/libc.a(lib_a-strlen-stub.o)
                0x000000001000a664                strlen
 .text.strncmp  0x000000001000a6c0       0x74 /opt/homebrew/Cellar/arm-none-eabi-gcc/10.3-2021.07/gcc/bin/../lib/gcc/arm-none-eabi/10.3.1/../../../../arm-none-eabi/lib/thumb/v6-m/nofp/libc.a(lib_a-strncmp.o)
                0x000000001000a6c0                strncmp
 *(.fini)
 .fini          0x000000001000a734        0x4 /opt/homebrew/Cellar/arm-none-eabi-gcc/10.3-2021.07/gcc/bin/../lib/gcc/arm-none-eabi/10.3.1/thumb/v6-m/nofp/crti.o
                0x000000001000a734                _fini
 .fini.__stub   0x000000001000a738      0x130 linker stubs
 *crtbegin.o(.ctors)
 *crtbegin?.o(.ctors)
 *(EXCLUDE_FILE(*crtend.o *crtend?.o) .ctors)
 *(SORT_BY_NAME(.ctors.*))
 *(.ctors)
 *crtbegin.o(.dtors)
 *crtbegin?.o(.dtors)
 *(EXCLUDE_FILE(*crtend.o *crtend?.o) .dtors)
 *(SORT_BY_NAME(.dtors.*))
 *(.dtors)
 *(.eh_frame*)
 .eh_frame      0x000000001000a868        0x0 /opt/homebrew/Cellar/arm-none-eabi-gcc/10.3-2021.07/gcc/bin/../lib/gcc/arm-none-eabi/10.3.1/thumb/v6-m/nofp/crtbegin.o
                0x000000001000a868                . = ALIGN (0x4)

.glue_7         0x000000001000a868        0x0
 .glue_7        0x000000001000a868        0x0 linker stubs

.glue_7t        0x000000001000a868        0x0
 .glue_7t       0x000000001000a868        0x0 linker stubs

.vfp11_veneer   0x000000001000a868        0x0
 .vfp11_veneer  0x000000001000a868        0x0 linker stubs

.v4_bx          0x000000001000a868        0x0
 .v4_bx         0x000000001000a868        0x0 linker stubs

.iplt           0x000000001000a868        0x0
 .iplt          0x000000001000a868        0x0 /opt/homebrew/Cellar/arm-none-eabi-gcc/10.3-2021.07/gcc/bin/../lib/gcc/arm-none-eabi/10.3.1/thumb/v6-m/nofp/crtbegin.o

.rodata         0x000000001000a868    0x37e40
 *(EXCLUDE_FILE(*libm.a: *libc.a:*lib_a-mem*.o *libgcc.a:) .rodata*)
 .rodata.dma_capture.str1.4
                0x000000001000a868        0x5 CMakeFiles/adc-picoW.dir/main.c.obj
 *fill*         0x000000001000a86d        0x3 
 .rodata.main.str1.4
                0x000000001000a870       0x12 CMakeFiles/adc-picoW.dir/main.c.obj
 *fill*         0x000000001000a882        0x2 
 .rodata.spin_lock_claim_unused.str1.4
                0x000000001000a884       0x1b CMakeFiles/adc-picoW.dir/Users/loicpwlk/Documents/Code/Rpi-pico/pico-sdk/src/rp2_common/hardware_sync/sync.c.obj
 *fill*         0x000000001000a89f        0x1 
 .rodata.cyw43_read_bytes.str1.4
                0x000000001000a8a0       0x1a CMakeFiles/adc-picoW.dir/Users/loicpwlk/Documents/Code/Rpi-pico/pico-sdk/src/rp2_common/pico_cyw43_driver/cyw43_bus_pio_spi.c.obj
 .rodata.cyw43_write_bytes.str1.4
                0x000000001000a8ba       0x1a CMakeFiles/adc-picoW.dir/Users/loicpwlk/Documents/Code/Rpi-pico/pico-sdk/src/rp2_common/pico_cyw43_driver/cyw43_bus_pio_spi.c.obj
                                          0xd (size before relaxing)
 *fill*         0x000000001000a8ba        0x2 
 .rodata.spi_gap01_sample0_program
                0x000000001000a8bc        0x6 CMakeFiles/adc-picoW.dir/Users/loicpwlk/Documents/Code/Rpi-pico/pico-sdk/src/rp2_common/pico_cyw43_driver/cyw43_bus_pio_spi.c.obj
 *fill*         0x000000001000a8c2        0x2 
 .rodata.spi_gap01_sample0_program_instructions
                0x000000001000a8c4        0xc CMakeFiles/adc-picoW.dir/Users/loicpwlk/Documents/Code/Rpi-pico/pico-sdk/src/rp2_common/pico_cyw43_driver/cyw43_bus_pio_spi.c.obj
 .rodata.cyw43_kso_set.str1.4
                0x000000001000a8d0       0x23 CMakeFiles/adc-picoW.dir/Users/loicpwlk/Documents/Code/Rpi-pico/pico-sdk/lib/cyw43-driver/src/cyw43_ll.c.obj
 *fill*         0x000000001000a8f3        0x1 
 .rodata.cyw43_ll_sdpcm_poll_device.str1.4
                0x000000001000a8f4       0x55 CMakeFiles/adc-picoW.dir/Users/loicpwlk/Documents/Code/Rpi-pico/pico-sdk/lib/cyw43-driver/src/cyw43_ll.c.obj
 *fill*         0x000000001000a949        0x3 
 .rodata.cyw43_sdpcm_send_common.str1.4
                0x000000001000a94c       0x22 CMakeFiles/adc-picoW.dir/Users/loicpwlk/Documents/Code/Rpi-pico/pico-sdk/lib/cyw43-driver/src/cyw43_ll.c.obj
 *fill*         0x000000001000a96e        0x2 
 .rodata.cyw43_do_ioctl.str1.4
                0x000000001000a970       0x55 CMakeFiles/adc-picoW.dir/Users/loicpwlk/Documents/Code/Rpi-pico/pico-sdk/lib/cyw43-driver/src/cyw43_ll.c.obj
 *fill*         0x000000001000a9c5        0x3 
 .rodata.reset_device_core.constprop.0.str1.4
                0x000000001000a9c8       0x1a CMakeFiles/adc-picoW.dir/Users/loicpwlk/Documents/Code/Rpi-pico/pico-sdk/lib/cyw43-driver/src/cyw43_ll.c.obj
 *fill*         0x000000001000a9e2        0x2 
 .rodata.cyw43_ll_process_packets.str1.4
                0x000000001000a9e4       0x22 CMakeFiles/adc-picoW.dir/Users/loicpwlk/Documents/Code/Rpi-pico/pico-sdk/lib/cyw43-driver/src/cyw43_ll.c.obj
 *fill*         0x000000001000aa06        0x2 
 .rodata.cyw43_ll_bus_init.str1.4
                0x000000001000aa08       0xfe CMakeFiles/adc-picoW.dir/Users/loicpwlk/Documents/Code/Rpi-pico/pico-sdk/lib/cyw43-driver/src/cyw43_ll.c.obj
 *fill*         0x000000001000ab06        0x2 
 .rodata.cyw43_ll_gpio_set.str1.4
                0x000000001000ab08        0x8 CMakeFiles/adc-picoW.dir/Users/loicpwlk/Documents/Code/Rpi-pico/pico-sdk/lib/cyw43-driver/src/cyw43_ll.c.obj
 .rodata        0x000000001000ab10       0x72 CMakeFiles/adc-picoW.dir/Users/loicpwlk/Documents/Code/Rpi-pico/pico-sdk/lib/cyw43-driver/src/cyw43_ll.c.obj
 *fill*         0x000000001000ab82        0x2 
 .rodata.w43439A0_7_95_49_00_combined
                0x000000001000ab84    0x36fd8 CMakeFiles/adc-picoW.dir/Users/loicpwlk/Documents/Code/Rpi-pico/pico-sdk/lib/cyw43-driver/src/cyw43_ll.c.obj
 .rodata.wifi_nvram_4343
                0x0000000010041b5c      0x2e7 CMakeFiles/adc-picoW.dir/Users/loicpwlk/Documents/Code/Rpi-pico/pico-sdk/lib/cyw43-driver/src/cyw43_ll.c.obj
 *fill*         0x0000000010041e43        0x1 
 .rodata.cyw43_cb_process_async_event.str1.4
                0x0000000010041e44       0x28 CMakeFiles/adc-picoW.dir/Users/loicpwlk/Documents/Code/Rpi-pico/pico-sdk/lib/cyw43-driver/src/cyw43_ctrl.c.obj
 .rodata.str1.4
                0x0000000010041e6c       0x9e CMakeFiles/adc-picoW.dir/Users/loicpwlk/Documents/Code/Rpi-pico/pico-sdk/lib/cyw43-driver/src/cyw43_ctrl.c.obj
 *fill*         0x0000000010041f0a        0x2 
 .rodata.cyw43_async_event_name_table
                0x0000000010041f0c      0x164 CMakeFiles/adc-picoW.dir/Users/loicpwlk/Documents/Code/Rpi-pico/pico-sdk/lib/cyw43-driver/src/cyw43_ctrl.c.obj
 .rodata.pio_claim_unused_sm.str1.4
                0x0000000010042070       0x24 CMakeFiles/adc-picoW.dir/Users/loicpwlk/Documents/Code/Rpi-pico/pico-sdk/src/rp2_common/hardware_pio/pio.c.obj
 .rodata.pio_add_program.str1.4
                0x0000000010042094       0x11 CMakeFiles/adc-picoW.dir/Users/loicpwlk/Documents/Code/Rpi-pico/pico-sdk/src/rp2_common/hardware_pio/pio.c.obj
 *fill*         0x00000000100420a5        0x3 
 .rodata.user_irq_claim_unused.str1.4
                0x00000000100420a8       0x1b CMakeFiles/adc-picoW.dir/Users/loicpwlk/Documents/Code/Rpi-pico/pico-sdk/src/rp2_common/hardware_irq/irq.c.obj
 *fill*         0x00000000100420c3        0x5 
 .rodata.at_the_end_of_time
                0x00000000100420c8        0x8 CMakeFiles/adc-picoW.dir/Users/loicpwlk/Documents/Code/Rpi-pico/pico-sdk/src/common/pico_time/time.c.obj
                0x00000000100420c8                at_the_end_of_time
 .rodata.hardware_alarm_claim.str1.4
                0x00000000100420d0       0x22 CMakeFiles/adc-picoW.dir/Users/loicpwlk/Documents/Code/Rpi-pico/pico-sdk/src/rp2_common/hardware_timer/timer.c.obj
 *fill*         0x00000000100420f2        0x2 
 .rodata.dma_claim_unused_channel.str1.4
                0x00000000100420f4       0x1e CMakeFiles/adc-picoW.dir/Users/loicpwlk/Documents/Code/Rpi-pico/pico-sdk/src/rp2_common/hardware_dma/dma.c.obj
 *fill*         0x0000000010042112        0x2 
 .rodata.cyw43_cb_tcpip_set_link_up.str1.4
                0x0000000010042114       0x20 CMakeFiles/adc-picoW.dir/Users/loicpwlk/Documents/Code/Rpi-pico/pico-sdk/src/rp2_common/pico_cyw43_driver/cyw43_driver.c.obj
 .rodata.async_context_threadsafe_background_lock_check.str1.4
                0x0000000010042134       0x20 CMakeFiles/adc-picoW.dir/Users/loicpwlk/Documents/Code/Rpi-pico/pico-sdk/src/rp2_common/pico_async_context/async_context_threadsafe_background.c.obj
 .rodata.template
                0x0000000010042154       0x38 CMakeFiles/adc-picoW.dir/Users/loicpwlk/Documents/Code/Rpi-pico/pico-sdk/src/rp2_common/pico_async_context/async_context_threadsafe_background.c.obj
 .rodata.panic.str1.4
                0x000000001004218c       0x10 CMakeFiles/adc-picoW.dir/Users/loicpwlk/Documents/Code/Rpi-pico/pico-sdk/src/rp2_common/pico_runtime/runtime.c.obj
                                         0x12 (size before relaxing)
 .rodata.hard_assertion_failure.str1.4
                0x000000001004219c        0xc CMakeFiles/adc-picoW.dir/Users/loicpwlk/Documents/Code/Rpi-pico/pico-sdk/src/rp2_common/pico_runtime/runtime.c.obj
 .rodata._ftoa.str1.4
                0x00000000100421a8       0x15 CMakeFiles/adc-picoW.dir/Users/loicpwlk/Documents/Code/Rpi-pico/pico-sdk/src/rp2_common/pico_printf/printf.c.obj
 *fill*         0x00000000100421bd        0x3 
 .rodata._vsnprintf
                0x00000000100421c0      0x1e0 CMakeFiles/adc-picoW.dir/Users/loicpwlk/Documents/Code/Rpi-pico/pico-sdk/src/rp2_common/pico_printf/printf.c.obj
 .rodata.pow10.0
                0x00000000100423a0       0x50 CMakeFiles/adc-picoW.dir/Users/loicpwlk/Documents/Code/Rpi-pico/pico-sdk/src/rp2_common/pico_printf/printf.c.obj
 .rodata.missing_double_func_shim.str1.4
                0x00000000100423f0       0x18 CMakeFiles/adc-picoW.dir/Users/loicpwlk/Documents/Code/Rpi-pico/pico-sdk/src/rp2_common/pico_double/double_init_rom.c.obj
 .rodata.missing_float_func_shim.str1.4
                0x0000000010042408       0x18 CMakeFiles/adc-picoW.dir/Users/loicpwlk/Documents/Code/Rpi-pico/pico-sdk/src/rp2_common/pico_float/float_init_rom.c.obj
                                          0x1 (size before relaxing)
 .rodata.str1.4
                0x0000000010042408       0x44 CMakeFiles/adc-picoW.dir/Users/loicpwlk/Documents/Code/Rpi-pico/pico-sdk/src/rp2_common/pico_standard_link/binary_info.c.obj
 .rodata.__bi_44
                0x000000001004244c        0xc CMakeFiles/adc-picoW.dir/Users/loicpwlk/Documents/Code/Rpi-pico/pico-sdk/src/rp2_common/pico_standard_link/binary_info.c.obj
 .rodata.__bi_56
                0x0000000010042458        0xc CMakeFiles/adc-picoW.dir/Users/loicpwlk/Documents/Code/Rpi-pico/pico-sdk/src/rp2_common/pico_standard_link/binary_info.c.obj
 .rodata.__bi_75
                0x0000000010042464        0xc CMakeFiles/adc-picoW.dir/Users/loicpwlk/Documents/Code/Rpi-pico/pico-sdk/src/rp2_common/pico_standard_link/binary_info.c.obj
 .rodata.__bi_81
                0x0000000010042470        0xc CMakeFiles/adc-picoW.dir/Users/loicpwlk/Documents/Code/Rpi-pico/pico-sdk/src/rp2_common/pico_standard_link/binary_info.c.obj
 .rodata.crlf_str.0
                0x000000001004247c        0x2 CMakeFiles/adc-picoW.dir/Users/loicpwlk/Documents/Code/Rpi-pico/pico-sdk/src/rp2_common/pico_stdio/stdio.c.obj
 *fill*         0x000000001004247e        0x2 
 .rodata.str1.4
                0x0000000010042480       0x2c CMakeFiles/adc-picoW.dir/Users/loicpwlk/Documents/Code/Rpi-pico/pico-sdk/src/rp2_common/pico_stdio_uart/stdio_uart.c.obj
 .rodata.__bi_33.4
                0x00000000100424ac        0xc CMakeFiles/adc-picoW.dir/Users/loicpwlk/Documents/Code/Rpi-pico/pico-sdk/src/rp2_common/pico_stdio_uart/stdio_uart.c.obj
 .rodata.__bi_34.5
                0x00000000100424b8        0x8 CMakeFiles/adc-picoW.dir/Users/loicpwlk/Documents/Code/Rpi-pico/pico-sdk/src/rp2_common/pico_stdio_uart/stdio_uart.c.obj
 .rodata._resetd_driver
                0x00000000100424c0       0x18 CMakeFiles/adc-picoW.dir/Users/loicpwlk/Documents/Code/Rpi-pico/pico-sdk/src/rp2_common/pico_stdio_usb/reset_interface.c.obj
 .rodata.str1.4
                0x00000000100424d8       0x13 CMakeFiles/adc-picoW.dir/Users/loicpwlk/Documents/Code/Rpi-pico/pico-sdk/src/rp2_common/pico_stdio_usb/stdio_usb.c.obj
 *fill*         0x00000000100424eb        0x1 
 .rodata.__bi_188.0
                0x00000000100424ec        0xc CMakeFiles/adc-picoW.dir/Users/loicpwlk/Documents/Code/Rpi-pico/pico-sdk/src/rp2_common/pico_stdio_usb/stdio_usb.c.obj
 .rodata.str1.4
                0x00000000100424f8       0x2a CMakeFiles/adc-picoW.dir/Users/loicpwlk/Documents/Code/Rpi-pico/pico-sdk/src/rp2_common/pico_stdio_usb/stdio_usb_descriptors.c.obj
 *fill*         0x0000000010042522        0x2 
 .rodata.usbd_desc_cfg